******************************************************************************
                  TI ARM Linker PC v20.2.7                     
******************************************************************************
>> Linked Mon Dec  2 18:39:03 2024

OUTPUT FILE NAME:   <adc_reader.out>
ENTRY POINT SYMBOL: "_c_int00_noargs"  address: 0000089d


MEMORY CONFIGURATION

         name            origin    length      used     unused   attr    fill
----------------------  --------  ---------  --------  --------  ----  --------
  FLASH                 00000000   00040000  00000a68  0003f598  R  X
  SRAM                  20000000   00008000  00000218  00007de8  RW X


SEGMENT ALLOCATION MAP

run origin  load origin   length   init length attrs members
----------  ----------- ---------- ----------- ----- -------
00000000    00000000    00000a6c   00000a6c    r-x
  00000000    00000000    0000026c   0000026c    r-- .intvecs
  0000026c    0000026c    0000077c   0000077c    r-x .text
  000009e8    000009e8    0000006c   0000006c    r-- .const
  00000a58    00000a58    00000014   00000014    r-- .cinit
20000000    20000000    00000218   00000000    rw-
  20000000    20000000    00000200   00000000    rw- .stack
  20000200    20000200    00000018   00000000    rw- .bss


SECTION ALLOCATION MAP

 output                                  attributes/
section   page    origin      length       input sections
--------  ----  ----------  ----------   ----------------
.intvecs   0    00000000    0000026c     
                  00000000    0000026c     tm4c123gh6pm_startup_ccs.obj (.intvecs)

.text      0    0000026c    0000077c     
                  0000026c    00000124     main.obj (.text)
                  00000390    00000104     driverlib.lib : sysctl.obj (.text:SysCtlClockSet)
                  00000494    000000fc     rtsv7M4_T_le_v4SPD16_eabi.lib : fd_mul_t2.asm.obj (.text)
                  00000590    000000c4     driverlib.lib : sysctl.obj (.text:SysCtlClockGet)
                  00000654    000000b8                   : gpio.obj (.text:GPIOPadConfigSet)
                  0000070c    00000070                   : adc.obj (.text:ADCSequenceStepConfigure)
                  0000077c    0000006e     rtsv7M4_T_le_v4SPD16_eabi.lib : fd_tos_t2.asm.obj (.text)
                  000007ea    00000002     --HOLE-- [fill = 0]
                  000007ec    00000044                                   : autoinit.c.obj (.text:__TI_auto_init_nobinit_nopinit:__TI_auto_init_nobinit_nopinit)
                  00000830    00000038                                   : fs_tod_t2.asm.obj (.text)
                  00000868    00000034     driverlib.lib : sysctl.obj (.text:SysCtlPeripheralEnable)
                  0000089c    00000034     rtsv7M4_T_le_v4SPD16_eabi.lib : boot_cortex_m.c.obj (.text:_c_int00_noargs:_c_int00_noargs)
                  000008d0    0000002e     driverlib.lib : adc.obj (.text:ADCIntStatus)
                  000008fe    0000002c                   : adc.obj (.text:ADCSequenceConfigure)
                  0000092a    0000002a                   : gpio.obj (.text:GPIODirModeSet)
                  00000954    0000001e                   : adc.obj (.text:ADCSequenceDataGet)
                  00000972    0000001c     rtsv7M4_T_le_v4SPD16_eabi.lib : copy_zero_init.c.obj (.text:decompress:ZI:__TI_zero_init_nomemset:__TI_zero_init_nomemset)
                  0000098e    00000016     driverlib.lib : adc.obj (.text:ADCProcessorTrigger)
                  000009a4    00000012                   : gpio.obj (.text:GPIOPinTypeADC)
                  000009b6    0000000e                   : adc.obj (.text:ADCSequenceEnable)
                  000009c4    0000000c     tm4c123gh6pm_startup_ccs.obj (.text)
                  000009d0    0000000a     driverlib.lib : adc.obj (.text:ADCIntClear)
                  000009da    00000006                   : sysctl.obj (.text:SysCtlDelay)
                  000009e0    00000004     rtsv7M4_T_le_v4SPD16_eabi.lib : pre_init.c.obj (.text:_system_pre_init)
                  000009e4    00000004                                   : exit.c.obj (.text:abort:abort)

.const     0    000009e8    0000006c     
                  000009e8    0000006c     driverlib.lib : sysctl.obj (.const:g_pui32Xtals)

.cinit     0    00000a58    00000014     
                  00000a58    00000008     (.cinit..bss.load) [load image, compression = zero_init]
                  00000a60    00000004     (__TI_handler_table)
                  00000a64    00000008     (__TI_cinit_table)

.init_array 
*          0    00000000    00000000     UNINITIALIZED

.bss       0    20000200    00000018     UNINITIALIZED
                  20000200    00000010     (.common:ui32ADC0Value)
                  20000210    00000004     (.common:ui32DigitalValue)
                  20000214    00000004     (.common:ui32Voltage)

.stack     0    20000000    00000200     UNINITIALIZED
                  20000000    00000004     rtsv7M4_T_le_v4SPD16_eabi.lib : boot_cortex_m.c.obj (.stack)
                  20000004    000001fc     --HOLE--

__llvm_prf_cnts 
*          0    20000000    00000000     UNINITIALIZED

MODULE SUMMARY

       Module                         code   ro data   rw data
       ------                         ----   -------   -------
    .\
       tm4c123gh6pm_startup_ccs.obj   12     620       0      
       main.obj                       292    0         24     
    +--+------------------------------+------+---------+---------+
       Total:                         304    620       24     
                                                              
    C:/ti/TivaWare_C_Series-1.1/driverlib/ccs/Debug/driverlib.lib
       sysctl.obj                     514    108       0      
       adc.obj                        278    0         0      
       gpio.obj                       244    0         0      
    +--+------------------------------+------+---------+---------+
       Total:                         1036   108       0      
                                                              
    C:\ti\ccs1250\ccs\tools\compiler\ti-cgt-arm_20.2.7.LTS\lib\rtsv7M4_T_le_v4SPD16_eabi.lib
       fd_mul_t2.asm.obj              252    0         0      
       fd_tos_t2.asm.obj              110    0         0      
       autoinit.c.obj                 68     0         0      
       fs_tod_t2.asm.obj              56     0         0      
       boot_cortex_m.c.obj            52     0         0      
       copy_zero_init.c.obj           28     0         0      
       exit.c.obj                     4      0         0      
       pre_init.c.obj                 4      0         0      
    +--+------------------------------+------+---------+---------+
       Total:                         574    0         0      
                                                              
       Stack:                         0      0         512    
       Linker Generated:              0      20        0      
    +--+------------------------------+------+---------+---------+
       Grand Total:                   1914   748       536    


LINKER GENERATED COPY TABLES

__TI_cinit_table @ 00000a64 records: 1, size/record: 8, table size: 8
	.bss: load addr=00000a58, load size=00000008 bytes, run addr=20000200, run size=00000018 bytes, compression=zero_init


LINKER GENERATED HANDLER TABLE

__TI_handler_table @ 00000a60 records: 1, size/record: 4, table size: 4
	index: 0, handler: __TI_zero_init


GLOBAL SYMBOLS: SORTED ALPHABETICALLY BY Name 

address   name                          
-------   ----                          
000009d1  ADCIntClear                   
000008d1  ADCIntStatus                  
0000098f  ADCProcessorTrigger           
000008ff  ADCSequenceConfigure          
00000955  ADCSequenceDataGet            
000009b7  ADCSequenceEnable             
0000070d  ADCSequenceStepConfigure      
000009e5  C$$EXIT                       
0000092b  GPIODirModeSet                
00000655  GPIOPadConfigSet              
000009a5  GPIOPinTypeADC                
000009c5  ResetISR                      
00000591  SysCtlClockGet                
00000391  SysCtlClockSet                
000009db  SysCtlDelay                   
00000869  SysCtlPeripheralEnable        
20000200  __STACK_END                   
00000200  __STACK_SIZE                  
20000200  __STACK_TOP                   
00000a64  __TI_CINIT_Base               
00000a6c  __TI_CINIT_Limit              
00000a60  __TI_Handler_Table_Base       
00000a64  __TI_Handler_Table_Limit      
000007ed  __TI_auto_init_nobinit_nopinit
ffffffff  __TI_pprof_out_hndl           
ffffffff  __TI_prof_data_size           
ffffffff  __TI_prof_data_start          
00000000  __TI_static_base__            
00000973  __TI_zero_init_nomemset       
0000077d  __aeabi_d2f                   
00000495  __aeabi_dmul                  
00000831  __aeabi_f2d                   
ffffffff  __binit__                     
ffffffff  __c_args__                    
UNDEFED   __mpu_init                    
20000000  __stack                       
20000000  __start___llvm_prf_cnts       
20000000  __stop___llvm_prf_cnts        
0000089d  _c_int00_noargs               
UNDEFED   _system_post_cinit            
000009e1  _system_pre_init              
000009e5  abort                         
ffffffff  binit                         
00000000  g_pfnVectors                  
0000026d  main                          
20000200  ui32ADC0Value                 
20000210  ui32DigitalValue              
20000214  ui32Voltage                   


GLOBAL SYMBOLS: SORTED BY Symbol Address 

address   name                          
-------   ----                          
00000000  __TI_static_base__            
00000000  g_pfnVectors                  
00000200  __STACK_SIZE                  
0000026d  main                          
00000391  SysCtlClockSet                
00000495  __aeabi_dmul                  
00000591  SysCtlClockGet                
00000655  GPIOPadConfigSet              
0000070d  ADCSequenceStepConfigure      
0000077d  __aeabi_d2f                   
000007ed  __TI_auto_init_nobinit_nopinit
00000831  __aeabi_f2d                   
00000869  SysCtlPeripheralEnable        
0000089d  _c_int00_noargs               
000008d1  ADCIntStatus                  
000008ff  ADCSequenceConfigure          
0000092b  GPIODirModeSet                
00000955  ADCSequenceDataGet            
00000973  __TI_zero_init_nomemset       
0000098f  ADCProcessorTrigger           
000009a5  GPIOPinTypeADC                
000009b7  ADCSequenceEnable             
000009c5  ResetISR                      
000009d1  ADCIntClear                   
000009db  SysCtlDelay                   
000009e1  _system_pre_init              
000009e5  C$$EXIT                       
000009e5  abort                         
00000a60  __TI_Handler_Table_Base       
00000a64  __TI_CINIT_Base               
00000a64  __TI_Handler_Table_Limit      
00000a6c  __TI_CINIT_Limit              
20000000  __stack                       
20000000  __start___llvm_prf_cnts       
20000000  __stop___llvm_prf_cnts        
20000200  __STACK_END                   
20000200  __STACK_TOP                   
20000200  ui32ADC0Value                 
20000210  ui32DigitalValue              
20000214  ui32Voltage                   
ffffffff  __TI_pprof_out_hndl           
ffffffff  __TI_prof_data_size           
ffffffff  __TI_prof_data_start          
ffffffff  __binit__                     
ffffffff  __c_args__                    
ffffffff  binit                         
UNDEFED   __mpu_init                    
UNDEFED   _system_post_cinit            

[48 symbols]
