******************************************************************************
                  TI ARM Linker PC v20.2.7                     
******************************************************************************
>> Linked Mon Dec  2 19:11:47 2024

OUTPUT FILE NAME:   <adc_reader_timer_int.out>
ENTRY POINT SYMBOL: "_c_int00_noargs"  address: 0000094d


MEMORY CONFIGURATION

         name            origin    length      used     unused   attr    fill
----------------------  --------  ---------  --------  --------  ----  --------
  FLASH                 00000000   00040000  00000bfa  0003f406  R  X
  SRAM                  20000000   00008000  00000218  00007de8  RW X


SEGMENT ALLOCATION MAP

run origin  load origin   length   init length attrs members
----------  ----------- ---------- ----------- ----- -------
00000000    00000000    00000bfc   00000bfc    r-x
  00000000    00000000    0000026c   0000026c    r-- .intvecs
  0000026c    0000026c    0000089e   0000089e    r-x .text
  00000b0c    00000b0c    000000dc   000000dc    r-- .const
  00000be8    00000be8    00000014   00000014    r-- .cinit
20000000    20000000    00000218   00000000    rw-
  20000000    20000000    00000200   00000000    rw- .stack
  20000200    20000200    00000018   00000000    rw- .bss


SECTION ALLOCATION MAP

 output                                  attributes/
section   page    origin      length       input sections
--------  ----  ----------  ----------   ----------------
.intvecs   0    00000000    0000026c     
                  00000000    0000026c     tm4c123gh6pm_startup_ccs.obj (.intvecs)

.text      0    0000026c    0000089e     
                  0000026c    00000174     main.obj (.text)
                  000003e0    00000104     driverlib.lib : sysctl.obj (.text:SysCtlClockSet)
                  000004e4    000000fc     rtsv7M4_T_le_v4SPD16_eabi.lib : fd_mul_t2.asm.obj (.text)
                  000005e0    000000c4     driverlib.lib : sysctl.obj (.text:SysCtlClockGet)
                  000006a4    000000b8                   : gpio.obj (.text:GPIOPadConfigSet)
                  0000075c    00000070                   : adc.obj (.text:ADCSequenceStepConfigure)
                  000007cc    0000006e     rtsv7M4_T_le_v4SPD16_eabi.lib : fd_tos_t2.asm.obj (.text)
                  0000083a    00000002     --HOLE-- [fill = 0]
                  0000083c    00000060     driverlib.lib : interrupt.obj (.text:IntEnable)
                  0000089c    00000044     rtsv7M4_T_le_v4SPD16_eabi.lib : autoinit.c.obj (.text:__TI_auto_init_nobinit_nopinit:__TI_auto_init_nobinit_nopinit)
                  000008e0    00000038                                   : fs_tod_t2.asm.obj (.text)
                  00000918    00000034     driverlib.lib : sysctl.obj (.text:SysCtlPeripheralEnable)
                  0000094c    00000034     rtsv7M4_T_le_v4SPD16_eabi.lib : boot_cortex_m.c.obj (.text:_c_int00_noargs:_c_int00_noargs)
                  00000980    0000002e     driverlib.lib : adc.obj (.text:ADCIntStatus)
                  000009ae    0000002c                   : adc.obj (.text:ADCSequenceConfigure)
                  000009da    0000002a                   : gpio.obj (.text:GPIODirModeSet)
                  00000a04    00000028                   : timer.obj (.text:TimerConfigure)
                  00000a2c    0000001e                   : adc.obj (.text:ADCSequenceDataGet)
                  00000a4a    0000001c     rtsv7M4_T_le_v4SPD16_eabi.lib : copy_zero_init.c.obj (.text:decompress:ZI:__TI_zero_init_nomemset:__TI_zero_init_nomemset)
                  00000a66    00000016     driverlib.lib : adc.obj (.text:ADCProcessorTrigger)
                  00000a7c    00000012                   : gpio.obj (.text:GPIOPinTypeADC)
                  00000a8e    00000012                   : gpio.obj (.text:GPIOPinTypeGPIOOutput)
                  00000aa0    00000012                   : timer.obj (.text:TimerLoadSet)
                  00000ab2    0000000e                   : adc.obj (.text:ADCSequenceEnable)
                  00000ac0    0000000e                   : timer.obj (.text:TimerEnable)
                  00000ace    0000000c                   : cpu.obj (.text:CPUcpsie)
                  00000ada    0000000c     tm4c123gh6pm_startup_ccs.obj (.text)
                  00000ae6    0000000a     driverlib.lib : interrupt.obj (.text:IntMasterEnable)
                  00000af0    00000008                   : timer.obj (.text:TimerIntEnable)
                  00000af8    00000006                   : sysctl.obj (.text:SysCtlDelay)
                  00000afe    00000004                   : timer.obj (.text:TimerIntClear)
                  00000b02    00000004     rtsv7M4_T_le_v4SPD16_eabi.lib : pre_init.c.obj (.text:_system_pre_init)
                  00000b06    00000004                                   : exit.c.obj (.text:abort:abort)

.const     0    00000b0c    000000dc     
                  00000b0c    00000070     driverlib.lib : interrupt.obj (.const)
                  00000b7c    0000006c                   : sysctl.obj (.const:g_pui32Xtals)

.cinit     0    00000be8    00000014     
                  00000be8    00000008     (.cinit..bss.load) [load image, compression = zero_init]
                  00000bf0    00000004     (__TI_handler_table)
                  00000bf4    00000008     (__TI_cinit_table)

.init_array 
*          0    00000000    00000000     UNINITIALIZED

.bss       0    20000200    00000018     UNINITIALIZED
                  20000200    00000010     (.common:ui32ADC0Value)
                  20000210    00000004     (.common:ui32DigitalValue)
                  20000214    00000004     (.common:ui32Voltage)

.stack     0    20000000    00000200     UNINITIALIZED
                  20000000    00000004     rtsv7M4_T_le_v4SPD16_eabi.lib : boot_cortex_m.c.obj (.stack)
                  20000004    000001fc     --HOLE--

__llvm_prf_cnts 
*          0    20000000    00000000     UNINITIALIZED

MODULE SUMMARY

       Module                         code   ro data   rw data
       ------                         ----   -------   -------
    .\
       tm4c123gh6pm_startup_ccs.obj   12     620       0      
       main.obj                       372    0         24     
    +--+------------------------------+------+---------+---------+
       Total:                         384    620       24     
                                                              
    C:/ti/TivaWare_C_Series-1.1/driverlib/ccs/Debug/driverlib.lib
       sysctl.obj                     514    108       0      
       adc.obj                        268    0         0      
       gpio.obj                       262    0         0      
       interrupt.obj                  106    112       0      
       timer.obj                      84     0         0      
       cpu.obj                        12     0         0      
    +--+------------------------------+------+---------+---------+
       Total:                         1246   220       0      
                                                              
    C:\ti\ccs1250\ccs\tools\compiler\ti-cgt-arm_20.2.7.LTS\lib\rtsv7M4_T_le_v4SPD16_eabi.lib
       fd_mul_t2.asm.obj              252    0         0      
       fd_tos_t2.asm.obj              110    0         0      
       autoinit.c.obj                 68     0         0      
       fs_tod_t2.asm.obj              56     0         0      
       boot_cortex_m.c.obj            52     0         0      
       copy_zero_init.c.obj           28     0         0      
       exit.c.obj                     4      0         0      
       pre_init.c.obj                 4      0         0      
    +--+------------------------------+------+---------+---------+
       Total:                         574    0         0      
                                                              
       Stack:                         0      0         512    
       Linker Generated:              0      20        0      
    +--+------------------------------+------+---------+---------+
       Grand Total:                   2204   860       536    


LINKER GENERATED COPY TABLES

__TI_cinit_table @ 00000bf4 records: 1, size/record: 8, table size: 8
	.bss: load addr=00000be8, load size=00000008 bytes, run addr=20000200, run size=00000018 bytes, compression=zero_init


LINKER GENERATED HANDLER TABLE

__TI_handler_table @ 00000bf0 records: 1, size/record: 4, table size: 4
	index: 0, handler: __TI_zero_init


GLOBAL SYMBOLS: SORTED ALPHABETICALLY BY Name 

address   name                          
-------   ----                          
00000981  ADCIntStatus                  
00000a67  ADCProcessorTrigger           
000009af  ADCSequenceConfigure          
00000a2d  ADCSequenceDataGet            
00000ab3  ADCSequenceEnable             
0000075d  ADCSequenceStepConfigure      
00000b07  C$$EXIT                       
00000acf  CPUcpsie                      
000009db  GPIODirModeSet                
000006a5  GPIOPadConfigSet              
00000a7d  GPIOPinTypeADC                
00000a8f  GPIOPinTypeGPIOOutput         
0000083d  IntEnable                     
00000ae7  IntMasterEnable               
00000adb  ResetISR                      
000005e1  SysCtlClockGet                
000003e1  SysCtlClockSet                
00000af9  SysCtlDelay                   
00000919  SysCtlPeripheralEnable        
0000026d  Timer0IntHandler              
00000a05  TimerConfigure                
00000ac1  TimerEnable                   
00000aff  TimerIntClear                 
00000af1  TimerIntEnable                
00000aa1  TimerLoadSet                  
20000200  __STACK_END                   
00000200  __STACK_SIZE                  
20000200  __STACK_TOP                   
00000bf4  __TI_CINIT_Base               
00000bfc  __TI_CINIT_Limit              
00000bf0  __TI_Handler_Table_Base       
00000bf4  __TI_Handler_Table_Limit      
0000089d  __TI_auto_init_nobinit_nopinit
ffffffff  __TI_pprof_out_hndl           
ffffffff  __TI_prof_data_size           
ffffffff  __TI_prof_data_start          
00000000  __TI_static_base__            
00000a4b  __TI_zero_init_nomemset       
000007cd  __aeabi_d2f                   
000004e5  __aeabi_dmul                  
000008e1  __aeabi_f2d                   
ffffffff  __binit__                     
ffffffff  __c_args__                    
UNDEFED   __mpu_init                    
20000000  __stack                       
20000000  __start___llvm_prf_cnts       
20000000  __stop___llvm_prf_cnts        
0000094d  _c_int00_noargs               
UNDEFED   _system_post_cinit            
00000b03  _system_pre_init              
00000b07  abort                         
ffffffff  binit                         
00000000  g_pfnVectors                  
000002e5  main                          
20000200  ui32ADC0Value                 
20000210  ui32DigitalValue              
20000214  ui32Voltage                   


GLOBAL SYMBOLS: SORTED BY Symbol Address 

address   name                          
-------   ----                          
00000000  __TI_static_base__            
00000000  g_pfnVectors                  
00000200  __STACK_SIZE                  
0000026d  Timer0IntHandler              
000002e5  main                          
000003e1  SysCtlClockSet                
000004e5  __aeabi_dmul                  
000005e1  SysCtlClockGet                
000006a5  GPIOPadConfigSet              
0000075d  ADCSequenceStepConfigure      
000007cd  __aeabi_d2f                   
0000083d  IntEnable                     
0000089d  __TI_auto_init_nobinit_nopinit
000008e1  __aeabi_f2d                   
00000919  SysCtlPeripheralEnable        
0000094d  _c_int00_noargs               
00000981  ADCIntStatus                  
000009af  ADCSequenceConfigure          
000009db  GPIODirModeSet                
00000a05  TimerConfigure                
00000a2d  ADCSequenceDataGet            
00000a4b  __TI_zero_init_nomemset       
00000a67  ADCProcessorTrigger           
00000a7d  GPIOPinTypeADC                
00000a8f  GPIOPinTypeGPIOOutput         
00000aa1  TimerLoadSet                  
00000ab3  ADCSequenceEnable             
00000ac1  TimerEnable                   
00000acf  CPUcpsie                      
00000adb  ResetISR                      
00000ae7  IntMasterEnable               
00000af1  TimerIntEnable                
00000af9  SysCtlDelay                   
00000aff  TimerIntClear                 
00000b03  _system_pre_init              
00000b07  C$$EXIT                       
00000b07  abort                         
00000bf0  __TI_Handler_Table_Base       
00000bf4  __TI_CINIT_Base               
00000bf4  __TI_Handler_Table_Limit      
00000bfc  __TI_CINIT_Limit              
20000000  __stack                       
20000000  __start___llvm_prf_cnts       
20000000  __stop___llvm_prf_cnts        
20000200  __STACK_END                   
20000200  __STACK_TOP                   
20000200  ui32ADC0Value                 
20000210  ui32DigitalValue              
20000214  ui32Voltage                   
ffffffff  __TI_pprof_out_hndl           
ffffffff  __TI_prof_data_size           
ffffffff  __TI_prof_data_start          
ffffffff  __binit__                     
ffffffff  __c_args__                    
ffffffff  binit                         
UNDEFED   __mpu_init                    
UNDEFED   _system_post_cinit            

[57 symbols]
