<?xml version="1.0" encoding="ISO-8859-1" ?>
<link_info>
   <banner>TI ARM Linker PC v20.2.7.LTS</banner>
   <copyright>Copyright (c) 1996-2018 Texas Instruments Incorporated</copyright>
   <link_time>0x674db15a</link_time>
   <link_errors>0x0</link_errors>
   <output_file>lab5_task2_new.out</output_file>
   <entry_point>
      <name>_c_int00_noargs</name>
      <address>0xbc5</address>
   </entry_point>
   <input_file_list>
      <input_file id="fl-2">
         <path>.\</path>
         <kind>object</kind>
         <file>main.obj</file>
         <name>main.obj</name>
      </input_file>
      <input_file id="fl-3">
         <path>.\</path>
         <kind>object</kind>
         <file>tm4c123gh6pm_startup_ccs.obj</file>
         <name>tm4c123gh6pm_startup_ccs.obj</name>
      </input_file>
      <input_file id="fl-8">
         <kind>object</kind>
         <file>&lt;internal&gt;</file>
         <name>&lt;internal&gt;</name>
      </input_file>
      <input_file id="fl-9">
         <path>C:\ti\TivaWare_C_Series-1.1\driverlib\ccs\Debug\</path>
         <kind>archive</kind>
         <file>driverlib.lib</file>
         <name>uart.obj</name>
      </input_file>
      <input_file id="fl-a">
         <path>C:\ti\TivaWare_C_Series-1.1\driverlib\ccs\Debug\</path>
         <kind>archive</kind>
         <file>driverlib.lib</file>
         <name>timer.obj</name>
      </input_file>
      <input_file id="fl-b">
         <path>C:\ti\TivaWare_C_Series-1.1\driverlib\ccs\Debug\</path>
         <kind>archive</kind>
         <file>driverlib.lib</file>
         <name>sysctl.obj</name>
      </input_file>
      <input_file id="fl-c">
         <path>C:\ti\TivaWare_C_Series-1.1\driverlib\ccs\Debug\</path>
         <kind>archive</kind>
         <file>driverlib.lib</file>
         <name>interrupt.obj</name>
      </input_file>
      <input_file id="fl-d">
         <path>C:\ti\TivaWare_C_Series-1.1\driverlib\ccs\Debug\</path>
         <kind>archive</kind>
         <file>driverlib.lib</file>
         <name>gpio.obj</name>
      </input_file>
      <input_file id="fl-e">
         <path>C:\ti\TivaWare_C_Series-1.1\driverlib\ccs\Debug\</path>
         <kind>archive</kind>
         <file>driverlib.lib</file>
         <name>cpu.obj</name>
      </input_file>
      <input_file id="fl-f">
         <path>C:\ti\TivaWare_C_Series-1.1\driverlib\ccs\Debug\</path>
         <kind>archive</kind>
         <file>driverlib.lib</file>
         <name>adc.obj</name>
      </input_file>
      <input_file id="fl-c5">
         <path>C:\ti\ccs1250\ccs\tools\compiler\ti-cgt-arm_20.2.7.LTS\lib\</path>
         <kind>archive</kind>
         <file>rtsv7M4_T_le_v4SPD16_eabi.lib</file>
         <name>fd_mul_t2.asm.obj</name>
      </input_file>
      <input_file id="fl-c6">
         <path>C:\ti\ccs1250\ccs\tools\compiler\ti-cgt-arm_20.2.7.LTS\lib\</path>
         <kind>archive</kind>
         <file>rtsv7M4_T_le_v4SPD16_eabi.lib</file>
         <name>fd_tou_t2.asm.obj</name>
      </input_file>
      <input_file id="fl-c7">
         <path>C:\ti\ccs1250\ccs\tools\compiler\ti-cgt-arm_20.2.7.LTS\lib\</path>
         <kind>archive</kind>
         <file>rtsv7M4_T_le_v4SPD16_eabi.lib</file>
         <name>fs_tod_t2.asm.obj</name>
      </input_file>
      <input_file id="fl-c8">
         <path>C:\ti\ccs1250\ccs\tools\compiler\ti-cgt-arm_20.2.7.LTS\lib\</path>
         <kind>archive</kind>
         <file>rtsv7M4_T_le_v4SPD16_eabi.lib</file>
         <name>copy_zero_init.c.obj</name>
      </input_file>
      <input_file id="fl-c9">
         <path>C:\ti\ccs1250\ccs\tools\compiler\ti-cgt-arm_20.2.7.LTS\lib\</path>
         <kind>archive</kind>
         <file>rtsv7M4_T_le_v4SPD16_eabi.lib</file>
         <name>copy_decompress_none.c.obj</name>
      </input_file>
      <input_file id="fl-ca">
         <path>C:\ti\ccs1250\ccs\tools\compiler\ti-cgt-arm_20.2.7.LTS\lib\</path>
         <kind>archive</kind>
         <file>rtsv7M4_T_le_v4SPD16_eabi.lib</file>
         <name>copy_decompress_lzss.c.obj</name>
      </input_file>
      <input_file id="fl-cb">
         <path>C:\ti\ccs1250\ccs\tools\compiler\ti-cgt-arm_20.2.7.LTS\lib\</path>
         <kind>archive</kind>
         <file>rtsv7M4_T_le_v4SPD16_eabi.lib</file>
         <name>strcat.c.obj</name>
      </input_file>
      <input_file id="fl-cc">
         <path>C:\ti\ccs1250\ccs\tools\compiler\ti-cgt-arm_20.2.7.LTS\lib\</path>
         <kind>archive</kind>
         <file>rtsv7M4_T_le_v4SPD16_eabi.lib</file>
         <name>strcpy.c.obj</name>
      </input_file>
      <input_file id="fl-cd">
         <path>C:\ti\ccs1250\ccs\tools\compiler\ti-cgt-arm_20.2.7.LTS\lib\</path>
         <kind>archive</kind>
         <file>rtsv7M4_T_le_v4SPD16_eabi.lib</file>
         <name>strlen.c.obj</name>
      </input_file>
      <input_file id="fl-ce">
         <path>C:\ti\ccs1250\ccs\tools\compiler\ti-cgt-arm_20.2.7.LTS\lib\</path>
         <kind>archive</kind>
         <file>rtsv7M4_T_le_v4SPD16_eabi.lib</file>
         <name>boot_cortex_m.c.obj</name>
      </input_file>
      <input_file id="fl-cf">
         <path>C:\ti\ccs1250\ccs\tools\compiler\ti-cgt-arm_20.2.7.LTS\lib\</path>
         <kind>archive</kind>
         <file>rtsv7M4_T_le_v4SPD16_eabi.lib</file>
         <name>memcpy_t2.asm.obj</name>
      </input_file>
      <input_file id="fl-d0">
         <path>C:\ti\ccs1250\ccs\tools\compiler\ti-cgt-arm_20.2.7.LTS\lib\</path>
         <kind>archive</kind>
         <file>rtsv7M4_T_le_v4SPD16_eabi.lib</file>
         <name>memset_t2.asm.obj</name>
      </input_file>
      <input_file id="fl-d1">
         <path>C:\ti\ccs1250\ccs\tools\compiler\ti-cgt-arm_20.2.7.LTS\lib\</path>
         <kind>archive</kind>
         <file>rtsv7M4_T_le_v4SPD16_eabi.lib</file>
         <name>autoinit.c.obj</name>
      </input_file>
      <input_file id="fl-d2">
         <path>C:\ti\ccs1250\ccs\tools\compiler\ti-cgt-arm_20.2.7.LTS\lib\</path>
         <kind>archive</kind>
         <file>rtsv7M4_T_le_v4SPD16_eabi.lib</file>
         <name>pre_init.c.obj</name>
      </input_file>
      <input_file id="fl-d3">
         <path>C:\ti\ccs1250\ccs\tools\compiler\ti-cgt-arm_20.2.7.LTS\lib\</path>
         <kind>archive</kind>
         <file>rtsv7M4_T_le_v4SPD16_eabi.lib</file>
         <name>cpy_tbl.c.obj</name>
      </input_file>
      <input_file id="fl-d4">
         <path>C:\ti\ccs1250\ccs\tools\compiler\ti-cgt-arm_20.2.7.LTS\lib\</path>
         <kind>archive</kind>
         <file>rtsv7M4_T_le_v4SPD16_eabi.lib</file>
         <name>exit.c.obj</name>
      </input_file>
      <input_file id="fl-d5">
         <path>C:\ti\ccs1250\ccs\tools\compiler\ti-cgt-arm_20.2.7.LTS\lib\</path>
         <kind>archive</kind>
         <file>rtsv7M4_T_le_v4SPD16_eabi.lib</file>
         <name>_lock.c.obj</name>
      </input_file>
      <input_file id="fl-d6">
         <path>C:\ti\ccs1250\ccs\tools\compiler\ti-cgt-arm_20.2.7.LTS\lib\</path>
         <kind>archive</kind>
         <file>rtsv7M4_T_le_v4SPD16_eabi.lib</file>
         <name>args_main.c.obj</name>
      </input_file>
   </input_file_list>
   <object_component_list>
      <object_component id="oc-12">
         <name>.intvecs</name>
         <load_address>0x0</load_address>
         <run_address>0x0</run_address>
         <size>0x26c</size>
         <input_file_ref idref="fl-3"/>
      </object_component>
      <object_component id="oc-2d">
         <name>.text</name>
         <load_address>0x26c</load_address>
         <run_address>0x26c</run_address>
         <size>0x28c</size>
         <input_file_ref idref="fl-2"/>
      </object_component>
      <object_component id="oc-9b">
         <name>.text:SysCtlClockSet</name>
         <load_address>0x4f8</load_address>
         <run_address>0x4f8</run_address>
         <size>0x104</size>
         <input_file_ref idref="fl-b"/>
      </object_component>
      <object_component id="oc-91">
         <name>.text</name>
         <load_address>0x5fc</load_address>
         <run_address>0x5fc</run_address>
         <size>0xfc</size>
         <input_file_ref idref="fl-c5"/>
      </object_component>
      <object_component id="oc-bf">
         <name>.text:SysCtlClockGet</name>
         <load_address>0x6f8</load_address>
         <run_address>0x6f8</run_address>
         <size>0xc4</size>
         <input_file_ref idref="fl-b"/>
      </object_component>
      <object_component id="oc-179">
         <name>.text:GPIOPadConfigSet</name>
         <load_address>0x7bc</load_address>
         <run_address>0x7bc</run_address>
         <size>0xb8</size>
         <input_file_ref idref="fl-d"/>
      </object_component>
      <object_component id="oc-41">
         <name>.text</name>
         <load_address>0x874</load_address>
         <run_address>0x874</run_address>
         <size>0x9c</size>
         <input_file_ref idref="fl-cf"/>
      </object_component>
      <object_component id="oc-f5">
         <name>.text:ADCSequenceStepConfigure</name>
         <load_address>0x910</load_address>
         <run_address>0x910</run_address>
         <size>0x70</size>
         <input_file_ref idref="fl-f"/>
      </object_component>
      <object_component id="oc-15">
         <name>.text:decompress:lzss:__TI_decompress_lzss</name>
         <load_address>0x980</load_address>
         <run_address>0x980</run_address>
         <size>0x68</size>
         <input_file_ref idref="fl-ca"/>
      </object_component>
      <object_component id="oc-d1">
         <name>.text:IntEnable</name>
         <load_address>0x9e8</load_address>
         <run_address>0x9e8</run_address>
         <size>0x60</size>
         <input_file_ref idref="fl-c"/>
      </object_component>
      <object_component id="oc-b3">
         <name>.text:GPIOPinConfigure</name>
         <load_address>0xa48</load_address>
         <run_address>0xa48</run_address>
         <size>0x48</size>
         <input_file_ref idref="fl-d"/>
      </object_component>
      <object_component id="oc-1e3">
         <name>.text:__TI_auto_init_nobinit_nopinit:__TI_auto_init_nobinit_nopinit</name>
         <load_address>0xa90</load_address>
         <run_address>0xa90</run_address>
         <size>0x44</size>
         <input_file_ref idref="fl-d1"/>
      </object_component>
      <object_component id="oc-96">
         <name>.text</name>
         <load_address>0xad4</load_address>
         <run_address>0xad4</run_address>
         <size>0x44</size>
         <input_file_ref idref="fl-c6"/>
      </object_component>
      <object_component id="oc-c5">
         <name>.text:UARTConfigSetExpClk</name>
         <load_address>0xb18</load_address>
         <run_address>0xb18</run_address>
         <size>0x40</size>
         <input_file_ref idref="fl-9"/>
      </object_component>
      <object_component id="oc-8c">
         <name>.text</name>
         <load_address>0xb58</load_address>
         <run_address>0xb58</run_address>
         <size>0x38</size>
         <input_file_ref idref="fl-c7"/>
      </object_component>
      <object_component id="oc-a1">
         <name>.text:SysCtlPeripheralEnable</name>
         <load_address>0xb90</load_address>
         <run_address>0xb90</run_address>
         <size>0x34</size>
         <input_file_ref idref="fl-b"/>
      </object_component>
      <object_component id="oc-5f">
         <name>.text:_c_int00_noargs:_c_int00_noargs</name>
         <load_address>0xbc4</load_address>
         <run_address>0xbc4</run_address>
         <size>0x34</size>
         <input_file_ref idref="fl-ce"/>
      </object_component>
      <object_component id="oc-80">
         <name>.text:ADCIntStatus</name>
         <load_address>0xbf8</load_address>
         <run_address>0xbf8</run_address>
         <size>0x2e</size>
         <input_file_ref idref="fl-f"/>
      </object_component>
      <object_component id="oc-ef">
         <name>.text:ADCSequenceConfigure</name>
         <load_address>0xc26</load_address>
         <run_address>0xc26</run_address>
         <size>0x2c</size>
         <input_file_ref idref="fl-f"/>
      </object_component>
      <object_component id="oc-17f">
         <name>.text:GPIODirModeSet</name>
         <load_address>0xc52</load_address>
         <run_address>0xc52</run_address>
         <size>0x2a</size>
         <input_file_ref idref="fl-d"/>
      </object_component>
      <object_component id="oc-ad">
         <name>.text:TimerConfigure</name>
         <load_address>0xc7c</load_address>
         <run_address>0xc7c</run_address>
         <size>0x28</size>
         <input_file_ref idref="fl-a"/>
      </object_component>
      <object_component id="oc-86">
         <name>.text:ADCSequenceDataGet</name>
         <load_address>0xca4</load_address>
         <run_address>0xca4</run_address>
         <size>0x1e</size>
         <input_file_ref idref="fl-f"/>
      </object_component>
      <object_component id="oc-107">
         <name>.text:strcat</name>
         <load_address>0xcc2</load_address>
         <run_address>0xcc2</run_address>
         <size>0x1e</size>
         <input_file_ref idref="fl-cb"/>
      </object_component>
      <object_component id="oc-191">
         <name>.text:UARTDisable</name>
         <load_address>0xce0</load_address>
         <run_address>0xce0</run_address>
         <size>0x1c</size>
         <input_file_ref idref="fl-9"/>
      </object_component>
      <object_component id="oc-4d">
         <name>.text:decompress:ZI:__TI_zero_init_nomemset:__TI_zero_init_nomemset</name>
         <load_address>0xcfc</load_address>
         <run_address>0xcfc</run_address>
         <size>0x1c</size>
         <input_file_ref idref="fl-c8"/>
      </object_component>
      <object_component id="oc-7a">
         <name>.text:ADCProcessorTrigger</name>
         <load_address>0xd18</load_address>
         <run_address>0xd18</run_address>
         <size>0x16</size>
         <input_file_ref idref="fl-f"/>
      </object_component>
      <object_component id="oc-197">
         <name>.text:UARTEnable</name>
         <load_address>0xd2e</load_address>
         <run_address>0xd2e</run_address>
         <size>0x14</size>
         <input_file_ref idref="fl-9"/>
      </object_component>
      <object_component id="oc-101">
         <name>.text:strcpy</name>
         <load_address>0xd42</load_address>
         <run_address>0xd42</run_address>
         <size>0x14</size>
         <input_file_ref idref="fl-cc"/>
      </object_component>
      <object_component id="oc-113">
         <name>.text:strlen</name>
         <load_address>0xd56</load_address>
         <run_address>0xd56</run_address>
         <size>0x14</size>
         <input_file_ref idref="fl-cd"/>
      </object_component>
      <object_component id="oc-e9">
         <name>.text:GPIOPinTypeADC</name>
         <load_address>0xd6a</load_address>
         <run_address>0xd6a</run_address>
         <size>0x12</size>
         <input_file_ref idref="fl-d"/>
      </object_component>
      <object_component id="oc-a7">
         <name>.text:GPIOPinTypeGPIOOutput</name>
         <load_address>0xd7c</load_address>
         <run_address>0xd7c</run_address>
         <size>0x12</size>
         <input_file_ref idref="fl-d"/>
      </object_component>
      <object_component id="oc-b9">
         <name>.text:GPIOPinTypeUART</name>
         <load_address>0xd8e</load_address>
         <run_address>0xd8e</run_address>
         <size>0x12</size>
         <input_file_ref idref="fl-d"/>
      </object_component>
      <object_component id="oc-cb">
         <name>.text:TimerLoadSet</name>
         <load_address>0xda0</load_address>
         <run_address>0xda0</run_address>
         <size>0x12</size>
         <input_file_ref idref="fl-a"/>
      </object_component>
      <object_component id="oc-fb">
         <name>.text:ADCSequenceEnable</name>
         <load_address>0xdb2</load_address>
         <run_address>0xdb2</run_address>
         <size>0xe</size>
         <input_file_ref idref="fl-f"/>
      </object_component>
      <object_component id="oc-e3">
         <name>.text:TimerEnable</name>
         <load_address>0xdc0</load_address>
         <run_address>0xdc0</run_address>
         <size>0xe</size>
         <input_file_ref idref="fl-a"/>
      </object_component>
      <object_component id="oc-1b">
         <name>.text:decompress:none:__TI_decompress_none</name>
         <load_address>0xdce</load_address>
         <run_address>0xdce</run_address>
         <size>0xe</size>
         <input_file_ref idref="fl-c9"/>
      </object_component>
      <object_component id="oc-1a6">
         <name>.text:CPUcpsie</name>
         <load_address>0xddc</load_address>
         <run_address>0xddc</run_address>
         <size>0xc</size>
         <input_file_ref idref="fl-e"/>
      </object_component>
      <object_component id="oc-27">
         <name>.text</name>
         <load_address>0xde8</load_address>
         <run_address>0xde8</run_address>
         <size>0xc</size>
         <input_file_ref idref="fl-3"/>
      </object_component>
      <object_component id="oc-dd">
         <name>.text:IntMasterEnable</name>
         <load_address>0xdf4</load_address>
         <run_address>0xdf4</run_address>
         <size>0xa</size>
         <input_file_ref idref="fl-c"/>
      </object_component>
      <object_component id="oc-10d">
         <name>.text:UARTCharPut</name>
         <load_address>0xdfe</load_address>
         <run_address>0xdfe</run_address>
         <size>0xa</size>
         <input_file_ref idref="fl-9"/>
      </object_component>
      <object_component id="oc-d7">
         <name>.text:TimerIntEnable</name>
         <load_address>0xe08</load_address>
         <run_address>0xe08</run_address>
         <size>0x8</size>
         <input_file_ref idref="fl-a"/>
      </object_component>
      <object_component id="oc-175">
         <name>.text:SysCtlDelay</name>
         <load_address>0xe10</load_address>
         <run_address>0xe10</run_address>
         <size>0x6</size>
         <input_file_ref idref="fl-b"/>
      </object_component>
      <object_component id="oc-74">
         <name>.text:TimerIntClear</name>
         <load_address>0xe16</load_address>
         <run_address>0xe16</run_address>
         <size>0x4</size>
         <input_file_ref idref="fl-a"/>
      </object_component>
      <object_component id="oc-150">
         <name>.text:_system_pre_init</name>
         <load_address>0xe1a</load_address>
         <run_address>0xe1a</run_address>
         <size>0x4</size>
         <input_file_ref idref="fl-d2"/>
      </object_component>
      <object_component id="oc-1d7">
         <name>.text:abort:abort</name>
         <load_address>0xe1e</load_address>
         <run_address>0xe1e</run_address>
         <size>0x4</size>
         <input_file_ref idref="fl-d4"/>
      </object_component>
      <object_component id="oc-187">
         <name>.const:g_pui32GPIOBaseAddrs</name>
         <load_address>0xe24</load_address>
         <run_address>0xe24</run_address>
         <size>0x78</size>
         <input_file_ref idref="fl-d"/>
      </object_component>
      <object_component id="oc-1a0">
         <name>.const</name>
         <load_address>0xe9c</load_address>
         <run_address>0xe9c</run_address>
         <size>0x70</size>
         <input_file_ref idref="fl-c"/>
      </object_component>
      <object_component id="oc-18d">
         <name>.const:g_pui32Xtals</name>
         <load_address>0xf0c</load_address>
         <run_address>0xf0c</run_address>
         <size>0x6c</size>
         <input_file_ref idref="fl-b"/>
      </object_component>
      <object_component id="oc-2ab">
         <name>__TI_handler_table</name>
         <load_address>0xf78</load_address>
         <run_address>0xf78</run_address>
         <size>0xc</size>
      </object_component>
      <object_component id="oc-2ae">
         <name>.cinit..bss.load</name>
         <load_address>0xf88</load_address>
         <run_address>0xf88</run_address>
         <size>0x8</size>
      </object_component>
      <object_component id="oc-2ad">
         <name>.cinit..data.load</name>
         <load_address>0xf90</load_address>
         <run_address>0xf90</run_address>
         <size>0x7</size>
      </object_component>
      <object_component id="oc-2ac">
         <name>__TI_cinit_table</name>
         <load_address>0xf98</load_address>
         <run_address>0xf98</run_address>
         <size>0x10</size>
      </object_component>
      <object_component id="oc-120">
         <name>.data</name>
         <load_address>0x20000258</load_address>
         <run_address>0x20000258</run_address>
         <size>0x4</size>
         <input_file_ref idref="fl-2"/>
      </object_component>
      <object_component id="oc-119">
         <name>.common:ui32ADC0Value</name>
         <uninitialized>true</uninitialized>
         <run_address>0x20000234</run_address>
         <size>0x10</size>
      </object_component>
      <object_component id="oc-11c">
         <name>.common:ui32DigitalValue</name>
         <uninitialized>true</uninitialized>
         <run_address>0x20000250</run_address>
         <size>0x4</size>
      </object_component>
      <object_component id="oc-11d">
         <name>.common:ui32Voltage</name>
         <uninitialized>true</uninitialized>
         <run_address>0x20000254</run_address>
         <size>0x4</size>
      </object_component>
      <object_component id="oc-11f">
         <name>.common:messageBuffer</name>
         <uninitialized>true</uninitialized>
         <run_address>0x20000200</run_address>
         <size>0x34</size>
      </object_component>
      <object_component id="oc-11e">
         <name>.common:voltageBuffer</name>
         <uninitialized>true</uninitialized>
         <run_address>0x20000244</run_address>
         <size>0xc</size>
      </object_component>
      <object_component id="oc-24">
         <name>.stack</name>
         <uninitialized>true</uninitialized>
         <run_address>0x20000000</run_address>
         <size>0x4</size>
         <input_file_ref idref="fl-ce"/>
      </object_component>
      <object_component id="oc-2b0">
         <name>.stack</name>
         <uninitialized>true</uninitialized>
         <run_address>0x20000000</run_address>
         <size>0x0</size>
      </object_component>
      <object_component id="oc-11a">
         <name>.debug_info</name>
         <load_address>0x0</load_address>
         <run_address>0x0</run_address>
         <size>0x8cb</size>
         <input_file_ref idref="fl-2"/>
      </object_component>
      <object_component id="oc-121">
         <name>.debug_info</name>
         <load_address>0x8cb</load_address>
         <run_address>0x8cb</run_address>
         <size>0xda</size>
         <input_file_ref idref="fl-2"/>
      </object_component>
      <object_component id="oc-31">
         <name>.debug_info</name>
         <load_address>0x9a5</load_address>
         <run_address>0x9a5</run_address>
         <size>0x5cf</size>
         <input_file_ref idref="fl-2"/>
      </object_component>
      <object_component id="oc-130">
         <name>.debug_info</name>
         <load_address>0xf74</load_address>
         <run_address>0xf74</run_address>
         <size>0x26b</size>
         <input_file_ref idref="fl-2"/>
      </object_component>
      <object_component id="oc-129">
         <name>.debug_info</name>
         <load_address>0x11df</load_address>
         <run_address>0x11df</run_address>
         <size>0x8b</size>
         <input_file_ref idref="fl-2"/>
      </object_component>
      <object_component id="oc-1c7">
         <name>.debug_info</name>
         <load_address>0x126a</load_address>
         <run_address>0x126a</run_address>
         <size>0x2a4</size>
         <input_file_ref idref="fl-2"/>
      </object_component>
      <object_component id="oc-124">
         <name>.debug_info</name>
         <load_address>0x150e</load_address>
         <run_address>0x150e</run_address>
         <size>0xbb</size>
         <input_file_ref idref="fl-2"/>
      </object_component>
      <object_component id="oc-1b8">
         <name>.debug_info</name>
         <load_address>0x15c9</load_address>
         <run_address>0x15c9</run_address>
         <size>0x2c</size>
         <input_file_ref idref="fl-2"/>
      </object_component>
      <object_component id="oc-1c0">
         <name>.debug_info</name>
         <load_address>0x15f5</load_address>
         <run_address>0x15f5</run_address>
         <size>0x35</size>
         <input_file_ref idref="fl-2"/>
      </object_component>
      <object_component id="oc-35">
         <name>.debug_info</name>
         <load_address>0x162a</load_address>
         <run_address>0x162a</run_address>
         <size>0x2e9</size>
         <input_file_ref idref="fl-3"/>
      </object_component>
      <object_component id="oc-13">
         <name>.debug_info</name>
         <load_address>0x1913</load_address>
         <run_address>0x1913</run_address>
         <size>0x100</size>
         <input_file_ref idref="fl-3"/>
      </object_component>
      <object_component id="oc-29">
         <name>.debug_info</name>
         <load_address>0x1a13</load_address>
         <run_address>0x1a13</run_address>
         <size>0x27c</size>
         <input_file_ref idref="fl-3"/>
      </object_component>
      <object_component id="oc-3c">
         <name>.debug_info</name>
         <load_address>0x1c8f</load_address>
         <run_address>0x1c8f</run_address>
         <size>0x84</size>
         <input_file_ref idref="fl-3"/>
      </object_component>
      <object_component id="oc-19e">
         <name>.debug_info</name>
         <load_address>0x1d13</load_address>
         <run_address>0x1d13</run_address>
         <size>0x1c8</size>
         <input_file_ref idref="fl-9"/>
      </object_component>
      <object_component id="oc-198">
         <name>.debug_info</name>
         <load_address>0x1edb</load_address>
         <run_address>0x1edb</run_address>
         <size>0x1ab</size>
         <input_file_ref idref="fl-9"/>
      </object_component>
      <object_component id="oc-192">
         <name>.debug_info</name>
         <load_address>0x2086</load_address>
         <run_address>0x2086</run_address>
         <size>0x233</size>
         <input_file_ref idref="fl-9"/>
      </object_component>
      <object_component id="oc-c6">
         <name>.debug_info</name>
         <load_address>0x22b9</load_address>
         <run_address>0x22b9</run_address>
         <size>0x28a</size>
         <input_file_ref idref="fl-9"/>
      </object_component>
      <object_component id="oc-10e">
         <name>.debug_info</name>
         <load_address>0x2543</load_address>
         <run_address>0x2543</run_address>
         <size>0x25d</size>
         <input_file_ref idref="fl-9"/>
      </object_component>
      <object_component id="oc-16c">
         <name>.debug_info</name>
         <load_address>0x27a0</load_address>
         <run_address>0x27a0</run_address>
         <size>0x90</size>
         <input_file_ref idref="fl-9"/>
      </object_component>
      <object_component id="oc-163">
         <name>.debug_info</name>
         <load_address>0x2830</load_address>
         <run_address>0x2830</run_address>
         <size>0x18b</size>
         <input_file_ref idref="fl-9"/>
      </object_component>
      <object_component id="oc-168">
         <name>.debug_info</name>
         <load_address>0x29bb</load_address>
         <run_address>0x29bb</run_address>
         <size>0x1b9</size>
         <input_file_ref idref="fl-a"/>
      </object_component>
      <object_component id="oc-cc">
         <name>.debug_info</name>
         <load_address>0x2b74</load_address>
         <run_address>0x2b74</run_address>
         <size>0x21e</size>
         <input_file_ref idref="fl-a"/>
      </object_component>
      <object_component id="oc-d8">
         <name>.debug_info</name>
         <load_address>0x2d92</load_address>
         <run_address>0x2d92</run_address>
         <size>0x1f8</size>
         <input_file_ref idref="fl-a"/>
      </object_component>
      <object_component id="oc-75">
         <name>.debug_info</name>
         <load_address>0x2f8a</load_address>
         <run_address>0x2f8a</run_address>
         <size>0x1f6</size>
         <input_file_ref idref="fl-a"/>
      </object_component>
      <object_component id="oc-e4">
         <name>.debug_info</name>
         <load_address>0x3180</load_address>
         <run_address>0x3180</run_address>
         <size>0x1e3</size>
         <input_file_ref idref="fl-a"/>
      </object_component>
      <object_component id="oc-ae">
         <name>.debug_info</name>
         <load_address>0x3363</load_address>
         <run_address>0x3363</run_address>
         <size>0x1f0</size>
         <input_file_ref idref="fl-a"/>
      </object_component>
      <object_component id="oc-177">
         <name>.debug_info</name>
         <load_address>0x3553</load_address>
         <run_address>0x3553</run_address>
         <size>0x1e2</size>
         <input_file_ref idref="fl-b"/>
      </object_component>
      <object_component id="oc-18e">
         <name>.debug_info</name>
         <load_address>0x3735</load_address>
         <run_address>0x3735</run_address>
         <size>0xff</size>
         <input_file_ref idref="fl-b"/>
      </object_component>
      <object_component id="oc-a3">
         <name>.debug_info</name>
         <load_address>0x3834</load_address>
         <run_address>0x3834</run_address>
         <size>0x1e1</size>
         <input_file_ref idref="fl-b"/>
      </object_component>
      <object_component id="oc-9c">
         <name>.debug_info</name>
         <load_address>0x3a15</load_address>
         <run_address>0x3a15</run_address>
         <size>0x2d4</size>
         <input_file_ref idref="fl-b"/>
      </object_component>
      <object_component id="oc-c0">
         <name>.debug_info</name>
         <load_address>0x3ce9</load_address>
         <run_address>0x3ce9</run_address>
         <size>0x202</size>
         <input_file_ref idref="fl-b"/>
      </object_component>
      <object_component id="oc-1a4">
         <name>.debug_info</name>
         <load_address>0x3eeb</load_address>
         <run_address>0x3eeb</run_address>
         <size>0x1ba</size>
         <input_file_ref idref="fl-c"/>
      </object_component>
      <object_component id="oc-1a1">
         <name>.debug_info</name>
         <load_address>0x40a5</load_address>
         <run_address>0x40a5</run_address>
         <size>0x1c2</size>
         <input_file_ref idref="fl-c"/>
      </object_component>
      <object_component id="oc-e0">
         <name>.debug_info</name>
         <load_address>0x4267</load_address>
         <run_address>0x4267</run_address>
         <size>0x1a2</size>
         <input_file_ref idref="fl-c"/>
      </object_component>
      <object_component id="oc-d3">
         <name>.debug_info</name>
         <load_address>0x4409</load_address>
         <run_address>0x4409</run_address>
         <size>0x1cc</size>
         <input_file_ref idref="fl-c"/>
      </object_component>
      <object_component id="oc-18b">
         <name>.debug_info</name>
         <load_address>0x45d5</load_address>
         <run_address>0x45d5</run_address>
         <size>0x1d1</size>
         <input_file_ref idref="fl-d"/>
      </object_component>
      <object_component id="oc-188">
         <name>.debug_info</name>
         <load_address>0x47a6</load_address>
         <run_address>0x47a6</run_address>
         <size>0x10d</size>
         <input_file_ref idref="fl-d"/>
      </object_component>
      <object_component id="oc-181">
         <name>.debug_info</name>
         <load_address>0x48b3</load_address>
         <run_address>0x48b3</run_address>
         <size>0x215</size>
         <input_file_ref idref="fl-d"/>
      </object_component>
      <object_component id="oc-17b">
         <name>.debug_info</name>
         <load_address>0x4ac8</load_address>
         <run_address>0x4ac8</run_address>
         <size>0x265</size>
         <input_file_ref idref="fl-d"/>
      </object_component>
      <object_component id="oc-bb">
         <name>.debug_info</name>
         <load_address>0x4d2d</load_address>
         <run_address>0x4d2d</run_address>
         <size>0x1df</size>
         <input_file_ref idref="fl-d"/>
      </object_component>
      <object_component id="oc-a8">
         <name>.debug_info</name>
         <load_address>0x4f0c</load_address>
         <run_address>0x4f0c</run_address>
         <size>0x1eb</size>
         <input_file_ref idref="fl-d"/>
      </object_component>
      <object_component id="oc-ea">
         <name>.debug_info</name>
         <load_address>0x50f7</load_address>
         <run_address>0x50f7</run_address>
         <size>0x1dd</size>
         <input_file_ref idref="fl-d"/>
      </object_component>
      <object_component id="oc-b4">
         <name>.debug_info</name>
         <load_address>0x52d4</load_address>
         <run_address>0x52d4</run_address>
         <size>0x1e4</size>
         <input_file_ref idref="fl-d"/>
      </object_component>
      <object_component id="oc-1a8">
         <name>.debug_info</name>
         <load_address>0x54b8</load_address>
         <run_address>0x54b8</run_address>
         <size>0x176</size>
         <input_file_ref idref="fl-e"/>
      </object_component>
      <object_component id="oc-16a">
         <name>.debug_info</name>
         <load_address>0x562e</load_address>
         <run_address>0x562e</run_address>
         <size>0x1a3</size>
         <input_file_ref idref="fl-f"/>
      </object_component>
      <object_component id="oc-f6">
         <name>.debug_info</name>
         <load_address>0x57d1</load_address>
         <run_address>0x57d1</run_address>
         <size>0x297</size>
         <input_file_ref idref="fl-f"/>
      </object_component>
      <object_component id="oc-fc">
         <name>.debug_info</name>
         <load_address>0x5a68</load_address>
         <run_address>0x5a68</run_address>
         <size>0x204</size>
         <input_file_ref idref="fl-f"/>
      </object_component>
      <object_component id="oc-87">
         <name>.debug_info</name>
         <load_address>0x5c6c</load_address>
         <run_address>0x5c6c</run_address>
         <size>0x2fb</size>
         <input_file_ref idref="fl-f"/>
      </object_component>
      <object_component id="oc-f0">
         <name>.debug_info</name>
         <load_address>0x5f67</load_address>
         <run_address>0x5f67</run_address>
         <size>0x28a</size>
         <input_file_ref idref="fl-f"/>
      </object_component>
      <object_component id="oc-7b">
         <name>.debug_info</name>
         <load_address>0x61f1</load_address>
         <run_address>0x61f1</run_address>
         <size>0x208</size>
         <input_file_ref idref="fl-f"/>
      </object_component>
      <object_component id="oc-81">
         <name>.debug_info</name>
         <load_address>0x63f9</load_address>
         <run_address>0x63f9</run_address>
         <size>0x245</size>
         <input_file_ref idref="fl-f"/>
      </object_component>
      <object_component id="oc-93">
         <name>.debug_info</name>
         <load_address>0x663e</load_address>
         <run_address>0x663e</run_address>
         <size>0x13a</size>
         <input_file_ref idref="fl-c5"/>
      </object_component>
      <object_component id="oc-97">
         <name>.debug_info</name>
         <load_address>0x6778</load_address>
         <run_address>0x6778</run_address>
         <size>0x139</size>
         <input_file_ref idref="fl-c6"/>
      </object_component>
      <object_component id="oc-8d">
         <name>.debug_info</name>
         <load_address>0x68b1</load_address>
         <run_address>0x68b1</run_address>
         <size>0x12c</size>
         <input_file_ref idref="fl-c7"/>
      </object_component>
      <object_component id="oc-149">
         <name>.debug_info</name>
         <load_address>0x69dd</load_address>
         <run_address>0x69dd</run_address>
         <size>0x2d4</size>
         <input_file_ref idref="fl-c8"/>
      </object_component>
      <object_component id="oc-51">
         <name>.debug_info</name>
         <load_address>0x6cb1</load_address>
         <run_address>0x6cb1</run_address>
         <size>0x1d2</size>
         <input_file_ref idref="fl-c8"/>
      </object_component>
      <object_component id="oc-144">
         <name>.debug_info</name>
         <load_address>0x6e83</load_address>
         <run_address>0x6e83</run_address>
         <size>0x46</size>
         <input_file_ref idref="fl-c8"/>
      </object_component>
      <object_component id="oc-4c">
         <name>.debug_info</name>
         <load_address>0x6ec9</load_address>
         <run_address>0x6ec9</run_address>
         <size>0x2a8</size>
         <input_file_ref idref="fl-c9"/>
      </object_component>
      <object_component id="oc-1c">
         <name>.debug_info</name>
         <load_address>0x7171</load_address>
         <run_address>0x7171</run_address>
         <size>0x1ea</size>
         <input_file_ref idref="fl-c9"/>
      </object_component>
      <object_component id="oc-47">
         <name>.debug_info</name>
         <load_address>0x735b</load_address>
         <run_address>0x735b</run_address>
         <size>0x46</size>
         <input_file_ref idref="fl-c9"/>
      </object_component>
      <object_component id="oc-13c">
         <name>.debug_info</name>
         <load_address>0x73a1</load_address>
         <run_address>0x73a1</run_address>
         <size>0x2c</size>
         <input_file_ref idref="fl-c9"/>
      </object_component>
      <object_component id="oc-13a">
         <name>.debug_info</name>
         <load_address>0x73cd</load_address>
         <run_address>0x73cd</run_address>
         <size>0x29e</size>
         <input_file_ref idref="fl-ca"/>
      </object_component>
      <object_component id="oc-17">
         <name>.debug_info</name>
         <load_address>0x766b</load_address>
         <run_address>0x766b</run_address>
         <size>0x250</size>
         <input_file_ref idref="fl-ca"/>
      </object_component>
      <object_component id="oc-37">
         <name>.debug_info</name>
         <load_address>0x78bb</load_address>
         <run_address>0x78bb</run_address>
         <size>0x60</size>
         <input_file_ref idref="fl-ca"/>
      </object_component>
      <object_component id="oc-1cc">
         <name>.debug_info</name>
         <load_address>0x791b</load_address>
         <run_address>0x791b</run_address>
         <size>0x46</size>
         <input_file_ref idref="fl-ca"/>
      </object_component>
      <object_component id="oc-135">
         <name>.debug_info</name>
         <load_address>0x7961</load_address>
         <run_address>0x7961</run_address>
         <size>0x39</size>
         <input_file_ref idref="fl-ca"/>
      </object_component>
      <object_component id="oc-1b5">
         <name>.debug_info</name>
         <load_address>0x799a</load_address>
         <run_address>0x799a</run_address>
         <size>0x2a4</size>
         <input_file_ref idref="fl-cb"/>
      </object_component>
      <object_component id="oc-109">
         <name>.debug_info</name>
         <load_address>0x7c3e</load_address>
         <run_address>0x7c3e</run_address>
         <size>0x267</size>
         <input_file_ref idref="fl-cb"/>
      </object_component>
      <object_component id="oc-1b3">
         <name>.debug_info</name>
         <load_address>0x7ea5</load_address>
         <run_address>0x7ea5</run_address>
         <size>0x2a4</size>
         <input_file_ref idref="fl-cc"/>
      </object_component>
      <object_component id="oc-102">
         <name>.debug_info</name>
         <load_address>0x8149</load_address>
         <run_address>0x8149</run_address>
         <size>0x24d</size>
         <input_file_ref idref="fl-cc"/>
      </object_component>
      <object_component id="oc-1bd">
         <name>.debug_info</name>
         <load_address>0x8396</load_address>
         <run_address>0x8396</run_address>
         <size>0x28f</size>
         <input_file_ref idref="fl-cd"/>
      </object_component>
      <object_component id="oc-116">
         <name>.debug_info</name>
         <load_address>0x8625</load_address>
         <run_address>0x8625</run_address>
         <size>0x245</size>
         <input_file_ref idref="fl-cd"/>
      </object_component>
      <object_component id="oc-25">
         <name>.debug_info</name>
         <load_address>0x886a</load_address>
         <run_address>0x886a</run_address>
         <size>0x10b</size>
         <input_file_ref idref="fl-ce"/>
      </object_component>
      <object_component id="oc-60">
         <name>.debug_info</name>
         <load_address>0x8975</load_address>
         <run_address>0x8975</run_address>
         <size>0x1a9</size>
         <input_file_ref idref="fl-ce"/>
      </object_component>
      <object_component id="oc-43">
         <name>.debug_info</name>
         <load_address>0x8b1e</load_address>
         <run_address>0x8b1e</run_address>
         <size>0x119</size>
         <input_file_ref idref="fl-cf"/>
      </object_component>
      <object_component id="oc-23d">
         <name>.debug_info</name>
         <load_address>0x8c37</load_address>
         <run_address>0x8c37</run_address>
         <size>0x4b3</size>
         <input_file_ref idref="fl-d1"/>
      </object_component>
      <object_component id="oc-1e7">
         <name>.debug_info</name>
         <load_address>0x90ea</load_address>
         <run_address>0x90ea</run_address>
         <size>0x1a6</size>
         <input_file_ref idref="fl-d1"/>
      </object_component>
      <object_component id="oc-262">
         <name>.debug_info</name>
         <load_address>0x9290</load_address>
         <run_address>0x9290</run_address>
         <size>0x39</size>
         <input_file_ref idref="fl-d1"/>
      </object_component>
      <object_component id="oc-276">
         <name>.debug_info</name>
         <load_address>0x92c9</load_address>
         <run_address>0x92c9</run_address>
         <size>0x39</size>
         <input_file_ref idref="fl-d1"/>
      </object_component>
      <object_component id="oc-267">
         <name>.debug_info</name>
         <load_address>0x9302</load_address>
         <run_address>0x9302</run_address>
         <size>0x39</size>
         <input_file_ref idref="fl-d1"/>
      </object_component>
      <object_component id="oc-26c">
         <name>.debug_info</name>
         <load_address>0x933b</load_address>
         <run_address>0x933b</run_address>
         <size>0xcd</size>
         <input_file_ref idref="fl-d1"/>
      </object_component>
      <object_component id="oc-151">
         <name>.debug_info</name>
         <load_address>0x9408</load_address>
         <run_address>0x9408</run_address>
         <size>0x153</size>
         <input_file_ref idref="fl-d2"/>
      </object_component>
      <object_component id="oc-1d8">
         <name>.debug_info</name>
         <load_address>0x955b</load_address>
         <run_address>0x955b</run_address>
         <size>0x122</size>
         <input_file_ref idref="fl-d4"/>
      </object_component>
      <object_component id="oc-2b1">
         <name>.debug_info</name>
         <load_address>0x967d</load_address>
         <run_address>0x967d</run_address>
         <size>0xb3</size>
      </object_component>
      <object_component id="oc-1bf">
         <name>.debug_line</name>
         <load_address>0x0</load_address>
         <run_address>0x0</run_address>
         <size>0x19f</size>
         <input_file_ref idref="fl-2"/>
      </object_component>
      <object_component id="oc-1c6">
         <name>.debug_line</name>
         <load_address>0x19f</load_address>
         <run_address>0x19f</run_address>
         <size>0x2d</size>
         <input_file_ref idref="fl-2"/>
      </object_component>
      <object_component id="oc-2f">
         <name>.debug_line</name>
         <load_address>0x1cc</load_address>
         <run_address>0x1cc</run_address>
         <size>0xd7</size>
         <input_file_ref idref="fl-2"/>
      </object_component>
      <object_component id="oc-133">
         <name>.debug_line</name>
         <load_address>0x2a3</load_address>
         <run_address>0x2a3</run_address>
         <size>0x6f</size>
         <input_file_ref idref="fl-2"/>
      </object_component>
      <object_component id="oc-12c">
         <name>.debug_line</name>
         <load_address>0x312</load_address>
         <run_address>0x312</run_address>
         <size>0x20</size>
         <input_file_ref idref="fl-2"/>
      </object_component>
      <object_component id="oc-1ca">
         <name>.debug_line</name>
         <load_address>0x332</load_address>
         <run_address>0x332</run_address>
         <size>0x73</size>
         <input_file_ref idref="fl-2"/>
      </object_component>
      <object_component id="oc-127">
         <name>.debug_line</name>
         <load_address>0x3a5</load_address>
         <run_address>0x3a5</run_address>
         <size>0x70</size>
         <input_file_ref idref="fl-2"/>
      </object_component>
      <object_component id="oc-1bb">
         <name>.debug_line</name>
         <load_address>0x415</load_address>
         <run_address>0x415</run_address>
         <size>0x6b</size>
         <input_file_ref idref="fl-2"/>
      </object_component>
      <object_component id="oc-1c3">
         <name>.debug_line</name>
         <load_address>0x480</load_address>
         <run_address>0x480</run_address>
         <size>0x74</size>
         <input_file_ref idref="fl-2"/>
      </object_component>
      <object_component id="oc-12f">
         <name>.debug_line</name>
         <load_address>0x4f4</load_address>
         <run_address>0x4f4</run_address>
         <size>0x41</size>
         <input_file_ref idref="fl-3"/>
      </object_component>
      <object_component id="oc-34">
         <name>.debug_line</name>
         <load_address>0x535</load_address>
         <run_address>0x535</run_address>
         <size>0x41</size>
         <input_file_ref idref="fl-3"/>
      </object_component>
      <object_component id="oc-28">
         <name>.debug_line</name>
         <load_address>0x576</load_address>
         <run_address>0x576</run_address>
         <size>0xa1</size>
         <input_file_ref idref="fl-3"/>
      </object_component>
      <object_component id="oc-3f">
         <name>.debug_line</name>
         <load_address>0x617</load_address>
         <run_address>0x617</run_address>
         <size>0x20</size>
         <input_file_ref idref="fl-3"/>
      </object_component>
      <object_component id="oc-226">
         <name>.debug_line</name>
         <load_address>0x637</load_address>
         <run_address>0x637</run_address>
         <size>0x5b</size>
         <input_file_ref idref="fl-9"/>
      </object_component>
      <object_component id="oc-19b">
         <name>.debug_line</name>
         <load_address>0x692</load_address>
         <run_address>0x692</run_address>
         <size>0x6c</size>
         <input_file_ref idref="fl-9"/>
      </object_component>
      <object_component id="oc-195">
         <name>.debug_line</name>
         <load_address>0x6fe</load_address>
         <run_address>0x6fe</run_address>
         <size>0x6d</size>
         <input_file_ref idref="fl-9"/>
      </object_component>
      <object_component id="oc-c9">
         <name>.debug_line</name>
         <load_address>0x76b</load_address>
         <run_address>0x76b</run_address>
         <size>0x7d</size>
         <input_file_ref idref="fl-9"/>
      </object_component>
      <object_component id="oc-111">
         <name>.debug_line</name>
         <load_address>0x7e8</load_address>
         <run_address>0x7e8</run_address>
         <size>0x6c</size>
         <input_file_ref idref="fl-9"/>
      </object_component>
      <object_component id="oc-16f">
         <name>.debug_line</name>
         <load_address>0x854</load_address>
         <run_address>0x854</run_address>
         <size>0x20</size>
         <input_file_ref idref="fl-9"/>
      </object_component>
      <object_component id="oc-166">
         <name>.debug_line</name>
         <load_address>0x874</load_address>
         <run_address>0x874</run_address>
         <size>0x5e</size>
         <input_file_ref idref="fl-9"/>
      </object_component>
      <object_component id="oc-216">
         <name>.debug_line</name>
         <load_address>0x8d2</load_address>
         <run_address>0x8d2</run_address>
         <size>0x5b</size>
         <input_file_ref idref="fl-a"/>
      </object_component>
      <object_component id="oc-d0">
         <name>.debug_line</name>
         <load_address>0x92d</load_address>
         <run_address>0x92d</run_address>
         <size>0x75</size>
         <input_file_ref idref="fl-a"/>
      </object_component>
      <object_component id="oc-dc">
         <name>.debug_line</name>
         <load_address>0x9a2</load_address>
         <run_address>0x9a2</run_address>
         <size>0x6c</size>
         <input_file_ref idref="fl-a"/>
      </object_component>
      <object_component id="oc-78">
         <name>.debug_line</name>
         <load_address>0xa0e</load_address>
         <run_address>0xa0e</run_address>
         <size>0x6c</size>
         <input_file_ref idref="fl-a"/>
      </object_component>
      <object_component id="oc-e7">
         <name>.debug_line</name>
         <load_address>0xa7a</load_address>
         <run_address>0xa7a</run_address>
         <size>0x6c</size>
         <input_file_ref idref="fl-a"/>
      </object_component>
      <object_component id="oc-b2">
         <name>.debug_line</name>
         <load_address>0xae6</load_address>
         <run_address>0xae6</run_address>
         <size>0x71</size>
         <input_file_ref idref="fl-a"/>
      </object_component>
      <object_component id="oc-21a">
         <name>.debug_line</name>
         <load_address>0xb57</load_address>
         <run_address>0xb57</run_address>
         <size>0xc8</size>
         <input_file_ref idref="fl-b"/>
      </object_component>
      <object_component id="oc-222">
         <name>.debug_line</name>
         <load_address>0xc1f</load_address>
         <run_address>0xc1f</run_address>
         <size>0x58</size>
         <input_file_ref idref="fl-b"/>
      </object_component>
      <object_component id="oc-a2">
         <name>.debug_line</name>
         <load_address>0xc77</load_address>
         <run_address>0xc77</run_address>
         <size>0x6d</size>
         <input_file_ref idref="fl-b"/>
      </object_component>
      <object_component id="oc-9f">
         <name>.debug_line</name>
         <load_address>0xce4</load_address>
         <run_address>0xce4</run_address>
         <size>0xd2</size>
         <input_file_ref idref="fl-b"/>
      </object_component>
      <object_component id="oc-c4">
         <name>.debug_line</name>
         <load_address>0xdb6</load_address>
         <run_address>0xdb6</run_address>
         <size>0xc8</size>
         <input_file_ref idref="fl-b"/>
      </object_component>
      <object_component id="oc-22a">
         <name>.debug_line</name>
         <load_address>0xe7e</load_address>
         <run_address>0xe7e</run_address>
         <size>0x55</size>
         <input_file_ref idref="fl-c"/>
      </object_component>
      <object_component id="oc-228">
         <name>.debug_line</name>
         <load_address>0xed3</load_address>
         <run_address>0xed3</run_address>
         <size>0x5b</size>
         <input_file_ref idref="fl-c"/>
      </object_component>
      <object_component id="oc-de">
         <name>.debug_line</name>
         <load_address>0xf2e</load_address>
         <run_address>0xf2e</run_address>
         <size>0x70</size>
         <input_file_ref idref="fl-c"/>
      </object_component>
      <object_component id="oc-d6">
         <name>.debug_line</name>
         <load_address>0xf9e</load_address>
         <run_address>0xf9e</run_address>
         <size>0x99</size>
         <input_file_ref idref="fl-c"/>
      </object_component>
      <object_component id="oc-220">
         <name>.debug_line</name>
         <load_address>0x1037</load_address>
         <run_address>0x1037</run_address>
         <size>0x5b</size>
         <input_file_ref idref="fl-d"/>
      </object_component>
      <object_component id="oc-21e">
         <name>.debug_line</name>
         <load_address>0x1092</load_address>
         <run_address>0x1092</run_address>
         <size>0x56</size>
         <input_file_ref idref="fl-d"/>
      </object_component>
      <object_component id="oc-180">
         <name>.debug_line</name>
         <load_address>0x10e8</load_address>
         <run_address>0x10e8</run_address>
         <size>0x6e</size>
         <input_file_ref idref="fl-d"/>
      </object_component>
      <object_component id="oc-17a">
         <name>.debug_line</name>
         <load_address>0x1156</load_address>
         <run_address>0x1156</run_address>
         <size>0x85</size>
         <input_file_ref idref="fl-d"/>
      </object_component>
      <object_component id="oc-ba">
         <name>.debug_line</name>
         <load_address>0x11db</load_address>
         <run_address>0x11db</run_address>
         <size>0x6c</size>
         <input_file_ref idref="fl-d"/>
      </object_component>
      <object_component id="oc-ab">
         <name>.debug_line</name>
         <load_address>0x1247</load_address>
         <run_address>0x1247</run_address>
         <size>0x6c</size>
         <input_file_ref idref="fl-d"/>
      </object_component>
      <object_component id="oc-ed">
         <name>.debug_line</name>
         <load_address>0x12b3</load_address>
         <run_address>0x12b3</run_address>
         <size>0x6c</size>
         <input_file_ref idref="fl-d"/>
      </object_component>
      <object_component id="oc-b7">
         <name>.debug_line</name>
         <load_address>0x131f</load_address>
         <run_address>0x131f</run_address>
         <size>0x80</size>
         <input_file_ref idref="fl-d"/>
      </object_component>
      <object_component id="oc-1a7">
         <name>.debug_line</name>
         <load_address>0x139f</load_address>
         <run_address>0x139f</run_address>
         <size>0x6a</size>
         <input_file_ref idref="fl-e"/>
      </object_component>
      <object_component id="oc-218">
         <name>.debug_line</name>
         <load_address>0x1409</load_address>
         <run_address>0x1409</run_address>
         <size>0x5b</size>
         <input_file_ref idref="fl-f"/>
      </object_component>
      <object_component id="oc-fa">
         <name>.debug_line</name>
         <load_address>0x1464</load_address>
         <run_address>0x1464</run_address>
         <size>0x83</size>
         <input_file_ref idref="fl-f"/>
      </object_component>
      <object_component id="oc-ff">
         <name>.debug_line</name>
         <load_address>0x14e7</load_address>
         <run_address>0x14e7</run_address>
         <size>0x6a</size>
         <input_file_ref idref="fl-f"/>
      </object_component>
      <object_component id="oc-8a">
         <name>.debug_line</name>
         <load_address>0x1551</load_address>
         <run_address>0x1551</run_address>
         <size>0x78</size>
         <input_file_ref idref="fl-f"/>
      </object_component>
      <object_component id="oc-f4">
         <name>.debug_line</name>
         <load_address>0x15c9</load_address>
         <run_address>0x15c9</run_address>
         <size>0x6f</size>
         <input_file_ref idref="fl-f"/>
      </object_component>
      <object_component id="oc-7e">
         <name>.debug_line</name>
         <load_address>0x1638</load_address>
         <run_address>0x1638</run_address>
         <size>0x6a</size>
         <input_file_ref idref="fl-f"/>
      </object_component>
      <object_component id="oc-85">
         <name>.debug_line</name>
         <load_address>0x16a2</load_address>
         <run_address>0x16a2</run_address>
         <size>0x7a</size>
         <input_file_ref idref="fl-f"/>
      </object_component>
      <object_component id="oc-95">
         <name>.debug_line</name>
         <load_address>0x171c</load_address>
         <run_address>0x171c</run_address>
         <size>0x8e</size>
         <input_file_ref idref="fl-c5"/>
      </object_component>
      <object_component id="oc-9a">
         <name>.debug_line</name>
         <load_address>0x17aa</load_address>
         <run_address>0x17aa</run_address>
         <size>0x59</size>
         <input_file_ref idref="fl-c6"/>
      </object_component>
      <object_component id="oc-90">
         <name>.debug_line</name>
         <load_address>0x1803</load_address>
         <run_address>0x1803</run_address>
         <size>0x57</size>
         <input_file_ref idref="fl-c7"/>
      </object_component>
      <object_component id="oc-1d4">
         <name>.debug_line</name>
         <load_address>0x185a</load_address>
         <run_address>0x185a</run_address>
         <size>0x92</size>
         <input_file_ref idref="fl-c8"/>
      </object_component>
      <object_component id="oc-4f">
         <name>.debug_line</name>
         <load_address>0x18ec</load_address>
         <run_address>0x18ec</run_address>
         <size>0x4c</size>
         <input_file_ref idref="fl-c8"/>
      </object_component>
      <object_component id="oc-147">
         <name>.debug_line</name>
         <load_address>0x1938</load_address>
         <run_address>0x1938</run_address>
         <size>0x34</size>
         <input_file_ref idref="fl-c8"/>
      </object_component>
      <object_component id="oc-142">
         <name>.debug_line</name>
         <load_address>0x196c</load_address>
         <run_address>0x196c</run_address>
         <size>0x20</size>
         <input_file_ref idref="fl-c9"/>
      </object_component>
      <object_component id="oc-1f">
         <name>.debug_line</name>
         <load_address>0x198c</load_address>
         <run_address>0x198c</run_address>
         <size>0x55</size>
         <input_file_ref idref="fl-c9"/>
      </object_component>
      <object_component id="oc-4a">
         <name>.debug_line</name>
         <load_address>0x19e1</load_address>
         <run_address>0x19e1</run_address>
         <size>0x3a</size>
         <input_file_ref idref="fl-c9"/>
      </object_component>
      <object_component id="oc-13f">
         <name>.debug_line</name>
         <load_address>0x1a1b</load_address>
         <run_address>0x1a1b</run_address>
         <size>0x92</size>
         <input_file_ref idref="fl-c9"/>
      </object_component>
      <object_component id="oc-1d2">
         <name>.debug_line</name>
         <load_address>0x1aad</load_address>
         <run_address>0x1aad</run_address>
         <size>0x20</size>
         <input_file_ref idref="fl-ca"/>
      </object_component>
      <object_component id="oc-1a">
         <name>.debug_line</name>
         <load_address>0x1acd</load_address>
         <run_address>0x1acd</run_address>
         <size>0xa9</size>
         <input_file_ref idref="fl-ca"/>
      </object_component>
      <object_component id="oc-3a">
         <name>.debug_line</name>
         <load_address>0x1b76</load_address>
         <run_address>0x1b76</run_address>
         <size>0x3a</size>
         <input_file_ref idref="fl-ca"/>
      </object_component>
      <object_component id="oc-1cf">
         <name>.debug_line</name>
         <load_address>0x1bb0</load_address>
         <run_address>0x1bb0</run_address>
         <size>0x9a</size>
         <input_file_ref idref="fl-ca"/>
      </object_component>
      <object_component id="oc-138">
         <name>.debug_line</name>
         <load_address>0x1c4a</load_address>
         <run_address>0x1c4a</run_address>
         <size>0x96</size>
         <input_file_ref idref="fl-ca"/>
      </object_component>
      <object_component id="oc-22f">
         <name>.debug_line</name>
         <load_address>0x1ce0</load_address>
         <run_address>0x1ce0</run_address>
         <size>0x20</size>
         <input_file_ref idref="fl-cb"/>
      </object_component>
      <object_component id="oc-10b">
         <name>.debug_line</name>
         <load_address>0x1d00</load_address>
         <run_address>0x1d00</run_address>
         <size>0xae</size>
         <input_file_ref idref="fl-cb"/>
      </object_component>
      <object_component id="oc-22d">
         <name>.debug_line</name>
         <load_address>0x1dae</load_address>
         <run_address>0x1dae</run_address>
         <size>0x20</size>
         <input_file_ref idref="fl-cc"/>
      </object_component>
      <object_component id="oc-105">
         <name>.debug_line</name>
         <load_address>0x1dce</load_address>
         <run_address>0x1dce</run_address>
         <size>0xa8</size>
         <input_file_ref idref="fl-cc"/>
      </object_component>
      <object_component id="oc-231">
         <name>.debug_line</name>
         <load_address>0x1e76</load_address>
         <run_address>0x1e76</run_address>
         <size>0x20</size>
         <input_file_ref idref="fl-cd"/>
      </object_component>
      <object_component id="oc-115">
         <name>.debug_line</name>
         <load_address>0x1e96</load_address>
         <run_address>0x1e96</run_address>
         <size>0xae</size>
         <input_file_ref idref="fl-cd"/>
      </object_component>
      <object_component id="oc-72">
         <name>.debug_line</name>
         <load_address>0x1f44</load_address>
         <run_address>0x1f44</run_address>
         <size>0x33</size>
         <input_file_ref idref="fl-ce"/>
      </object_component>
      <object_component id="oc-63">
         <name>.debug_line</name>
         <load_address>0x1f77</load_address>
         <run_address>0x1f77</run_address>
         <size>0x45</size>
         <input_file_ref idref="fl-ce"/>
      </object_component>
      <object_component id="oc-42">
         <name>.debug_line</name>
         <load_address>0x1fbc</load_address>
         <run_address>0x1fbc</run_address>
         <size>0x88</size>
         <input_file_ref idref="fl-cf"/>
      </object_component>
      <object_component id="oc-261">
         <name>.debug_line</name>
         <load_address>0x2044</load_address>
         <run_address>0x2044</run_address>
         <size>0xbf</size>
         <input_file_ref idref="fl-d1"/>
      </object_component>
      <object_component id="oc-1e6">
         <name>.debug_line</name>
         <load_address>0x2103</load_address>
         <run_address>0x2103</run_address>
         <size>0x6f</size>
         <input_file_ref idref="fl-d1"/>
      </object_component>
      <object_component id="oc-265">
         <name>.debug_line</name>
         <load_address>0x2172</load_address>
         <run_address>0x2172</run_address>
         <size>0x2e</size>
         <input_file_ref idref="fl-d1"/>
      </object_component>
      <object_component id="oc-279">
         <name>.debug_line</name>
         <load_address>0x21a0</load_address>
         <run_address>0x21a0</run_address>
         <size>0x9a</size>
         <input_file_ref idref="fl-d1"/>
      </object_component>
      <object_component id="oc-26a">
         <name>.debug_line</name>
         <load_address>0x223a</load_address>
         <run_address>0x223a</run_address>
         <size>0x97</size>
         <input_file_ref idref="fl-d1"/>
      </object_component>
      <object_component id="oc-26f">
         <name>.debug_line</name>
         <load_address>0x22d1</load_address>
         <run_address>0x22d1</run_address>
         <size>0x93</size>
         <input_file_ref idref="fl-d1"/>
      </object_component>
      <object_component id="oc-154">
         <name>.debug_line</name>
         <load_address>0x2364</load_address>
         <run_address>0x2364</run_address>
         <size>0x40</size>
         <input_file_ref idref="fl-d2"/>
      </object_component>
      <object_component id="oc-1dc">
         <name>.debug_line</name>
         <load_address>0x23a4</load_address>
         <run_address>0x23a4</run_address>
         <size>0x3c</size>
         <input_file_ref idref="fl-d4"/>
      </object_component>
      <object_component id="oc-2e">
         <name>.debug_frame</name>
         <load_address>0x0</load_address>
         <run_address>0x0</run_address>
         <size>0x8c</size>
         <input_file_ref idref="fl-2"/>
      </object_component>
      <object_component id="oc-2c">
         <name>.debug_frame</name>
         <load_address>0x8c</load_address>
         <run_address>0x8c</run_address>
         <size>0x90</size>
         <input_file_ref idref="fl-3"/>
      </object_component>
      <object_component id="oc-19c">
         <name>.debug_frame</name>
         <load_address>0x474</load_address>
         <run_address>0x474</run_address>
         <size>0x7f</size>
         <input_file_ref idref="fl-9"/>
      </object_component>
      <object_component id="oc-196">
         <name>.debug_frame</name>
         <load_address>0x4f3</load_address>
         <run_address>0x4f3</run_address>
         <size>0x7f</size>
         <input_file_ref idref="fl-9"/>
      </object_component>
      <object_component id="oc-ca">
         <name>.debug_frame</name>
         <load_address>0x572</load_address>
         <run_address>0x572</run_address>
         <size>0x8b</size>
         <input_file_ref idref="fl-9"/>
      </object_component>
      <object_component id="oc-112">
         <name>.debug_frame</name>
         <load_address>0x5fd</load_address>
         <run_address>0x5fd</run_address>
         <size>0x7f</size>
         <input_file_ref idref="fl-9"/>
      </object_component>
      <object_component id="oc-cf">
         <name>.debug_frame</name>
         <load_address>0x67c</load_address>
         <run_address>0x67c</run_address>
         <size>0x7f</size>
         <input_file_ref idref="fl-a"/>
      </object_component>
      <object_component id="oc-db">
         <name>.debug_frame</name>
         <load_address>0x6fb</load_address>
         <run_address>0x6fb</run_address>
         <size>0x7f</size>
         <input_file_ref idref="fl-a"/>
      </object_component>
      <object_component id="oc-79">
         <name>.debug_frame</name>
         <load_address>0x77a</load_address>
         <run_address>0x77a</run_address>
         <size>0x7f</size>
         <input_file_ref idref="fl-a"/>
      </object_component>
      <object_component id="oc-e8">
         <name>.debug_frame</name>
         <load_address>0x7f9</load_address>
         <run_address>0x7f9</run_address>
         <size>0x7f</size>
         <input_file_ref idref="fl-a"/>
      </object_component>
      <object_component id="oc-b1">
         <name>.debug_frame</name>
         <load_address>0x878</load_address>
         <run_address>0x878</run_address>
         <size>0x7f</size>
         <input_file_ref idref="fl-a"/>
      </object_component>
      <object_component id="oc-a6">
         <name>.debug_frame</name>
         <load_address>0x8f7</load_address>
         <run_address>0x8f7</run_address>
         <size>0x7f</size>
         <input_file_ref idref="fl-b"/>
      </object_component>
      <object_component id="oc-a0">
         <name>.debug_frame</name>
         <load_address>0x976</load_address>
         <run_address>0x976</run_address>
         <size>0x90</size>
         <input_file_ref idref="fl-b"/>
      </object_component>
      <object_component id="oc-c3">
         <name>.debug_frame</name>
         <load_address>0xa06</load_address>
         <run_address>0xa06</run_address>
         <size>0x8c</size>
         <input_file_ref idref="fl-b"/>
      </object_component>
      <object_component id="oc-df">
         <name>.debug_frame</name>
         <load_address>0xa92</load_address>
         <run_address>0xa92</run_address>
         <size>0x87</size>
         <input_file_ref idref="fl-c"/>
      </object_component>
      <object_component id="oc-d2">
         <name>.debug_frame</name>
         <load_address>0xb19</load_address>
         <run_address>0xb19</run_address>
         <size>0x7f</size>
         <input_file_ref idref="fl-c"/>
      </object_component>
      <object_component id="oc-184">
         <name>.debug_frame</name>
         <load_address>0xb98</load_address>
         <run_address>0xb98</run_address>
         <size>0x7f</size>
         <input_file_ref idref="fl-d"/>
      </object_component>
      <object_component id="oc-17e">
         <name>.debug_frame</name>
         <load_address>0xc17</load_address>
         <run_address>0xc17</run_address>
         <size>0x88</size>
         <input_file_ref idref="fl-d"/>
      </object_component>
      <object_component id="oc-be">
         <name>.debug_frame</name>
         <load_address>0xc9f</load_address>
         <run_address>0xc9f</run_address>
         <size>0x87</size>
         <input_file_ref idref="fl-d"/>
      </object_component>
      <object_component id="oc-ac">
         <name>.debug_frame</name>
         <load_address>0xd26</load_address>
         <run_address>0xd26</run_address>
         <size>0x87</size>
         <input_file_ref idref="fl-d"/>
      </object_component>
      <object_component id="oc-ee">
         <name>.debug_frame</name>
         <load_address>0xdad</load_address>
         <run_address>0xdad</run_address>
         <size>0x87</size>
         <input_file_ref idref="fl-d"/>
      </object_component>
      <object_component id="oc-b8">
         <name>.debug_frame</name>
         <load_address>0xe34</load_address>
         <run_address>0xe34</run_address>
         <size>0x87</size>
         <input_file_ref idref="fl-d"/>
      </object_component>
      <object_component id="oc-1ab">
         <name>.debug_frame</name>
         <load_address>0xebb</load_address>
         <run_address>0xebb</run_address>
         <size>0x7f</size>
         <input_file_ref idref="fl-e"/>
      </object_component>
      <object_component id="oc-f9">
         <name>.debug_frame</name>
         <load_address>0xf3a</load_address>
         <run_address>0xf3a</run_address>
         <size>0x8b</size>
         <input_file_ref idref="fl-f"/>
      </object_component>
      <object_component id="oc-100">
         <name>.debug_frame</name>
         <load_address>0xfc5</load_address>
         <run_address>0xfc5</run_address>
         <size>0x7f</size>
         <input_file_ref idref="fl-f"/>
      </object_component>
      <object_component id="oc-8b">
         <name>.debug_frame</name>
         <load_address>0x1044</load_address>
         <run_address>0x1044</run_address>
         <size>0x7f</size>
         <input_file_ref idref="fl-f"/>
      </object_component>
      <object_component id="oc-f3">
         <name>.debug_frame</name>
         <load_address>0x10c3</load_address>
         <run_address>0x10c3</run_address>
         <size>0x8b</size>
         <input_file_ref idref="fl-f"/>
      </object_component>
      <object_component id="oc-7f">
         <name>.debug_frame</name>
         <load_address>0x114e</load_address>
         <run_address>0x114e</run_address>
         <size>0x7f</size>
         <input_file_ref idref="fl-f"/>
      </object_component>
      <object_component id="oc-84">
         <name>.debug_frame</name>
         <load_address>0x11cd</load_address>
         <run_address>0x11cd</run_address>
         <size>0x7f</size>
         <input_file_ref idref="fl-f"/>
      </object_component>
      <object_component id="oc-4e">
         <name>.debug_frame</name>
         <load_address>0x11c</load_address>
         <run_address>0x11c</run_address>
         <size>0x54</size>
         <input_file_ref idref="fl-c8"/>
      </object_component>
      <object_component id="oc-20">
         <name>.debug_frame</name>
         <load_address>0x170</load_address>
         <run_address>0x170</run_address>
         <size>0x54</size>
         <input_file_ref idref="fl-c9"/>
      </object_component>
      <object_component id="oc-16">
         <name>.debug_frame</name>
         <load_address>0x1c4</load_address>
         <run_address>0x1c4</run_address>
         <size>0x60</size>
         <input_file_ref idref="fl-ca"/>
      </object_component>
      <object_component id="oc-10c">
         <name>.debug_frame</name>
         <load_address>0x224</load_address>
         <run_address>0x224</run_address>
         <size>0x54</size>
         <input_file_ref idref="fl-cb"/>
      </object_component>
      <object_component id="oc-106">
         <name>.debug_frame</name>
         <load_address>0x278</load_address>
         <run_address>0x278</run_address>
         <size>0x54</size>
         <input_file_ref idref="fl-cc"/>
      </object_component>
      <object_component id="oc-118">
         <name>.debug_frame</name>
         <load_address>0x2cc</load_address>
         <run_address>0x2cc</run_address>
         <size>0x54</size>
         <input_file_ref idref="fl-cd"/>
      </object_component>
      <object_component id="oc-64">
         <name>.debug_frame</name>
         <load_address>0x320</load_address>
         <run_address>0x320</run_address>
         <size>0x50</size>
         <input_file_ref idref="fl-ce"/>
      </object_component>
      <object_component id="oc-1e4">
         <name>.debug_frame</name>
         <load_address>0x370</load_address>
         <run_address>0x370</run_address>
         <size>0x5c</size>
         <input_file_ref idref="fl-d1"/>
      </object_component>
      <object_component id="oc-155">
         <name>.debug_frame</name>
         <load_address>0x3cc</load_address>
         <run_address>0x3cc</run_address>
         <size>0x54</size>
         <input_file_ref idref="fl-d2"/>
      </object_component>
      <object_component id="oc-1db">
         <name>.debug_frame</name>
         <load_address>0x420</load_address>
         <run_address>0x420</run_address>
         <size>0x54</size>
         <input_file_ref idref="fl-d4"/>
      </object_component>
      <object_component id="oc-1be">
         <name>.debug_abbrev</name>
         <load_address>0x0</load_address>
         <run_address>0x0</run_address>
         <size>0x105</size>
         <input_file_ref idref="fl-2"/>
      </object_component>
      <object_component id="oc-1c5">
         <name>.debug_abbrev</name>
         <load_address>0x105</load_address>
         <run_address>0x105</run_address>
         <size>0x29</size>
         <input_file_ref idref="fl-2"/>
      </object_component>
      <object_component id="oc-123">
         <name>.debug_abbrev</name>
         <load_address>0x12e</load_address>
         <run_address>0x12e</run_address>
         <size>0xa9</size>
         <input_file_ref idref="fl-2"/>
      </object_component>
      <object_component id="oc-132">
         <name>.debug_abbrev</name>
         <load_address>0x1d7</load_address>
         <run_address>0x1d7</run_address>
         <size>0x69</size>
         <input_file_ref idref="fl-2"/>
      </object_component>
      <object_component id="oc-12b">
         <name>.debug_abbrev</name>
         <load_address>0x240</load_address>
         <run_address>0x240</run_address>
         <size>0x1f</size>
         <input_file_ref idref="fl-2"/>
      </object_component>
      <object_component id="oc-1c9">
         <name>.debug_abbrev</name>
         <load_address>0x25f</load_address>
         <run_address>0x25f</run_address>
         <size>0x5c</size>
         <input_file_ref idref="fl-2"/>
      </object_component>
      <object_component id="oc-126">
         <name>.debug_abbrev</name>
         <load_address>0x2bb</load_address>
         <run_address>0x2bb</run_address>
         <size>0x24</size>
         <input_file_ref idref="fl-2"/>
      </object_component>
      <object_component id="oc-1ba">
         <name>.debug_abbrev</name>
         <load_address>0x2df</load_address>
         <run_address>0x2df</run_address>
         <size>0x24</size>
         <input_file_ref idref="fl-2"/>
      </object_component>
      <object_component id="oc-1c2">
         <name>.debug_abbrev</name>
         <load_address>0x303</load_address>
         <run_address>0x303</run_address>
         <size>0x33</size>
         <input_file_ref idref="fl-2"/>
      </object_component>
      <object_component id="oc-12e">
         <name>.debug_abbrev</name>
         <load_address>0x336</load_address>
         <run_address>0x336</run_address>
         <size>0x7c</size>
         <input_file_ref idref="fl-3"/>
      </object_component>
      <object_component id="oc-33">
         <name>.debug_abbrev</name>
         <load_address>0x3b2</load_address>
         <run_address>0x3b2</run_address>
         <size>0x29</size>
         <input_file_ref idref="fl-3"/>
      </object_component>
      <object_component id="oc-73">
         <name>.debug_abbrev</name>
         <load_address>0x3db</load_address>
         <run_address>0x3db</run_address>
         <size>0x79</size>
         <input_file_ref idref="fl-3"/>
      </object_component>
      <object_component id="oc-3e">
         <name>.debug_abbrev</name>
         <load_address>0x454</load_address>
         <run_address>0x454</run_address>
         <size>0x1f</size>
         <input_file_ref idref="fl-3"/>
      </object_component>
      <object_component id="oc-225">
         <name>.debug_abbrev</name>
         <load_address>0x473</load_address>
         <run_address>0x473</run_address>
         <size>0x72</size>
         <input_file_ref idref="fl-9"/>
      </object_component>
      <object_component id="oc-224">
         <name>.debug_abbrev</name>
         <load_address>0x4e5</load_address>
         <run_address>0x4e5</run_address>
         <size>0x6c</size>
         <input_file_ref idref="fl-9"/>
      </object_component>
      <object_component id="oc-223">
         <name>.debug_abbrev</name>
         <load_address>0x551</load_address>
         <run_address>0x551</run_address>
         <size>0x8b</size>
         <input_file_ref idref="fl-9"/>
      </object_component>
      <object_component id="oc-19d">
         <name>.debug_abbrev</name>
         <load_address>0x5dc</load_address>
         <run_address>0x5dc</run_address>
         <size>0x7a</size>
         <input_file_ref idref="fl-9"/>
      </object_component>
      <object_component id="oc-1b6">
         <name>.debug_abbrev</name>
         <load_address>0x656</load_address>
         <run_address>0x656</run_address>
         <size>0x8b</size>
         <input_file_ref idref="fl-9"/>
      </object_component>
      <object_component id="oc-16e">
         <name>.debug_abbrev</name>
         <load_address>0x6e1</load_address>
         <run_address>0x6e1</run_address>
         <size>0x23</size>
         <input_file_ref idref="fl-9"/>
      </object_component>
      <object_component id="oc-165">
         <name>.debug_abbrev</name>
         <load_address>0x704</load_address>
         <run_address>0x704</run_address>
         <size>0x35</size>
         <input_file_ref idref="fl-9"/>
      </object_component>
      <object_component id="oc-215">
         <name>.debug_abbrev</name>
         <load_address>0x739</load_address>
         <run_address>0x739</run_address>
         <size>0x6b</size>
         <input_file_ref idref="fl-a"/>
      </object_component>
      <object_component id="oc-19f">
         <name>.debug_abbrev</name>
         <load_address>0x7a4</load_address>
         <run_address>0x7a4</run_address>
         <size>0x6c</size>
         <input_file_ref idref="fl-a"/>
      </object_component>
      <object_component id="oc-1a5">
         <name>.debug_abbrev</name>
         <load_address>0x810</load_address>
         <run_address>0x810</run_address>
         <size>0x6c</size>
         <input_file_ref idref="fl-a"/>
      </object_component>
      <object_component id="oc-162">
         <name>.debug_abbrev</name>
         <load_address>0x87c</load_address>
         <run_address>0x87c</run_address>
         <size>0x6c</size>
[...]
         <name>.debug_pubnames</name>
         <load_address>0x0</load_address>
         <run_address>0x0</run_address>
         <size>0x815</size>
         <contents>
            <object_component_ref idref="oc-11b"/>
            <object_component_ref idref="oc-122"/>
            <object_component_ref idref="oc-32"/>
            <object_component_ref idref="oc-14"/>
            <object_component_ref idref="oc-2b"/>
            <object_component_ref idref="oc-19a"/>
            <object_component_ref idref="oc-194"/>
            <object_component_ref idref="oc-c8"/>
            <object_component_ref idref="oc-110"/>
            <object_component_ref idref="oc-cd"/>
            <object_component_ref idref="oc-d9"/>
            <object_component_ref idref="oc-76"/>
            <object_component_ref idref="oc-e5"/>
            <object_component_ref idref="oc-af"/>
            <object_component_ref idref="oc-18f"/>
            <object_component_ref idref="oc-a5"/>
            <object_component_ref idref="oc-9d"/>
            <object_component_ref idref="oc-c1"/>
            <object_component_ref idref="oc-1a2"/>
            <object_component_ref idref="oc-e1"/>
            <object_component_ref idref="oc-d4"/>
            <object_component_ref idref="oc-189"/>
            <object_component_ref idref="oc-182"/>
            <object_component_ref idref="oc-17c"/>
            <object_component_ref idref="oc-bd"/>
            <object_component_ref idref="oc-aa"/>
            <object_component_ref idref="oc-ec"/>
            <object_component_ref idref="oc-b6"/>
            <object_component_ref idref="oc-1a9"/>
            <object_component_ref idref="oc-f8"/>
            <object_component_ref idref="oc-fe"/>
            <object_component_ref idref="oc-89"/>
            <object_component_ref idref="oc-f2"/>
            <object_component_ref idref="oc-7d"/>
            <object_component_ref idref="oc-82"/>
            <object_component_ref idref="oc-94"/>
            <object_component_ref idref="oc-98"/>
            <object_component_ref idref="oc-8e"/>
            <object_component_ref idref="oc-52"/>
            <object_component_ref idref="oc-1d"/>
            <object_component_ref idref="oc-18"/>
            <object_component_ref idref="oc-10a"/>
            <object_component_ref idref="oc-104"/>
            <object_component_ref idref="oc-117"/>
            <object_component_ref idref="oc-26"/>
            <object_component_ref idref="oc-62"/>
            <object_component_ref idref="oc-45"/>
            <object_component_ref idref="oc-1e8"/>
            <object_component_ref idref="oc-153"/>
            <object_component_ref idref="oc-1d9"/>
         </contents>
      </logical_group>
      <logical_group id="lg-2a1" display="never" color="cyan">
         <name>.debug_pubtypes</name>
         <load_address>0x0</load_address>
         <run_address>0x0</run_address>
         <size>0xd88</size>
         <contents>
            <object_component_ref idref="oc-131"/>
            <object_component_ref idref="oc-12a"/>
            <object_component_ref idref="oc-1c8"/>
            <object_component_ref idref="oc-125"/>
            <object_component_ref idref="oc-1b9"/>
            <object_component_ref idref="oc-1c1"/>
            <object_component_ref idref="oc-3d"/>
            <object_component_ref idref="oc-16d"/>
            <object_component_ref idref="oc-164"/>
            <object_component_ref idref="oc-145"/>
            <object_component_ref idref="oc-48"/>
            <object_component_ref idref="oc-13d"/>
            <object_component_ref idref="oc-38"/>
            <object_component_ref idref="oc-1cd"/>
            <object_component_ref idref="oc-136"/>
            <object_component_ref idref="oc-263"/>
            <object_component_ref idref="oc-277"/>
            <object_component_ref idref="oc-268"/>
            <object_component_ref idref="oc-26d"/>
         </contents>
      </logical_group>
      <logical_group id="lg-2af" display="no" color="cyan">
         <name>Veneer$$CMSE</name>
         <run_address>0x0</run_address>
         <size>0x0</size>
         <contents>
         </contents>
      </logical_group>
      <load_segment id="lg-2b5" display="no" color="cyan">
         <name>SEGMENT_0</name>
         <load_address>0x0</load_address>
         <run_address>0x0</run_address>
         <size>0xfa8</size>
         <flags>0x5</flags>
         <contents>
            <logical_group_ref idref="lg-3"/>
            <logical_group_ref idref="lg-4"/>
            <logical_group_ref idref="lg-5"/>
            <logical_group_ref idref="lg-6"/>
         </contents>
      </load_segment>
      <load_segment id="lg-2b6" display="no" color="cyan">
         <name>SEGMENT_1</name>
         <run_address>0x20000000</run_address>
         <size>0x25c</size>
         <flags>0x6</flags>
         <contents>
            <logical_group_ref idref="lg-d"/>
            <logical_group_ref idref="lg-b"/>
            <logical_group_ref idref="lg-a"/>
         </contents>
      </load_segment>
   </logical_group_list>
   <placement_map>
      <memory_area display="yes" color="green">
         <name>FLASH</name>
         <page_id>0x0</page_id>
         <origin>0x0</origin>
         <length>0x40000</length>
         <used_space>0xfa6</used_space>
         <unused_space>0x3f05a</unused_space>
         <attributes>RX</attributes>
         <usage_details>
            <allocated_space>
               <start_address>0x0</start_address>
               <size>0x26c</size>
               <logical_group_ref idref="lg-3"/>
            </allocated_space>
            <allocated_space>
               <start_address>0x26c</start_address>
               <size>0xbb6</size>
               <logical_group_ref idref="lg-4"/>
            </allocated_space>
            <available_space>
               <start_address>0xe22</start_address>
               <size>0x2</size>
            </available_space>
            <allocated_space>
               <start_address>0xe24</start_address>
               <size>0x154</size>
               <logical_group_ref idref="lg-5"/>
            </allocated_space>
            <allocated_space>
               <start_address>0xf78</start_address>
               <size>0x30</size>
               <logical_group_ref idref="lg-6"/>
            </allocated_space>
            <available_space>
               <start_address>0xfa8</start_address>
               <size>0x3f058</size>
            </available_space>
         </usage_details>
      </memory_area>
      <memory_area display="yes" color="green">
         <name>SRAM</name>
         <page_id>0x0</page_id>
         <origin>0x20000000</origin>
         <length>0x8000</length>
         <used_space>0x25c</used_space>
         <unused_space>0x7da4</unused_space>
         <attributes>RWX</attributes>
         <usage_details>
            <allocated_space>
               <start_address>0x20000000</start_address>
               <size>0x0</size>
               <logical_group_ref idref="lg-284"/>
            </allocated_space>
            <allocated_space>
               <start_address>0x20000000</start_address>
               <size>0x200</size>
               <logical_group_ref idref="lg-d"/>
            </allocated_space>
            <allocated_space>
               <start_address>0x20000200</start_address>
               <size>0x58</size>
               <logical_group_ref idref="lg-b"/>
            </allocated_space>
            <allocated_space>
               <start_address>0x20000258</start_address>
               <size>0x4</size>
               <logical_group_ref idref="lg-a"/>
            </allocated_space>
            <available_space>
               <start_address>0x2000025c</start_address>
               <size>0x7da4</size>
            </available_space>
         </usage_details>
      </memory_area>
   </placement_map>
   <cptbl_list>
      <cptbl>
         <name>__TI_cinit_table</name>
         <cprec>
            <name>.bss</name>
            <load_address>0xf88</load_address>
            <load_size>0x8</load_size>
            <run_address>0x20000200</run_address>
            <run_size>0x58</run_size>
            <compression>zero_init</compression>
         </cprec>
         <cprec>
            <name>.data</name>
            <load_address>0xf90</load_address>
            <load_size>0x7</load_size>
            <run_address>0x20000258</run_address>
            <run_size>0x4</run_size>
            <compression>lzss</compression>
         </cprec>
      </cptbl>
   </cptbl_list>
   <handler_table>
      <handler_table_name>__TI_handler_table</handler_table_name>
      <handler>
         <index>0x0</index>
         <name>__TI_decompress_lzss</name>
      </handler>
      <handler>
         <index>0x1</index>
         <name>__TI_decompress_none</name>
      </handler>
      <handler>
         <index>0x2</index>
         <name>__TI_zero_init</name>
      </handler>
   </handler_table>
   <symbol_table>
      <symbol id="sm-1">
         <name>__STACK_TOP</name>
         <value>0x20000200</value>
      </symbol>
      <symbol id="sm-2">
         <name>__start___llvm_prf_cnts</name>
         <value>0x20000000</value>
      </symbol>
      <symbol id="sm-3">
         <name>__stop___llvm_prf_cnts</name>
         <value>0x20000000</value>
      </symbol>
      <symbol id="sm-4">
         <name>__TI_CINIT_Base</name>
         <value>0xf98</value>
      </symbol>
      <symbol id="sm-5">
         <name>__TI_CINIT_Limit</name>
         <value>0xfa8</value>
      </symbol>
      <symbol id="sm-6">
         <name>__TI_Handler_Table_Base</name>
         <value>0xf78</value>
      </symbol>
      <symbol id="sm-7">
         <name>__TI_Handler_Table_Limit</name>
         <value>0xf84</value>
      </symbol>
      <symbol id="sm-8">
         <name>binit</name>
         <value>0xffffffff</value>
      </symbol>
      <symbol id="sm-9">
         <name>__binit__</name>
         <value>0xffffffff</value>
      </symbol>
      <symbol id="sm-a">
         <name>__STACK_SIZE</name>
         <value>0x200</value>
      </symbol>
      <symbol id="sm-b">
         <name>__STACK_END</name>
         <value>0x20000200</value>
      </symbol>
      <symbol id="sm-c">
         <name>__c_args__</name>
         <value>0xffffffff</value>
      </symbol>
      <symbol id="sm-d">
         <name>__TI_pprof_out_hndl</name>
         <value>0xffffffff</value>
      </symbol>
      <symbol id="sm-e">
         <name>__TI_prof_data_start</name>
         <value>0xffffffff</value>
      </symbol>
      <symbol id="sm-f">
         <name>__TI_prof_data_size</name>
         <value>0xffffffff</value>
      </symbol>
      <symbol id="sm-7d">
         <name>ui32ADC0Value</name>
         <value>0x20000234</value>
      </symbol>
      <symbol id="sm-7e">
         <name>ui32DigitalValue</name>
         <value>0x20000250</value>
      </symbol>
      <symbol id="sm-7f">
         <name>ui32Voltage</name>
         <value>0x20000254</value>
      </symbol>
      <symbol id="sm-80">
         <name>messageBuffer</name>
         <value>0x20000200</value>
      </symbol>
      <symbol id="sm-81">
         <name>voltageBuffer</name>
         <value>0x20000244</value>
      </symbol>
      <symbol id="sm-82">
         <name>main</name>
         <value>0x34d</value>
         <object_component_ref idref="oc-2d"/>
      </symbol>
      <symbol id="sm-83">
         <name>IntToStr</name>
         <value>0x26d</value>
         <object_component_ref idref="oc-2d"/>
      </symbol>
      <symbol id="sm-84">
         <name>Timer0IntHandler</name>
         <value>0x2db</value>
         <object_component_ref idref="oc-2d"/>
      </symbol>
      <symbol id="sm-85">
         <name>idx</name>
         <value>0x20000258</value>
         <object_component_ref idref="oc-120"/>
      </symbol>
      <symbol id="sm-a6">
         <name>ResetISR</name>
         <value>0xde9</value>
         <object_component_ref idref="oc-27"/>
      </symbol>
      <symbol id="sm-a7">
         <name>g_pfnVectors</name>
         <value>0x0</value>
         <object_component_ref idref="oc-12"/>
      </symbol>
      <symbol id="sm-df">
         <name>UARTConfigSetExpClk</name>
         <value>0xb19</value>
         <object_component_ref idref="oc-c5"/>
      </symbol>
      <symbol id="sm-e0">
         <name>UARTDisable</name>
         <value>0xce1</value>
         <object_component_ref idref="oc-191"/>
      </symbol>
      <symbol id="sm-e1">
         <name>UARTCharPut</name>
         <value>0xdff</value>
         <object_component_ref idref="oc-10d"/>
      </symbol>
      <symbol id="sm-e2">
         <name>UARTEnable</name>
         <value>0xd2f</value>
         <object_component_ref idref="oc-197"/>
      </symbol>
      <symbol id="sm-111">
         <name>TimerLoadSet</name>
         <value>0xda1</value>
         <object_component_ref idref="oc-cb"/>
      </symbol>
      <symbol id="sm-112">
         <name>TimerEnable</name>
         <value>0xdc1</value>
         <object_component_ref idref="oc-e3"/>
      </symbol>
      <symbol id="sm-113">
         <name>TimerIntEnable</name>
         <value>0xe09</value>
         <object_component_ref idref="oc-d7"/>
      </symbol>
      <symbol id="sm-114">
         <name>TimerConfigure</name>
         <value>0xc7d</value>
         <object_component_ref idref="oc-ad"/>
      </symbol>
      <symbol id="sm-115">
         <name>TimerIntClear</name>
         <value>0xe17</value>
         <object_component_ref idref="oc-74"/>
      </symbol>
      <symbol id="sm-160">
         <name>SysCtlClockSet</name>
         <value>0x4f9</value>
         <object_component_ref idref="oc-9b"/>
      </symbol>
      <symbol id="sm-161">
         <name>SysCtlDelay</name>
         <value>0xe11</value>
         <object_component_ref idref="oc-175"/>
      </symbol>
      <symbol id="sm-162">
         <name>SysCtlPeripheralEnable</name>
         <value>0xb91</value>
         <object_component_ref idref="oc-a1"/>
      </symbol>
      <symbol id="sm-163">
         <name>SysCtlClockGet</name>
         <value>0x6f9</value>
         <object_component_ref idref="oc-bf"/>
      </symbol>
      <symbol id="sm-191">
         <name>IntEnable</name>
         <value>0x9e9</value>
         <object_component_ref idref="oc-d1"/>
      </symbol>
      <symbol id="sm-192">
         <name>IntMasterEnable</name>
         <value>0xdf5</value>
         <object_component_ref idref="oc-dd"/>
      </symbol>
      <symbol id="sm-1d2">
         <name>GPIOPinConfigure</name>
         <value>0xa49</value>
         <object_component_ref idref="oc-b3"/>
      </symbol>
      <symbol id="sm-1d3">
         <name>GPIOPinTypeADC</name>
         <value>0xd6b</value>
         <object_component_ref idref="oc-e9"/>
      </symbol>
      <symbol id="sm-1d4">
         <name>GPIOPinTypeUART</name>
         <value>0xd8f</value>
         <object_component_ref idref="oc-b9"/>
      </symbol>
      <symbol id="sm-1d5">
         <name>GPIOPinTypeGPIOOutput</name>
         <value>0xd7d</value>
         <object_component_ref idref="oc-a7"/>
      </symbol>
      <symbol id="sm-1d6">
         <name>GPIODirModeSet</name>
         <value>0xc53</value>
         <object_component_ref idref="oc-17f"/>
      </symbol>
      <symbol id="sm-1d7">
         <name>GPIOPadConfigSet</name>
         <value>0x7bd</value>
         <object_component_ref idref="oc-179"/>
      </symbol>
      <symbol id="sm-1e1">
         <name>CPUcpsie</name>
         <value>0xddd</value>
         <object_component_ref idref="oc-1a6"/>
      </symbol>
      <symbol id="sm-223">
         <name>ADCProcessorTrigger</name>
         <value>0xd19</value>
         <object_component_ref idref="oc-7a"/>
      </symbol>
      <symbol id="sm-224">
         <name>ADCSequenceEnable</name>
         <value>0xdb3</value>
         <object_component_ref idref="oc-fb"/>
      </symbol>
      <symbol id="sm-225">
         <name>ADCSequenceConfigure</name>
         <value>0xc27</value>
         <object_component_ref idref="oc-ef"/>
      </symbol>
      <symbol id="sm-226">
         <name>ADCSequenceStepConfigure</name>
         <value>0x911</value>
         <object_component_ref idref="oc-f5"/>
      </symbol>
      <symbol id="sm-227">
         <name>ADCIntStatus</name>
         <value>0xbf9</value>
         <object_component_ref idref="oc-80"/>
      </symbol>
      <symbol id="sm-228">
         <name>ADCSequenceDataGet</name>
         <value>0xca5</value>
         <object_component_ref idref="oc-86"/>
      </symbol>
      <symbol id="sm-233">
         <name>__aeabi_dmul</name>
         <value>0x5fd</value>
         <object_component_ref idref="oc-91"/>
      </symbol>
      <symbol id="sm-23d">
         <name>__aeabi_d2uiz</name>
         <value>0xad5</value>
         <object_component_ref idref="oc-96"/>
      </symbol>
      <symbol id="sm-248">
         <name>__aeabi_f2d</name>
         <value>0xb59</value>
         <object_component_ref idref="oc-8c"/>
      </symbol>
      <symbol id="sm-25c">
         <name>__TI_zero_init_nomemset</name>
         <value>0xcfd</value>
         <object_component_ref idref="oc-4d"/>
      </symbol>
      <symbol id="sm-273">
         <name>__TI_decompress_none</name>
         <value>0xdcf</value>
         <object_component_ref idref="oc-1b"/>
      </symbol>
      <symbol id="sm-296">
         <name>__TI_decompress_lzss</name>
         <value>0x981</value>
         <object_component_ref idref="oc-15"/>
      </symbol>
      <symbol id="sm-2a6">
         <name>strcat</name>
         <value>0xcc3</value>
         <object_component_ref idref="oc-107"/>
      </symbol>
      <symbol id="sm-2b4">
         <name>strcpy</name>
         <value>0xd43</value>
         <object_component_ref idref="oc-101"/>
      </symbol>
      <symbol id="sm-2c2">
         <name>strlen</name>
         <value>0xd57</value>
         <object_component_ref idref="oc-113"/>
      </symbol>
      <symbol id="sm-2d5">
         <name>__stack</name>
         <value>0x20000000</value>
         <object_component_ref idref="oc-24"/>
      </symbol>
      <symbol id="sm-2d6">
         <name>_c_int00_noargs</name>
         <value>0xbc5</value>
         <object_component_ref idref="oc-5f"/>
      </symbol>
      <symbol id="sm-2f1">
         <name>memcpy</name>
         <value>0x875</value>
         <object_component_ref idref="oc-41"/>
      </symbol>
      <symbol id="sm-2f2">
         <name>__aeabi_memcpy</name>
         <value>0x875</value>
         <object_component_ref idref="oc-41"/>
      </symbol>
      <symbol id="sm-2f3">
         <name>__aeabi_memcpy8</name>
         <value>0x875</value>
         <object_component_ref idref="oc-41"/>
      </symbol>
      <symbol id="sm-2f4">
         <name>__aeabi_memcpy4</name>
         <value>0x875</value>
         <object_component_ref idref="oc-41"/>
      </symbol>
      <symbol id="sm-31d">
         <name>__TI_auto_init_nobinit_nopinit</name>
         <value>0xa91</value>
         <object_component_ref idref="oc-1e3"/>
      </symbol>
      <symbol id="sm-327">
         <name>_system_pre_init</name>
         <value>0xe1b</value>
         <object_component_ref idref="oc-150"/>
      </symbol>
      <symbol id="sm-333">
         <name>C$$EXIT</name>
         <value>0xe1f</value>
         <object_component_ref idref="oc-1d7"/>
      </symbol>
      <symbol id="sm-334">
         <name>abort</name>
         <value>0xe1f</value>
         <object_component_ref idref="oc-1d7"/>
      </symbol>
      <symbol id="sm-337">
         <name>__TI_static_base__</name>
         <value>0x0</value>
      </symbol>
      <symbol id="sm-33a">
         <name>__mpu_init</name>
         <value>0x0</value>
      </symbol>
      <symbol id="sm-33b">
         <name>_system_post_cinit</name>
         <value>0x0</value>
      </symbol>
   </symbol_table>
   <title>Link successful</title>
</link_info>
