******************************************************************************
                  TI ARM Linker PC v20.2.7                     
******************************************************************************
>> Linked Tue Jan  7 16:02:41 2025

OUTPUT FILE NAME:   <PRJ_arm_serial_WORKED.out>
ENTRY POINT SYMBOL: "_c_int00_noargs"  address: 00001119


MEMORY CONFIGURATION

         name            origin    length      used     unused   attr    fill
----------------------  --------  ---------  --------  --------  ----  --------
  FLASH                 00000000   00040000  00001612  0003e9ee  R  X
  SRAM                  20000000   00008000  0000050d  00007af3  RW X


SEGMENT ALLOCATION MAP

run origin  load origin   length   init length attrs members
----------  ----------- ---------- ----------- ----- -------
00000000    00000000    00001618   00001618    r-x
  00000000    00000000    0000026c   0000026c    r-- .intvecs
  0000026c    0000026c    0000109e   0000109e    r-x .text
  0000130c    0000130c    000002b0   000002b0    r-- .const
  000015c0    000015c0    00000058   00000058    r-- .cinit
20000000    20000000    00000514   00000000    rw-
  20000000    20000000    0000026c   00000000    rw- .vtable
  20000270    20000270    00000200   00000000    rw- .stack
  20000470    20000470    00000069   00000000    rw- .bss
  200004dc    200004dc    00000038   00000000    rw- .data


SECTION ALLOCATION MAP

 output                                  attributes/
section   page    origin      length       input sections
--------  ----  ----------  ----------   ----------------
.intvecs   0    00000000    0000026c     
                  00000000    0000026c     tm4c123gh6pm_startup_ccs.obj (.intvecs)

.text      0    0000026c    0000109e     
                  0000026c    000004c8     main.obj (.text)
                  00000734    000003c8     rtsv7M4_T_le_v4SPD16_eabi.lib : strtof.c.obj (.text:strtof)
                  00000afc    00000104     driverlib.lib : sysctl.obj (.text:SysCtlClockSet)
                  00000c00    000000d0     rtsv7M4_T_le_v4SPD16_eabi.lib : s_scalbnf.c.obj (.text:scalbnf)
                  00000cd0    000000c4     driverlib.lib : sysctl.obj (.text:SysCtlClockGet)
                  00000d94    000000b8                   : gpio.obj (.text:GPIOPadConfigSet)
                  00000e4c    0000009c     rtsv7M4_T_le_v4SPD16_eabi.lib : memcpy_t2.asm.obj (.text)
                  00000ee8    00000068                                   : copy_decompress_lzss.c.obj (.text:decompress:lzss:__TI_decompress_lzss)
                  00000f50    00000060     driverlib.lib : interrupt.obj (.text:IntEnable)
                  00000fb0    00000048                   : gpio.obj (.text:GPIOPinConfigure)
                  00000ff8    00000044     rtsv7M4_T_le_v4SPD16_eabi.lib : autoinit.c.obj (.text:__TI_auto_init_nobinit_nopinit:__TI_auto_init_nobinit_nopinit)
                  0000103c    00000040     driverlib.lib : uart.obj (.text:UARTConfigSetExpClk)
                  0000107c    00000034                   : interrupt.obj (.text:IntRegister)
                  000010b0    00000034                   : sysctl.obj (.text:SysCtlPeripheralEnable)
                  000010e4    00000034                   : sysctl.obj (.text:SysCtlPeripheralReady)
                  00001118    00000034     rtsv7M4_T_le_v4SPD16_eabi.lib : boot_cortex_m.c.obj (.text:_c_int00_noargs:_c_int00_noargs)
                  0000114c    0000002a     driverlib.lib : gpio.obj (.text:GPIODirModeSet)
                  00001176    00000022                   : pwm.obj (.text:PWMGenConfigure)
                  00001198    0000001e                   : pwm.obj (.text:PWMPulseWidthSet)
                  000011b6    00000002     --HOLE-- [fill = 0]
                  000011b8    0000001c                   : uart.obj (.text:UARTDisable)
                  000011d4    0000001c     rtsv7M4_T_le_v4SPD16_eabi.lib : copy_zero_init.c.obj (.text:decompress:ZI:__TI_zero_init_nomemset:__TI_zero_init_nomemset)
                  000011f0    00000018                                   : s_copysignf.c.obj (.text:copysignf)
                  00001208    00000014     driverlib.lib : sysctl.obj (.text:SysCtlPWMClockSet)
                  0000121c    00000014                   : uart.obj (.text:UARTEnable)
                  00001230    00000012                   : gpio.obj (.text:GPIOPinTypePWM)
                  00001242    00000012                   : gpio.obj (.text:GPIOPinTypeUART)
                  00001254    00000012                   : pwm.obj (.text:PWMOutputState)
                  00001266    00000010                   : pwm.obj (.text:PWMGenPeriodSet)
                  00001276    0000000e     rtsv7M4_T_le_v4SPD16_eabi.lib : copy_decompress_none.c.obj (.text:decompress:none:__TI_decompress_none)
                  00001284    0000000c     driverlib.lib : cpu.obj (.text:CPUcpsid)
                  00001290    0000000c                   : cpu.obj (.text:CPUcpsie)
                  0000129c    0000000c                   : pwm.obj (.text:PWMGenEnable)
                  000012a8    0000000c                   : uart.obj (.text:UARTCharsAvail)
                  000012b4    0000000c     tm4c123gh6pm_startup_ccs.obj (.text)
                  000012c0    0000000a     driverlib.lib : interrupt.obj (.text:IntMasterDisable)
                  000012ca    0000000a                   : interrupt.obj (.text:IntMasterEnable)
                  000012d4    0000000a                   : uart.obj (.text:UARTCharGet)
                  000012de    0000000a                   : uart.obj (.text:UARTIntStatus)
                  000012e8    00000008                   : uart.obj (.text:UARTIntEnable)
                  000012f0    00000008     rtsv7M4_T_le_v4SPD16_eabi.lib : errno.c.obj (.text:__aeabi_errno_addr)
                  000012f8    00000006     driverlib.lib : sysctl.obj (.text:SysCtlDelay)
                  000012fe    00000004                   : uart.obj (.text:UARTIntClear)
                  00001302    00000004     rtsv7M4_T_le_v4SPD16_eabi.lib : pre_init.c.obj (.text:_system_pre_init)
                  00001306    00000004                                   : exit.c.obj (.text:abort:abort)

.const     0    0000130c    000002b0     
                  0000130c    00000101     rtsv7M4_T_le_v4SPD16_eabi.lib : ctype.c.obj (.const:.string:_ctypes_)
                  0000140d    00000003     --HOLE-- [fill = 0]
                  00001410    00000078     driverlib.lib : gpio.obj (.const:g_pui32GPIOBaseAddrs)
                  00001488    00000070                   : interrupt.obj (.const)
                  000014f8    0000006c                   : sysctl.obj (.const:g_pui32Xtals)
                  00001564    00000058     rtsv7M4_T_le_v4SPD16_eabi.lib : strtof.c.obj (.const:$O1$$)

.cinit     0    000015c0    00000058     
                  000015c0    0000001f     (.cinit..data.load) [load image, compression = lzss]
                  000015df    00000001     --HOLE-- [fill = 0]
                  000015e0    0000000c     (__TI_handler_table)
                  000015ec    00000004     --HOLE-- [fill = 0]
                  000015f0    00000008     (.cinit..bss.load) [load image, compression = zero_init]
                  000015f8    00000008     (.cinit..vtable.load) [load image, compression = zero_init]
                  00001600    00000018     (__TI_cinit_table)

.init_array 
*          0    00000000    00000000     UNINITIALIZED

.vtable    0    20000000    0000026c     UNINITIALIZED
                  20000000    0000026c     driverlib.lib : interrupt.obj (.vtable)

.bss       0    20000470    00000069     UNINITIALIZED
                  20000470    00000018     main.obj (.bss:servo1Str)
                  20000488    00000018     main.obj (.bss:servo2Str)
                  200004a0    00000018     main.obj (.bss:servo3Str)
                  200004b8    00000018     main.obj (.bss:servo4Str)
                  200004d0    00000004     (.common:ui32Load)
                  200004d4    00000004     (.common:ui32PWMClock)
                  200004d8    00000001     (.common:c)

.data      0    200004dc    00000038     UNINITIALIZED
                  200004dc    00000034     main.obj (.data)
                  20000510    00000004     rtsv7M4_T_le_v4SPD16_eabi.lib : errno.c.obj (.data)

.stack     0    20000270    00000200     UNINITIALIZED
                  20000270    00000004     rtsv7M4_T_le_v4SPD16_eabi.lib : boot_cortex_m.c.obj (.stack)
                  20000274    000001fc     --HOLE--

__llvm_prf_cnts 
*          0    20000000    00000000     UNINITIALIZED

MODULE SUMMARY

       Module                         code   ro data   rw data
       ------                         ----   -------   -------
    .\
       main.obj                       1224   0         157    
       tm4c123gh6pm_startup_ccs.obj   12     620       0      
    +--+------------------------------+------+---------+---------+
       Total:                         1236   620       157    
                                                              
    C:/ti/TivaWare_C_Series-1.1/driverlib/ccs/Debug/driverlib.lib
       interrupt.obj                  168    112       620    
       sysctl.obj                     586    108       0      
       gpio.obj                       334    120       0      
       uart.obj                       156    0         0      
       pwm.obj                        110    0         0      
       cpu.obj                        24     0         0      
    +--+------------------------------+------+---------+---------+
       Total:                         1378   340       620    
                                                              
    C:\ti\ccs1250\ccs\tools\compiler\ti-cgt-arm_20.2.7.LTS\lib\rtsv7M4_T_le_v4SPD16_eabi.lib
       strtof.c.obj                   968    88        0      
       ctype.c.obj                    0      257       0      
       s_scalbnf.c.obj                208    0         0      
       memcpy_t2.asm.obj              156    0         0      
       copy_decompress_lzss.c.obj     104    0         0      
       autoinit.c.obj                 68     0         0      
       boot_cortex_m.c.obj            52     0         0      
       copy_zero_init.c.obj           28     0         0      
       s_copysignf.c.obj              24     0         0      
       copy_decompress_none.c.obj     14     0         0      
       errno.c.obj                    8      0         4      
       exit.c.obj                     4      0         0      
       pre_init.c.obj                 4      0         0      
    +--+------------------------------+------+---------+---------+
       Total:                         1638   345       4      
                                                              
       Stack:                         0      0         512    
       Linker Generated:              0      83        0      
    +--+------------------------------+------+---------+---------+
       Grand Total:                   4252   1388      1293   


LINKER GENERATED COPY TABLES

__TI_cinit_table @ 00001600 records: 3, size/record: 8, table size: 24
	.data: load addr=000015c0, load size=0000001f bytes, run addr=200004dc, run size=00000038 bytes, compression=lzss
	.bss: load addr=000015f0, load size=00000008 bytes, run addr=20000470, run size=00000069 bytes, compression=zero_init
	.vtable: load addr=000015f8, load size=00000008 bytes, run addr=20000000, run size=0000026c bytes, compression=zero_init


LINKER GENERATED HANDLER TABLE

__TI_handler_table @ 000015e0 records: 3, size/record: 4, table size: 12
	index: 0, handler: __TI_zero_init
	index: 1, handler: __TI_decompress_lzss
	index: 2, handler: __TI_decompress_none


GLOBAL SYMBOLS: SORTED ALPHABETICALLY BY Name 

address   name                          
-------   ----                          
00001307  C$$EXIT                       
00001285  CPUcpsid                      
00001291  CPUcpsie                      
0000114d  GPIODirModeSet                
00000d95  GPIOPadConfigSet              
00000fb1  GPIOPinConfigure              
00001231  GPIOPinTypePWM                
00001243  GPIOPinTypeUART               
00000f51  IntEnable                     
000012c1  IntMasterDisable              
000012cb  IntMasterEnable               
0000107d  IntRegister                   
00001177  PWMGenConfigure               
0000129d  PWMGenEnable                  
00001267  PWMGenPeriodSet               
00001255  PWMOutputState                
00001199  PWMPulseWidthSet              
000012b5  ResetISR                      
00000cd1  SysCtlClockGet                
00000afd  SysCtlClockSet                
000012f9  SysCtlDelay                   
00001209  SysCtlPWMClockSet             
000010b1  SysCtlPeripheralEnable        
000010e5  SysCtlPeripheralReady         
0000026d  UART0IntHandler               
000012d5  UARTCharGet                   
000012a9  UARTCharsAvail                
0000103d  UARTConfigSetExpClk           
000011b9  UARTDisable                   
0000121d  UARTEnable                    
000012ff  UARTIntClear                  
000012e9  UARTIntEnable                 
000012df  UARTIntStatus                 
20000470  __STACK_END                   
00000200  __STACK_SIZE                  
20000470  __STACK_TOP                   
00001600  __TI_CINIT_Base               
00001618  __TI_CINIT_Limit              
000015e0  __TI_Handler_Table_Base       
000015ec  __TI_Handler_Table_Limit      
00000ff9  __TI_auto_init_nobinit_nopinit
00000ee9  __TI_decompress_lzss          
00001277  __TI_decompress_none          
ffffffff  __TI_pprof_out_hndl           
ffffffff  __TI_prof_data_size           
ffffffff  __TI_prof_data_start          
00000000  __TI_static_base__            
000011d5  __TI_zero_init_nomemset       
000012f1  __aeabi_errno_addr            
00000e4d  __aeabi_memcpy                
00000e4d  __aeabi_memcpy4               
00000e4d  __aeabi_memcpy8               
ffffffff  __binit__                     
ffffffff  __c_args__                    
UNDEFED   __mpu_init                    
20000270  __stack                       
20000000  __start___llvm_prf_cnts       
20000000  __stop___llvm_prf_cnts        
00001119  _c_int00_noargs               
0000130c  _ctypes_                      
UNDEFED   _system_post_cinit            
00001303  _system_pre_init              
00001307  abort                         
200004ec  angle1                        
200004f0  angle2                        
200004f4  angle3                        
200004f8  angle4                        
ffffffff  binit                         
200004d8  c                             
000011f1  copysignf                     
20000510  errno                         
20000000  g_pfnRAMVectors               
00000000  g_pfnVectors                  
00000c01  ldexpf                        
00000561  main                          
00000e4d  memcpy                        
00000c01  scalbnf                       
00000735  strtof                        
200004dc  ui32Adjust1                   
200004e0  ui32Adjust2                   
200004e4  ui32Adjust3                   
200004e8  ui32Adjust4                   
200004d0  ui32Load                      
200004d4  ui32PWMClock                  


GLOBAL SYMBOLS: SORTED BY Symbol Address 

address   name                          
-------   ----                          
00000000  __TI_static_base__            
00000000  g_pfnVectors                  
00000200  __STACK_SIZE                  
0000026d  UART0IntHandler               
00000561  main                          
00000735  strtof                        
00000afd  SysCtlClockSet                
00000c01  ldexpf                        
00000c01  scalbnf                       
00000cd1  SysCtlClockGet                
00000d95  GPIOPadConfigSet              
00000e4d  __aeabi_memcpy                
00000e4d  __aeabi_memcpy4               
00000e4d  __aeabi_memcpy8               
00000e4d  memcpy                        
00000ee9  __TI_decompress_lzss          
00000f51  IntEnable                     
00000fb1  GPIOPinConfigure              
00000ff9  __TI_auto_init_nobinit_nopinit
0000103d  UARTConfigSetExpClk           
0000107d  IntRegister                   
000010b1  SysCtlPeripheralEnable        
000010e5  SysCtlPeripheralReady         
00001119  _c_int00_noargs               
0000114d  GPIODirModeSet                
00001177  PWMGenConfigure               
00001199  PWMPulseWidthSet              
000011b9  UARTDisable                   
000011d5  __TI_zero_init_nomemset       
000011f1  copysignf                     
00001209  SysCtlPWMClockSet             
0000121d  UARTEnable                    
00001231  GPIOPinTypePWM                
00001243  GPIOPinTypeUART               
00001255  PWMOutputState                
00001267  PWMGenPeriodSet               
00001277  __TI_decompress_none          
00001285  CPUcpsid                      
00001291  CPUcpsie                      
0000129d  PWMGenEnable                  
000012a9  UARTCharsAvail                
000012b5  ResetISR                      
000012c1  IntMasterDisable              
000012cb  IntMasterEnable               
000012d5  UARTCharGet                   
000012df  UARTIntStatus                 
000012e9  UARTIntEnable                 
000012f1  __aeabi_errno_addr            
000012f9  SysCtlDelay                   
000012ff  UARTIntClear                  
00001303  _system_pre_init              
00001307  C$$EXIT                       
00001307  abort                         
0000130c  _ctypes_                      
000015e0  __TI_Handler_Table_Base       
000015ec  __TI_Handler_Table_Limit      
00001600  __TI_CINIT_Base               
00001618  __TI_CINIT_Limit              
20000000  __start___llvm_prf_cnts       
20000000  __stop___llvm_prf_cnts        
20000000  g_pfnRAMVectors               
20000270  __stack                       
20000470  __STACK_END                   
20000470  __STACK_TOP                   
200004d0  ui32Load                      
200004d4  ui32PWMClock                  
200004d8  c                             
200004dc  ui32Adjust1                   
200004e0  ui32Adjust2                   
200004e4  ui32Adjust3                   
200004e8  ui32Adjust4                   
200004ec  angle1                        
200004f0  angle2                        
200004f4  angle3                        
200004f8  angle4                        
20000510  errno                         
ffffffff  __TI_pprof_out_hndl           
ffffffff  __TI_prof_data_size           
ffffffff  __TI_prof_data_start          
ffffffff  __binit__                     
ffffffff  __c_args__                    
ffffffff  binit                         
UNDEFED   __mpu_init                    
UNDEFED   _system_post_cinit            

[84 symbols]
