******************************************************************************
                  TI ARM Linker PC v20.2.7                     
******************************************************************************
>> Linked Thu Dec 26 00:43:43 2024

OUTPUT FILE NAME:   <PRJ_arm_serial.out>
ENTRY POINT SYMBOL: "_c_int00_noargs"  address: 000011a1


MEMORY CONFIGURATION

         name            origin    length      used     unused   attr    fill
----------------------  --------  ---------  --------  --------  ----  --------
  FLASH                 00000000   00040000  00001692  0003e96e  R  X
  SRAM                  20000000   00008000  000004e9  00007b17  RW X


SEGMENT ALLOCATION MAP

run origin  load origin   length   init length attrs members
----------  ----------- ---------- ----------- ----- -------
00000000    00000000    00001698   00001698    r-x
  00000000    00000000    0000026c   0000026c    r-- .intvecs
  0000026c    0000026c    00001126   00001126    r-x .text
  00001394    00001394    000002b0   000002b0    r-- .const
  00001648    00001648    00000050   00000050    r-- .cinit
20000000    20000000    000004f0   00000000    rw-
  20000000    20000000    0000026c   00000000    rw- .vtable
  20000270    20000270    00000200   00000000    rw- .stack
  20000470    20000470    0000005d   00000000    rw- .bss
  200004d0    200004d0    00000020   00000000    rw- .data


SECTION ALLOCATION MAP

 output                                  attributes/
section   page    origin      length       input sections
--------  ----  ----------  ----------   ----------------
.intvecs   0    00000000    0000026c     
                  00000000    0000026c     tm4c123gh6pm_startup_ccs.obj (.intvecs)

.text      0    0000026c    00001126     
                  0000026c    00000460     main.obj (.text)
                  000006cc    000003c8     rtsv7M4_T_le_v4SPD16_eabi.lib : strtof.c.obj (.text:strtof)
                  00000a94    00000104     driverlib.lib : sysctl.obj (.text:SysCtlClockSet)
                  00000b98    000000d0     rtsv7M4_T_le_v4SPD16_eabi.lib : s_scalbnf.c.obj (.text:scalbnf)
                  00000c68    000000c4     driverlib.lib : sysctl.obj (.text:SysCtlClockGet)
                  00000d2c    000000b8                   : gpio.obj (.text:GPIOPadConfigSet)
                  00000de4    0000009c     rtsv7M4_T_le_v4SPD16_eabi.lib : memcpy_t2.asm.obj (.text)
                  00000e80    00000080                                   : s_floorf.c.obj (.text:floorf)
                  00000f00    0000006e                                   : s_roundf.c.obj (.text:roundf)
                  00000f6e    00000068                                   : copy_decompress_lzss.c.obj (.text:decompress:lzss:__TI_decompress_lzss)
                  00000fd6    00000002     --HOLE-- [fill = 0]
                  00000fd8    00000060     driverlib.lib : interrupt.obj (.text:IntEnable)
                  00001038    00000048                   : gpio.obj (.text:GPIOPinConfigure)
                  00001080    00000044     rtsv7M4_T_le_v4SPD16_eabi.lib : autoinit.c.obj (.text:__TI_auto_init_nobinit_nopinit:__TI_auto_init_nobinit_nopinit)
                  000010c4    00000040     driverlib.lib : uart.obj (.text:UARTConfigSetExpClk)
                  00001104    00000034                   : interrupt.obj (.text:IntRegister)
                  00001138    00000034                   : sysctl.obj (.text:SysCtlPeripheralEnable)
                  0000116c    00000034                   : sysctl.obj (.text:SysCtlPeripheralReady)
                  000011a0    00000034     rtsv7M4_T_le_v4SPD16_eabi.lib : boot_cortex_m.c.obj (.text:_c_int00_noargs:_c_int00_noargs)
                  000011d4    0000002a     driverlib.lib : gpio.obj (.text:GPIODirModeSet)
                  000011fe    00000022                   : pwm.obj (.text:PWMGenConfigure)
                  00001220    0000001e                   : pwm.obj (.text:PWMPulseWidthSet)
                  0000123e    00000002     --HOLE-- [fill = 0]
                  00001240    0000001c                   : uart.obj (.text:UARTDisable)
                  0000125c    0000001c     rtsv7M4_T_le_v4SPD16_eabi.lib : copy_zero_init.c.obj (.text:decompress:ZI:__TI_zero_init_nomemset:__TI_zero_init_nomemset)
                  00001278    00000018                                   : s_copysignf.c.obj (.text:copysignf)
                  00001290    00000014     driverlib.lib : sysctl.obj (.text:SysCtlPWMClockSet)
                  000012a4    00000014                   : uart.obj (.text:UARTEnable)
                  000012b8    00000012                   : gpio.obj (.text:GPIOPinTypePWM)
                  000012ca    00000012                   : gpio.obj (.text:GPIOPinTypeUART)
                  000012dc    00000012                   : pwm.obj (.text:PWMOutputState)
                  000012ee    00000010                   : pwm.obj (.text:PWMGenPeriodSet)
                  000012fe    0000000e     rtsv7M4_T_le_v4SPD16_eabi.lib : copy_decompress_none.c.obj (.text:decompress:none:__TI_decompress_none)
                  0000130c    0000000c     driverlib.lib : cpu.obj (.text:CPUcpsid)
                  00001318    0000000c                   : cpu.obj (.text:CPUcpsie)
                  00001324    0000000c                   : pwm.obj (.text:PWMGenEnable)
                  00001330    0000000c                   : uart.obj (.text:UARTCharsAvail)
                  0000133c    0000000c     tm4c123gh6pm_startup_ccs.obj (.text)
                  00001348    0000000a     driverlib.lib : interrupt.obj (.text:IntMasterDisable)
                  00001352    0000000a                   : interrupt.obj (.text:IntMasterEnable)
                  0000135c    0000000a                   : uart.obj (.text:UARTCharGet)
                  00001366    0000000a                   : uart.obj (.text:UARTIntStatus)
                  00001370    00000008                   : uart.obj (.text:UARTIntEnable)
                  00001378    00000008     rtsv7M4_T_le_v4SPD16_eabi.lib : errno.c.obj (.text:__aeabi_errno_addr)
                  00001380    00000006     driverlib.lib : sysctl.obj (.text:SysCtlDelay)
                  00001386    00000004                   : uart.obj (.text:UARTIntClear)
                  0000138a    00000004     rtsv7M4_T_le_v4SPD16_eabi.lib : pre_init.c.obj (.text:_system_pre_init)
                  0000138e    00000004                                   : exit.c.obj (.text:abort:abort)

.const     0    00001394    000002b0     
                  00001394    00000101     rtsv7M4_T_le_v4SPD16_eabi.lib : ctype.c.obj (.const:.string:_ctypes_)
                  00001495    00000003     --HOLE-- [fill = 0]
                  00001498    00000078     driverlib.lib : gpio.obj (.const:g_pui32GPIOBaseAddrs)
                  00001510    00000070                   : interrupt.obj (.const)
                  00001580    0000006c                   : sysctl.obj (.const:g_pui32Xtals)
                  000015ec    00000058     rtsv7M4_T_le_v4SPD16_eabi.lib : strtof.c.obj (.const:$O1$$)

.cinit     0    00001648    00000050     
                  00001648    00000019     (.cinit..data.load) [load image, compression = lzss]
                  00001661    00000003     --HOLE-- [fill = 0]
                  00001664    0000000c     (__TI_handler_table)
                  00001670    00000008     (.cinit..bss.load) [load image, compression = zero_init]
                  00001678    00000008     (.cinit..vtable.load) [load image, compression = zero_init]
                  00001680    00000018     (__TI_cinit_table)

.init_array 
*          0    00000000    00000000     UNINITIALIZED

.vtable    0    20000000    0000026c     UNINITIALIZED
                  20000000    0000026c     driverlib.lib : interrupt.obj (.vtable)

.bss       0    20000470    0000005d     UNINITIALIZED
                  20000470    00000018     main.obj (.bss:servo1Str)
                  20000488    00000018     main.obj (.bss:servo2Str)
                  200004a0    00000018     main.obj (.bss:servo3Str)
                  200004b8    00000004     (.common:angle1)
                  200004bc    00000004     (.common:angle2)
                  200004c0    00000004     (.common:angle3)
                  200004c4    00000004     (.common:ui32Load)
                  200004c8    00000004     (.common:ui32PWMClock)
                  200004cc    00000001     (.common:c)

.data      0    200004d0    00000020     UNINITIALIZED
                  200004d0    0000001c     main.obj (.data)
                  200004ec    00000004     rtsv7M4_T_le_v4SPD16_eabi.lib : errno.c.obj (.data)

.stack     0    20000270    00000200     UNINITIALIZED
                  20000270    00000004     rtsv7M4_T_le_v4SPD16_eabi.lib : boot_cortex_m.c.obj (.stack)
                  20000274    000001fc     --HOLE--

__llvm_prf_cnts 
*          0    20000000    00000000     UNINITIALIZED

MODULE SUMMARY

       Module                         code   ro data   rw data
       ------                         ----   -------   -------
    .\
       main.obj                       1120   0         121    
       tm4c123gh6pm_startup_ccs.obj   12     620       0      
    +--+------------------------------+------+---------+---------+
       Total:                         1132   620       121    
                                                              
    C:/ti/TivaWare_C_Series-1.1/driverlib/ccs/Debug/driverlib.lib
       interrupt.obj                  168    112       620    
       sysctl.obj                     586    108       0      
       gpio.obj                       334    120       0      
       uart.obj                       156    0         0      
       pwm.obj                        110    0         0      
       cpu.obj                        24     0         0      
    +--+------------------------------+------+---------+---------+
       Total:                         1378   340       620    
                                                              
    C:\ti\ccs1250\ccs\tools\compiler\ti-cgt-arm_20.2.7.LTS\lib\rtsv7M4_T_le_v4SPD16_eabi.lib
       strtof.c.obj                   968    88        0      
       ctype.c.obj                    0      257       0      
       s_scalbnf.c.obj                208    0         0      
       memcpy_t2.asm.obj              156    0         0      
       s_floorf.c.obj                 128    0         0      
       s_roundf.c.obj                 110    0         0      
       copy_decompress_lzss.c.obj     104    0         0      
       autoinit.c.obj                 68     0         0      
       boot_cortex_m.c.obj            52     0         0      
       copy_zero_init.c.obj           28     0         0      
       s_copysignf.c.obj              24     0         0      
       copy_decompress_none.c.obj     14     0         0      
       errno.c.obj                    8      0         4      
       exit.c.obj                     4      0         0      
       pre_init.c.obj                 4      0         0      
    +--+------------------------------+------+---------+---------+
       Total:                         1876   345       4      
                                                              
       Stack:                         0      0         512    
       Linker Generated:              0      77        0      
    +--+------------------------------+------+---------+---------+
       Grand Total:                   4386   1382      1257   


LINKER GENERATED COPY TABLES

__TI_cinit_table @ 00001680 records: 3, size/record: 8, table size: 24
	.data: load addr=00001648, load size=00000019 bytes, run addr=200004d0, run size=00000020 bytes, compression=lzss
	.bss: load addr=00001670, load size=00000008 bytes, run addr=20000470, run size=0000005d bytes, compression=zero_init
	.vtable: load addr=00001678, load size=00000008 bytes, run addr=20000000, run size=0000026c bytes, compression=zero_init


LINKER GENERATED HANDLER TABLE

__TI_handler_table @ 00001664 records: 3, size/record: 4, table size: 12
	index: 0, handler: __TI_zero_init
	index: 1, handler: __TI_decompress_lzss
	index: 2, handler: __TI_decompress_none


GLOBAL SYMBOLS: SORTED ALPHABETICALLY BY Name 

address   name                          
-------   ----                          
0000138f  C$$EXIT                       
0000130d  CPUcpsid                      
00001319  CPUcpsie                      
0000026d  DegreeToPulseWidth            
000011d5  GPIODirModeSet                
00000d2d  GPIOPadConfigSet              
00001039  GPIOPinConfigure              
000012b9  GPIOPinTypePWM                
000012cb  GPIOPinTypeUART               
00000fd9  IntEnable                     
00001349  IntMasterDisable              
00001353  IntMasterEnable               
00001105  IntRegister                   
000011ff  PWMGenConfigure               
00001325  PWMGenEnable                  
000012ef  PWMGenPeriodSet               
000012dd  PWMOutputState                
00001221  PWMPulseWidthSet              
0000133d  ResetISR                      
00000c69  SysCtlClockGet                
00000a95  SysCtlClockSet                
00001381  SysCtlDelay                   
00001291  SysCtlPWMClockSet             
00001139  SysCtlPeripheralEnable        
0000116d  SysCtlPeripheralReady         
000002af  UART0IntHandler               
0000135d  UARTCharGet                   
00001331  UARTCharsAvail                
000010c5  UARTConfigSetExpClk           
00001241  UARTDisable                   
000012a5  UARTEnable                    
00001387  UARTIntClear                  
00001371  UARTIntEnable                 
00001367  UARTIntStatus                 
20000470  __STACK_END                   
00000200  __STACK_SIZE                  
20000470  __STACK_TOP                   
00001680  __TI_CINIT_Base               
00001698  __TI_CINIT_Limit              
00001664  __TI_Handler_Table_Base       
00001670  __TI_Handler_Table_Limit      
00001081  __TI_auto_init_nobinit_nopinit
00000f6f  __TI_decompress_lzss          
000012ff  __TI_decompress_none          
ffffffff  __TI_pprof_out_hndl           
ffffffff  __TI_prof_data_size           
ffffffff  __TI_prof_data_start          
00000000  __TI_static_base__            
0000125d  __TI_zero_init_nomemset       
00001379  __aeabi_errno_addr            
00000de5  __aeabi_memcpy                
00000de5  __aeabi_memcpy4               
00000de5  __aeabi_memcpy8               
ffffffff  __binit__                     
ffffffff  __c_args__                    
UNDEFED   __mpu_init                    
20000270  __stack                       
20000000  __start___llvm_prf_cnts       
20000000  __stop___llvm_prf_cnts        
000011a1  _c_int00_noargs               
00001394  _ctypes_                      
UNDEFED   _system_post_cinit            
0000138b  _system_pre_init              
0000138f  abort                         
200004b8  angle1                        
200004bc  angle2                        
200004c0  angle3                        
ffffffff  binit                         
200004cc  c                             
00001279  copysignf                     
200004ec  errno                         
00000e81  floorf                        
20000000  g_pfnRAMVectors               
00000000  g_pfnVectors                  
00000b99  ldexpf                        
00000509  main                          
00000de5  memcpy                        
00000f01  roundf                        
00000b99  scalbnf                       
000006cd  strtof                        
200004d0  ui32Adjust1                   
200004d4  ui32Adjust2                   
200004d8  ui32Adjust3                   
200004c4  ui32Load                      
200004c8  ui32PWMClock                  


GLOBAL SYMBOLS: SORTED BY Symbol Address 

address   name                          
-------   ----                          
00000000  __TI_static_base__            
00000000  g_pfnVectors                  
00000200  __STACK_SIZE                  
0000026d  DegreeToPulseWidth            
000002af  UART0IntHandler               
00000509  main                          
000006cd  strtof                        
00000a95  SysCtlClockSet                
00000b99  ldexpf                        
00000b99  scalbnf                       
00000c69  SysCtlClockGet                
00000d2d  GPIOPadConfigSet              
00000de5  __aeabi_memcpy                
00000de5  __aeabi_memcpy4               
00000de5  __aeabi_memcpy8               
00000de5  memcpy                        
00000e81  floorf                        
00000f01  roundf                        
00000f6f  __TI_decompress_lzss          
00000fd9  IntEnable                     
00001039  GPIOPinConfigure              
00001081  __TI_auto_init_nobinit_nopinit
000010c5  UARTConfigSetExpClk           
00001105  IntRegister                   
00001139  SysCtlPeripheralEnable        
0000116d  SysCtlPeripheralReady         
000011a1  _c_int00_noargs               
000011d5  GPIODirModeSet                
000011ff  PWMGenConfigure               
00001221  PWMPulseWidthSet              
00001241  UARTDisable                   
0000125d  __TI_zero_init_nomemset       
00001279  copysignf                     
00001291  SysCtlPWMClockSet             
000012a5  UARTEnable                    
000012b9  GPIOPinTypePWM                
000012cb  GPIOPinTypeUART               
000012dd  PWMOutputState                
000012ef  PWMGenPeriodSet               
000012ff  __TI_decompress_none          
0000130d  CPUcpsid                      
00001319  CPUcpsie                      
00001325  PWMGenEnable                  
00001331  UARTCharsAvail                
0000133d  ResetISR                      
00001349  IntMasterDisable              
00001353  IntMasterEnable               
0000135d  UARTCharGet                   
00001367  UARTIntStatus                 
00001371  UARTIntEnable                 
00001379  __aeabi_errno_addr            
00001381  SysCtlDelay                   
00001387  UARTIntClear                  
0000138b  _system_pre_init              
0000138f  C$$EXIT                       
0000138f  abort                         
00001394  _ctypes_                      
00001664  __TI_Handler_Table_Base       
00001670  __TI_Handler_Table_Limit      
00001680  __TI_CINIT_Base               
00001698  __TI_CINIT_Limit              
20000000  __start___llvm_prf_cnts       
20000000  __stop___llvm_prf_cnts        
20000000  g_pfnRAMVectors               
20000270  __stack                       
20000470  __STACK_END                   
20000470  __STACK_TOP                   
200004b8  angle1                        
200004bc  angle2                        
200004c0  angle3                        
200004c4  ui32Load                      
200004c8  ui32PWMClock                  
200004cc  c                             
200004d0  ui32Adjust1                   
200004d4  ui32Adjust2                   
200004d8  ui32Adjust3                   
200004ec  errno                         
ffffffff  __TI_pprof_out_hndl           
ffffffff  __TI_prof_data_size           
ffffffff  __TI_prof_data_start          
ffffffff  __binit__                     
ffffffff  __c_args__                    
ffffffff  binit                         
UNDEFED   __mpu_init                    
UNDEFED   _system_post_cinit            

[85 symbols]
