******************************************************************************
                  TI ARM Linker PC v20.2.7                     
******************************************************************************
>> Linked Wed Dec 11 00:30:39 2024

OUTPUT FILE NAME:   <servo_test.out>
ENTRY POINT SYMBOL: "_c_int00_noargs"  address: 00000969


MEMORY CONFIGURATION

         name            origin    length      used     unused   attr    fill
----------------------  --------  ---------  --------  --------  ----  --------
  FLASH                 00000000   00040000  00000d56  0003f2aa  R  X
  SRAM                  20000000   00008000  00000478  00007b88  RW X


SEGMENT ALLOCATION MAP

run origin  load origin   length   init length attrs members
----------  ----------- ---------- ----------- ----- -------
00000000    00000000    00000d58   00000d58    r-x
  00000000    00000000    0000026c   0000026c    r-- .intvecs
  0000026c    0000026c    00000896   00000896    r-x .text
  00000b04    00000b04    00000214   00000214    r-- .const
  00000d18    00000d18    00000040   00000040    r-- .cinit
20000000    20000000    00000478   00000000    rw-
  20000000    20000000    0000026c   00000000    rw- .vtable
  2000026c    2000026c    00000004   00000000    rw- .data
  20000270    20000270    00000200   00000000    rw- .stack
  20000470    20000470    00000008   00000000    rw- .bss


SECTION ALLOCATION MAP

 output                                  attributes/
section   page    origin      length       input sections
--------  ----  ----------  ----------   ----------------
.intvecs   0    00000000    0000026c     
                  00000000    0000026c     tm4c123gh6pm_startup_ccs.obj (.intvecs)

.text      0    0000026c    00000896     
                  0000026c    00000198     main.obj (.text)
                  00000404    00000104     driverlib.lib : sysctl.obj (.text:SysCtlClockSet)
                  00000508    000000c4                   : sysctl.obj (.text:SysCtlClockGet)
                  000005cc    000000b8                   : gpio.obj (.text:GPIOPadConfigSet)
                  00000684    0000009c     rtsv7M4_T_le_v4SPD16_eabi.lib : memcpy_t2.asm.obj (.text)
                  00000720    00000068                                   : copy_decompress_lzss.c.obj (.text:decompress:lzss:__TI_decompress_lzss)
                  00000788    00000060     driverlib.lib : interrupt.obj (.text:IntEnable)
                  000007e8    00000056                   : gpio.obj (.text:GPIOIntTypeSet)
                  0000083e    00000002     --HOLE-- [fill = 0]
                  00000840    00000048                   : gpio.obj (.text:GPIOPinConfigure)
                  00000888    00000044     rtsv7M4_T_le_v4SPD16_eabi.lib : autoinit.c.obj (.text:__TI_auto_init_nobinit_nopinit:__TI_auto_init_nobinit_nopinit)
                  000008cc    00000034     driverlib.lib : interrupt.obj (.text:IntRegister)
                  00000900    00000034                   : sysctl.obj (.text:SysCtlPeripheralEnable)
                  00000934    00000034                   : sysctl.obj (.text:SysCtlPeripheralReady)
                  00000968    00000034     rtsv7M4_T_le_v4SPD16_eabi.lib : boot_cortex_m.c.obj (.text:_c_int00_noargs:_c_int00_noargs)
                  0000099c    0000002a     driverlib.lib : gpio.obj (.text:GPIODirModeSet)
                  000009c6    00000022                   : pwm.obj (.text:PWMGenConfigure)
                  000009e8    0000001e                   : pwm.obj (.text:PWMPulseWidthSet)
                  00000a06    00000002     --HOLE-- [fill = 0]
                  00000a08    0000001c                   : gpio.obj (.text:_GPIOIntNumberGet)
                  00000a24    0000001c     rtsv7M4_T_le_v4SPD16_eabi.lib : copy_zero_init.c.obj (.text:decompress:ZI:__TI_zero_init_nomemset:__TI_zero_init_nomemset)
                  00000a40    00000018     driverlib.lib : gpio.obj (.text:GPIOIntRegister)
                  00000a58    00000014                   : sysctl.obj (.text:SysCtlPWMClockSet)
                  00000a6c    00000012                   : gpio.obj (.text:GPIOPinTypePWM)
                  00000a7e    00000012                   : pwm.obj (.text:PWMOutputState)
                  00000a90    00000010                   : pwm.obj (.text:PWMGenPeriodSet)
                  00000aa0    0000000e                   : gpio.obj (.text:GPIOIntDisable)
                  00000aae    0000000e                   : gpio.obj (.text:GPIOIntStatus)
                  00000abc    0000000e     rtsv7M4_T_le_v4SPD16_eabi.lib : copy_decompress_none.c.obj (.text:decompress:none:__TI_decompress_none)
                  00000aca    0000000c     driverlib.lib : gpio.obj (.text:GPIOIntEnable)
                  00000ad6    0000000c                   : pwm.obj (.text:PWMGenEnable)
                  00000ae2    0000000c     tm4c123gh6pm_startup_ccs.obj (.text)
                  00000aee    00000006     driverlib.lib : gpio.obj (.text:GPIOIntClear)
                  00000af4    00000006                   : sysctl.obj (.text:SysCtlDelay)
                  00000afa    00000004     rtsv7M4_T_le_v4SPD16_eabi.lib : pre_init.c.obj (.text:_system_pre_init)
                  00000afe    00000004                                   : exit.c.obj (.text:abort:abort)

.const     0    00000b04    00000214     
                  00000b04    000000c0     driverlib.lib : gpio.obj (.const:g_ppui32GPIOIntMapBlizzard)
                  00000bc4    00000078                   : gpio.obj (.const:g_pui32GPIOBaseAddrs)
                  00000c3c    00000070                   : interrupt.obj (.const)
                  00000cac    0000006c                   : sysctl.obj (.const:g_pui32Xtals)

.cinit     0    00000d18    00000040     
                  00000d18    0000000c     (__TI_handler_table)
                  00000d24    00000004     --HOLE-- [fill = 0]
                  00000d28    00000008     (.cinit..bss.load) [load image, compression = zero_init]
                  00000d30    00000008     (.cinit..data.load) [load image, compression = lzss]
                  00000d38    00000008     (.cinit..vtable.load) [load image, compression = zero_init]
                  00000d40    00000018     (__TI_cinit_table)

.init_array 
*          0    00000000    00000000     UNINITIALIZED

.vtable    0    20000000    0000026c     UNINITIALIZED
                  20000000    0000026c     driverlib.lib : interrupt.obj (.vtable)

.data      0    2000026c    00000004     UNINITIALIZED
                  2000026c    00000004     main.obj (.data)

.bss       0    20000470    00000008     UNINITIALIZED
                  20000470    00000004     (.common:ui32Load)
                  20000474    00000004     (.common:ui32PWMClock)

.stack     0    20000270    00000200     UNINITIALIZED
                  20000270    00000004     rtsv7M4_T_le_v4SPD16_eabi.lib : boot_cortex_m.c.obj (.stack)
                  20000274    000001fc     --HOLE--

__llvm_prf_cnts 
*          0    20000000    00000000     UNINITIALIZED

MODULE SUMMARY

       Module                         code   ro data   rw data
       ------                         ----   -------   -------
    .\
       tm4c123gh6pm_startup_ccs.obj   12     620       0      
       main.obj                       408    0         12     
    +--+------------------------------+------+---------+---------+
       Total:                         420    620       12     
                                                              
    C:/ti/TivaWare_C_Series-1.1/driverlib/ccs/Debug/driverlib.lib
       interrupt.obj                  148    112       620    
       gpio.obj                       500    312       0      
       sysctl.obj                     586    108       0      
       pwm.obj                        110    0         0      
    +--+------------------------------+------+---------+---------+
       Total:                         1344   532       620    
                                                              
    C:\ti\ccs1250\ccs\tools\compiler\ti-cgt-arm_20.2.7.LTS\lib\rtsv7M4_T_le_v4SPD16_eabi.lib
       memcpy_t2.asm.obj              156    0         0      
       copy_decompress_lzss.c.obj     104    0         0      
       autoinit.c.obj                 68     0         0      
       boot_cortex_m.c.obj            52     0         0      
       copy_zero_init.c.obj           28     0         0      
       copy_decompress_none.c.obj     14     0         0      
       exit.c.obj                     4      0         0      
       pre_init.c.obj                 4      0         0      
    +--+------------------------------+------+---------+---------+
       Total:                         430    0         0      
                                                              
       Stack:                         0      0         512    
       Linker Generated:              0      60        0      
    +--+------------------------------+------+---------+---------+
       Grand Total:                   2194   1212      1144   


LINKER GENERATED COPY TABLES

__TI_cinit_table @ 00000d40 records: 3, size/record: 8, table size: 24
	.bss: load addr=00000d28, load size=00000008 bytes, run addr=20000470, run size=00000008 bytes, compression=zero_init
	.data: load addr=00000d30, load size=00000008 bytes, run addr=2000026c, run size=00000004 bytes, compression=lzss
	.vtable: load addr=00000d38, load size=00000008 bytes, run addr=20000000, run size=0000026c bytes, compression=zero_init


LINKER GENERATED HANDLER TABLE

__TI_handler_table @ 00000d18 records: 3, size/record: 4, table size: 12
	index: 0, handler: __TI_zero_init
	index: 1, handler: __TI_decompress_lzss
	index: 2, handler: __TI_decompress_none


GLOBAL SYMBOLS: SORTED ALPHABETICALLY BY Name 

address   name                          
-------   ----                          
00000aff  C$$EXIT                       
0000099d  GPIODirModeSet                
00000aef  GPIOIntClear                  
00000aa1  GPIOIntDisable                
00000acb  GPIOIntEnable                 
00000a41  GPIOIntRegister               
00000aaf  GPIOIntStatus                 
000007e9  GPIOIntTypeSet                
000005cd  GPIOPadConfigSet              
00000841  GPIOPinConfigure              
00000a6d  GPIOPinTypePWM                
0000036b  GPIOPortFIntHandler           
00000789  IntEnable                     
000008cd  IntRegister                   
000009c7  PWMGenConfigure               
00000ad7  PWMGenEnable                  
00000a91  PWMGenPeriodSet               
00000a7f  PWMOutputState                
000009e9  PWMPulseWidthSet              
00000ae3  ResetISR                      
00000509  SysCtlClockGet                
00000405  SysCtlClockSet                
00000af5  SysCtlDelay                   
00000a59  SysCtlPWMClockSet             
00000901  SysCtlPeripheralEnable        
00000935  SysCtlPeripheralReady         
20000470  __STACK_END                   
00000200  __STACK_SIZE                  
20000470  __STACK_TOP                   
00000d40  __TI_CINIT_Base               
00000d58  __TI_CINIT_Limit              
00000d18  __TI_Handler_Table_Base       
00000d24  __TI_Handler_Table_Limit      
00000889  __TI_auto_init_nobinit_nopinit
00000721  __TI_decompress_lzss          
00000abd  __TI_decompress_none          
ffffffff  __TI_pprof_out_hndl           
ffffffff  __TI_prof_data_size           
ffffffff  __TI_prof_data_start          
00000000  __TI_static_base__            
00000a25  __TI_zero_init_nomemset       
00000685  __aeabi_memcpy                
00000685  __aeabi_memcpy4               
00000685  __aeabi_memcpy8               
ffffffff  __binit__                     
ffffffff  __c_args__                    
UNDEFED   __mpu_init                    
20000270  __stack                       
20000000  __start___llvm_prf_cnts       
20000000  __stop___llvm_prf_cnts        
00000969  _c_int00_noargs               
UNDEFED   _system_post_cinit            
00000afb  _system_pre_init              
00000aff  abort                         
ffffffff  binit                         
20000000  g_pfnRAMVectors               
00000000  g_pfnVectors                  
0000026d  main                          
00000685  memcpy                        
2000026c  ui32Adjust                    
20000470  ui32Load                      
20000474  ui32PWMClock                  


GLOBAL SYMBOLS: SORTED BY Symbol Address 

address   name                          
-------   ----                          
00000000  __TI_static_base__            
00000000  g_pfnVectors                  
00000200  __STACK_SIZE                  
0000026d  main                          
0000036b  GPIOPortFIntHandler           
00000405  SysCtlClockSet                
00000509  SysCtlClockGet                
000005cd  GPIOPadConfigSet              
00000685  __aeabi_memcpy                
00000685  __aeabi_memcpy4               
00000685  __aeabi_memcpy8               
00000685  memcpy                        
00000721  __TI_decompress_lzss          
00000789  IntEnable                     
000007e9  GPIOIntTypeSet                
00000841  GPIOPinConfigure              
00000889  __TI_auto_init_nobinit_nopinit
000008cd  IntRegister                   
00000901  SysCtlPeripheralEnable        
00000935  SysCtlPeripheralReady         
00000969  _c_int00_noargs               
0000099d  GPIODirModeSet                
000009c7  PWMGenConfigure               
000009e9  PWMPulseWidthSet              
00000a25  __TI_zero_init_nomemset       
00000a41  GPIOIntRegister               
00000a59  SysCtlPWMClockSet             
00000a6d  GPIOPinTypePWM                
00000a7f  PWMOutputState                
00000a91  PWMGenPeriodSet               
00000aa1  GPIOIntDisable                
00000aaf  GPIOIntStatus                 
00000abd  __TI_decompress_none          
00000acb  GPIOIntEnable                 
00000ad7  PWMGenEnable                  
00000ae3  ResetISR                      
00000aef  GPIOIntClear                  
00000af5  SysCtlDelay                   
00000afb  _system_pre_init              
00000aff  C$$EXIT                       
00000aff  abort                         
00000d18  __TI_Handler_Table_Base       
00000d24  __TI_Handler_Table_Limit      
00000d40  __TI_CINIT_Base               
00000d58  __TI_CINIT_Limit              
20000000  __start___llvm_prf_cnts       
20000000  __stop___llvm_prf_cnts        
20000000  g_pfnRAMVectors               
2000026c  ui32Adjust                    
20000270  __stack                       
20000470  __STACK_END                   
20000470  __STACK_TOP                   
20000470  ui32Load                      
20000474  ui32PWMClock                  
ffffffff  __TI_pprof_out_hndl           
ffffffff  __TI_prof_data_size           
ffffffff  __TI_prof_data_start          
ffffffff  __binit__                     
ffffffff  __c_args__                    
ffffffff  binit                         
UNDEFED   __mpu_init                    
UNDEFED   _system_post_cinit            

[62 symbols]
