******************************************************************************
                  TI ARM Linker PC v20.2.7                     
******************************************************************************
>> Linked Wed Oct 23 10:04:38 2024

OUTPUT FILE NAME:   <tiva_test_hihi.out>
ENTRY POINT SYMBOL: "_c_int00_noargs"  address: 00000625


MEMORY CONFIGURATION

         name            origin    length      used     unused   attr    fill
----------------------  --------  ---------  --------  --------  ----  --------
  FLASH                 00000000   00040000  0000094a  0003f6b6  R  X
  SRAM                  20000000   00008000  0000046c  00007b94  RW X


SEGMENT ALLOCATION MAP

run origin  load origin   length   init length attrs members
----------  ----------- ---------- ----------- ----- -------
00000000    00000000    0000094c   0000094c    r-x
  00000000    00000000    00000270   00000270    r-- .intvecs
  00000270    00000270    000004fa   000004fa    r-x .text
  0000076c    0000076c    000001cc   000001cc    r-- .const
  00000938    00000938    00000014   00000014    r-- .cinit
20000000    20000000    00000470   00000000    rw-
  20000000    20000000    0000026c   00000000    rw- .vtable
  20000270    20000270    00000200   00000000    rw- .stack


SECTION ALLOCATION MAP

 output                                  attributes/
section   page    origin      length       input sections
--------  ----  ----------  ----------   ----------------
.intvecs   0    00000000    00000270     
                  00000000    00000270     tm4c123gh6pm_startup_ccs.obj (.intvecs)

.text      0    00000270    000004fa     
                  00000270    00000104     driverlib.lib : sysctl.obj (.text:SysCtlClockSet)
                  00000374    000000b8                   : gpio.obj (.text:GPIOPadConfigSet)
                  0000042c    00000094     main.obj (.text)
                  000004c0    00000060     driverlib.lib : interrupt.obj (.text:IntEnable)
                  00000520    00000056                   : gpio.obj (.text:GPIOIntTypeSet)
                  00000576    00000002     --HOLE-- [fill = 0]
                  00000578    00000044     rtsv7M4_T_le_v4SPD16_eabi.lib : autoinit.c.obj (.text:__TI_auto_init_nobinit_nopinit:__TI_auto_init_nobinit_nopinit)
                  000005bc    00000034     driverlib.lib : interrupt.obj (.text:IntRegister)
                  000005f0    00000034                   : sysctl.obj (.text:SysCtlPeripheralEnable)
                  00000624    00000034     rtsv7M4_T_le_v4SPD16_eabi.lib : boot_cortex_m.c.obj (.text:_c_int00_noargs:_c_int00_noargs)
                  00000658    0000002a     driverlib.lib : gpio.obj (.text:GPIODirModeSet)
                  00000682    00000002     --HOLE-- [fill = 0]
                  00000684    00000024                   : interrupt.obj (.text:IntPrioritySet)
                  000006a8    0000001c                   : gpio.obj (.text:_GPIOIntNumberGet)
                  000006c4    0000001c     rtsv7M4_T_le_v4SPD16_eabi.lib : copy_zero_init.c.obj (.text:decompress:ZI:__TI_zero_init_nomemset:__TI_zero_init_nomemset)
                  000006e0    00000018     driverlib.lib : gpio.obj (.text:GPIOIntRegister)
                  000006f8    00000012                   : gpio.obj (.text:GPIOPinTypeGPIOInput)
                  0000070a    00000012                   : gpio.obj (.text:GPIOPinTypeGPIOOutput)
                  0000071c    0000000c                   : cpu.obj (.text:CPUcpsie)
                  00000728    0000000c                   : gpio.obj (.text:GPIOIntEnable)
                  00000734    0000000c     tm4c123gh6pm_startup_ccs.obj (.text)
                  00000740    0000000a     driverlib.lib : interrupt.obj (.text:IntMasterEnable)
                  0000074a    00000006                   : gpio.obj (.text:GPIOIntClear)
                  00000750    00000006                   : gpio.obj (.text:GPIOPinRead)
                  00000756    00000006                   : gpio.obj (.text:GPIOPinWrite)
                  0000075c    00000006                   : sysctl.obj (.text:SysCtlDelay)
                  00000762    00000004     rtsv7M4_T_le_v4SPD16_eabi.lib : pre_init.c.obj (.text:_system_pre_init)
                  00000766    00000004                                   : exit.c.obj (.text:abort:abort)

.const     0    0000076c    000001cc     
                  0000076c    000000c0     driverlib.lib : gpio.obj (.const:g_ppui32GPIOIntMapBlizzard)
                  0000082c    0000009c                   : interrupt.obj (.const:g_pui32Regs)
                  000008c8    00000070                   : interrupt.obj (.const)

.cinit     0    00000938    00000014     
                  00000938    00000008     (.cinit..vtable.load) [load image, compression = zero_init]
                  00000940    00000004     (__TI_handler_table)
                  00000944    00000008     (__TI_cinit_table)

.init_array 
*          0    00000000    00000000     UNINITIALIZED

.vtable    0    20000000    0000026c     UNINITIALIZED
                  20000000    0000026c     driverlib.lib : interrupt.obj (.vtable)

.stack     0    20000270    00000200     UNINITIALIZED
                  20000270    00000004     rtsv7M4_T_le_v4SPD16_eabi.lib : boot_cortex_m.c.obj (.stack)
                  20000274    000001fc     --HOLE--

__llvm_prf_cnts 
*          0    20000000    00000000     UNINITIALIZED

MODULE SUMMARY

       Module                         code   ro data   rw data
       ------                         ----   -------   -------
    .\
       tm4c123gh6pm_startup_ccs.obj   12     624       0      
       main.obj                       148    0         0      
    +--+------------------------------+------+---------+---------+
       Total:                         160    624       0      
                                                              
    C:/ti/TivaWare_C_Series-1.1/driverlib/ccs/Debug/driverlib.lib
       interrupt.obj                  194    268       620    
       gpio.obj                       430    192       0      
       sysctl.obj                     318    0         0      
       cpu.obj                        12     0         0      
    +--+------------------------------+------+---------+---------+
       Total:                         954    460       620    
                                                              
    C:\ti\ccs1250\ccs\tools\compiler\ti-cgt-arm_20.2.7.LTS\lib\rtsv7M4_T_le_v4SPD16_eabi.lib
       autoinit.c.obj                 68     0         0      
       boot_cortex_m.c.obj            52     0         0      
       copy_zero_init.c.obj           28     0         0      
       exit.c.obj                     4      0         0      
       pre_init.c.obj                 4      0         0      
    +--+------------------------------+------+---------+---------+
       Total:                         156    0         0      
                                                              
       Stack:                         0      0         512    
       Linker Generated:              0      20        0      
    +--+------------------------------+------+---------+---------+
       Grand Total:                   1270   1104      1132   


LINKER GENERATED COPY TABLES

__TI_cinit_table @ 00000944 records: 1, size/record: 8, table size: 8
	.vtable: load addr=00000938, load size=00000008 bytes, run addr=20000000, run size=0000026c bytes, compression=zero_init


LINKER GENERATED HANDLER TABLE

__TI_handler_table @ 00000940 records: 1, size/record: 4, table size: 4
	index: 0, handler: __TI_zero_init


GLOBAL SYMBOLS: SORTED ALPHABETICALLY BY Name 

address   name                          
-------   ----                          
00000767  C$$EXIT                       
0000071d  CPUcpsie                      
00000659  GPIODirModeSet                
0000074b  GPIOIntClear                  
00000729  GPIOIntEnable                 
000006e1  GPIOIntRegister               
00000521  GPIOIntTypeSet                
00000375  GPIOPadConfigSet              
00000751  GPIOPinRead                   
000006f9  GPIOPinTypeGPIOInput          
0000070b  GPIOPinTypeGPIOOutput         
00000757  GPIOPinWrite                  
00000485  GPIOPortFIntHandler           
000004c1  IntEnable                     
00000741  IntMasterEnable               
00000685  IntPrioritySet                
000005bd  IntRegister                   
00000735  ResetISR                      
00000271  SysCtlClockSet                
0000075d  SysCtlDelay                   
000005f1  SysCtlPeripheralEnable        
20000470  __STACK_END                   
00000200  __STACK_SIZE                  
20000470  __STACK_TOP                   
00000944  __TI_CINIT_Base               
0000094c  __TI_CINIT_Limit              
00000940  __TI_Handler_Table_Base       
00000944  __TI_Handler_Table_Limit      
00000579  __TI_auto_init_nobinit_nopinit
ffffffff  __TI_pprof_out_hndl           
ffffffff  __TI_prof_data_size           
ffffffff  __TI_prof_data_start          
00000000  __TI_static_base__            
000006c5  __TI_zero_init_nomemset       
ffffffff  __binit__                     
ffffffff  __c_args__                    
UNDEFED   __mpu_init                    
20000270  __stack                       
20000000  __start___llvm_prf_cnts       
20000000  __stop___llvm_prf_cnts        
00000625  _c_int00_noargs               
UNDEFED   _system_post_cinit            
00000763  _system_pre_init              
00000767  abort                         
ffffffff  binit                         
20000000  g_pfnRAMVectors               
00000000  g_pfnVectors                  
0000042d  main                          


GLOBAL SYMBOLS: SORTED BY Symbol Address 

address   name                          
-------   ----                          
00000000  __TI_static_base__            
00000000  g_pfnVectors                  
00000200  __STACK_SIZE                  
00000271  SysCtlClockSet                
00000375  GPIOPadConfigSet              
0000042d  main                          
00000485  GPIOPortFIntHandler           
000004c1  IntEnable                     
00000521  GPIOIntTypeSet                
00000579  __TI_auto_init_nobinit_nopinit
000005bd  IntRegister                   
000005f1  SysCtlPeripheralEnable        
00000625  _c_int00_noargs               
00000659  GPIODirModeSet                
00000685  IntPrioritySet                
000006c5  __TI_zero_init_nomemset       
000006e1  GPIOIntRegister               
000006f9  GPIOPinTypeGPIOInput          
0000070b  GPIOPinTypeGPIOOutput         
0000071d  CPUcpsie                      
00000729  GPIOIntEnable                 
00000735  ResetISR                      
00000741  IntMasterEnable               
0000074b  GPIOIntClear                  
00000751  GPIOPinRead                   
00000757  GPIOPinWrite                  
0000075d  SysCtlDelay                   
00000763  _system_pre_init              
00000767  C$$EXIT                       
00000767  abort                         
00000940  __TI_Handler_Table_Base       
00000944  __TI_CINIT_Base               
00000944  __TI_Handler_Table_Limit      
0000094c  __TI_CINIT_Limit              
20000000  __start___llvm_prf_cnts       
20000000  __stop___llvm_prf_cnts        
20000000  g_pfnRAMVectors               
20000270  __stack                       
20000470  __STACK_END                   
20000470  __STACK_TOP                   
ffffffff  __TI_pprof_out_hndl           
ffffffff  __TI_prof_data_size           
ffffffff  __TI_prof_data_start          
ffffffff  __binit__                     
ffffffff  __c_args__                    
ffffffff  binit                         
UNDEFED   __mpu_init                    
UNDEFED   _system_post_cinit            

[48 symbols]
