******************************************************************************
                  TI ARM Linker PC v20.2.7                     
******************************************************************************
>> Linked Mon Dec 16 15:17:41 2024

OUTPUT FILE NAME:   <week14.out>
ENTRY POINT SYMBOL: "_c_int00_noargs"  address: 00002815


MEMORY CONFIGURATION

         name            origin    length      used     unused   attr    fill
----------------------  --------  ---------  --------  --------  ----  --------
  FLASH                 00000000   00040000  00002d72  0003d28e  R  X
  SRAM                  20000000   00008000  00000228  00007dd8  RW X


SEGMENT ALLOCATION MAP

run origin  load origin   length   init length attrs members
----------  ----------- ---------- ----------- ----- -------
00000000    00000000    00002d78   00002d78    r-x
  00000000    00000000    0000026c   0000026c    r-- .intvecs
  0000026c    0000026c    00002802   00002802    r-x .text
  00002a70    00002a70    000002c4   000002c4    r-- .const
  00002d38    00002d38    00000040   00000040    r-- .cinit
20000000    20000000    00000228   00000000    rw-
  20000000    20000000    00000200   00000000    rw- .stack
  20000200    20000200    00000014   00000000    rw- .bss
  20000214    20000214    00000014   00000000    rw- .data


SECTION ALLOCATION MAP

 output                                  attributes/
section   page    origin      length       input sections
--------  ----  ----------  ----------   ----------------
.intvecs   0    00000000    0000026c     
                  00000000    0000026c     tm4c123gh6pm_startup_ccs.obj (.intvecs)

.text      0    0000026c    00002802     
                  0000026c    00000b14     rtsv7M4_T_le_v4SPD16_eabi.lib : _scanfi.c.obj (.text:__TI_scanfi)
                  00000d80    00000460                                   : strtod.c.obj (.text:strtod)
                  000011e0    000002f0     main.obj (.text)
                  000014d0    000001dc     rtsv7M4_T_le_v4SPD16_eabi.lib : strtoll.c.obj (.text:strtoll)
                  000016ac    000001b6                                   : fd_add_t2.asm.obj (.text)
                  00001862    00000002                                   : div0.asm.obj (.text)
                  00001864    0000015c                                   : strtoull.c.obj (.text:strtoull)
                  000019c0    00000136                                   : fd_div_t2.asm.obj (.text)
                  00001af6    00000002     --HOLE-- [fill = 0]
                  00001af8    00000130                                   : strtol.c.obj (.text:strtol)
                  00001c28    00000110                                   : s_scalbn.c.obj (.text:scalbn)
                  00001d38    00000110                                   : strtoul.c.obj (.text:strtoul)
                  00001e48    00000104     driverlib.lib : sysctl.obj (.text:SysCtlClockSet)
                  00001f4c    000000fc     rtsv7M4_T_le_v4SPD16_eabi.lib : fd_mul_t2.asm.obj (.text)
                  00002048    000000c4     driverlib.lib : sysctl.obj (.text:SysCtlClockGet)
                  0000210c    000000b8                   : gpio.obj (.text:GPIOPadConfigSet)
                  000021c4    0000009c     rtsv7M4_T_le_v4SPD16_eabi.lib : memcpy_t2.asm.obj (.text)
                  00002260    00000096                                   : ull_div_t2.asm.obj (.text)
                  000022f6    00000086                                   : fd_cmp_t2.asm.obj (.text:__aeabi_cdcmple)
                  0000237c    00000080                                   : s_floorf.c.obj (.text:floorf)
                  000023fc    0000007a                                   : memset_t2.asm.obj (.text)
                  00002476    0000006e                                   : s_roundf.c.obj (.text:roundf)
                  000024e4    0000006e                                   : fd_tos_t2.asm.obj (.text)
                  00002552    00000002     --HOLE-- [fill = 0]
                  00002554    00000068                                   : sscanf.c.obj (.text:_chkmbc)
                  000025bc    00000068                                   : copy_decompress_lzss.c.obj (.text:decompress:lzss:__TI_decompress_lzss)
                  00002624    0000004c                                   : atoi.c.obj (.text:atoi)
                  00002670    00000048     driverlib.lib : gpio.obj (.text:GPIOPinConfigure)
                  000026b8    00000044     rtsv7M4_T_le_v4SPD16_eabi.lib : autoinit.c.obj (.text:__TI_auto_init_nobinit_nopinit:__TI_auto_init_nobinit_nopinit)
                  000026fc    00000040     driverlib.lib : uart.obj (.text:UARTConfigSetExpClk)
                  0000273c    00000038     rtsv7M4_T_le_v4SPD16_eabi.lib : fs_tod_t2.asm.obj (.text)
                  00002774    00000038                                   : sscanf.c.obj (.text:sscanf)
                  000027ac    00000034     driverlib.lib : sysctl.obj (.text:SysCtlPeripheralEnable)
                  000027e0    00000034                   : sysctl.obj (.text:SysCtlPeripheralReady)
                  00002814    00000034     rtsv7M4_T_le_v4SPD16_eabi.lib : boot_cortex_m.c.obj (.text:_c_int00_noargs:_c_int00_noargs)
                  00002848    0000002a     driverlib.lib : gpio.obj (.text:GPIODirModeSet)
                  00002872    00000022                   : pwm.obj (.text:PWMGenConfigure)
                  00002894    00000020     rtsv7M4_T_le_v4SPD16_eabi.lib : u_tofd_t2.asm.obj (.text)
                  000028b4    0000001e     driverlib.lib : pwm.obj (.text:PWMPulseWidthSet)
                  000028d2    00000002     --HOLE-- [fill = 0]
                  000028d4    0000001c                   : uart.obj (.text:UARTDisable)
                  000028f0    0000001c     rtsv7M4_T_le_v4SPD16_eabi.lib : copy_zero_init.c.obj (.text:decompress:ZI:__TI_zero_init_nomemset:__TI_zero_init_nomemset)
                  0000290c    0000001a                                   : s_copysign.c.obj (.text:copysign)
                  00002926    00000018                                   : ll_mul_t2.asm.obj (.text)
                  0000293e    00000018                                   : strrchr.c.obj (.text:strrchr)
                  00002956    00000016                                   : strchr.c.obj (.text:strchr)
                  0000296c    00000014     driverlib.lib : sysctl.obj (.text:SysCtlPWMClockSet)
                  00002980    00000014                   : uart.obj (.text:UARTEnable)
                  00002994    00000014     rtsv7M4_T_le_v4SPD16_eabi.lib : strcpy.c.obj (.text:strcpy)
                  000029a8    00000014                                   : strlen.c.obj (.text:strlen)
                  000029bc    00000012     driverlib.lib : gpio.obj (.text:GPIOPinTypePWM)
                  000029ce    00000012                   : gpio.obj (.text:GPIOPinTypeUART)
                  000029e0    00000012                   : pwm.obj (.text:PWMOutputState)
                  000029f2    00000012     rtsv7M4_T_le_v4SPD16_eabi.lib : sscanf.c.obj (.text:_inpchar)
                  00002a04    00000010     driverlib.lib : pwm.obj (.text:PWMGenPeriodSet)
                  00002a14    0000000e     rtsv7M4_T_le_v4SPD16_eabi.lib : copy_decompress_none.c.obj (.text:decompress:none:__TI_decompress_none)
                  00002a22    0000000c     driverlib.lib : pwm.obj (.text:PWMGenEnable)
                  00002a2e    0000000c                   : uart.obj (.text:UARTCharsAvail)
                  00002a3a    0000000c     tm4c123gh6pm_startup_ccs.obj (.text)
                  00002a46    0000000a     driverlib.lib : uart.obj (.text:UARTCharGet)
                  00002a50    00000008     rtsv7M4_T_le_v4SPD16_eabi.lib : errno.c.obj (.text:__aeabi_errno_addr)
                  00002a58    00000008                                   : sscanf.c.obj (.text:_uninpchar)
                  00002a60    00000006     driverlib.lib : sysctl.obj (.text:SysCtlDelay)
                  00002a66    00000004     rtsv7M4_T_le_v4SPD16_eabi.lib : pre_init.c.obj (.text:_system_pre_init)
                  00002a6a    00000004                                   : exit.c.obj (.text:abort:abort)

.const     0    00002a70    000002c4     
                  00002a70    00000101     rtsv7M4_T_le_v4SPD16_eabi.lib : ctype.c.obj (.const:.string:_ctypes_)
                  00002b71    00000007     --HOLE-- [fill = 0]
                  00002b78    000000c8                                   : strtod.c.obj (.const:$O1$$)
                  00002c40    00000078     driverlib.lib : gpio.obj (.const:g_pui32GPIOBaseAddrs)
                  00002cb8    0000006c                   : sysctl.obj (.const:g_pui32Xtals)
                  00002d24    00000010     rtsv7M4_T_le_v4SPD16_eabi.lib : _scanfi.c.obj (.const:$O1$$)

.cinit     0    00002d38    00000040     
                  00002d38    00000016     (.cinit..data.load) [load image, compression = lzss]
                  00002d4e    00000002     --HOLE-- [fill = 0]
                  00002d50    0000000c     (__TI_handler_table)
                  00002d5c    00000004     --HOLE-- [fill = 0]
                  00002d60    00000008     (.cinit..bss.load) [load image, compression = zero_init]
                  00002d68    00000010     (__TI_cinit_table)

.init_array 
*          0    00000000    00000000     UNINITIALIZED

.bss       0    20000200    00000014     UNINITIALIZED
                  20000200    00000004     (.common:angle2)
                  20000204    00000004     (.common:angle3)
                  20000208    00000004     (.common:angle4)
                  2000020c    00000004     (.common:ui32Load)
                  20000210    00000004     (.common:ui32PWMClock)

.data      0    20000214    00000014     UNINITIALIZED
                  20000214    00000010     main.obj (.data)
                  20000224    00000004     rtsv7M4_T_le_v4SPD16_eabi.lib : errno.c.obj (.data)

.stack     0    20000000    00000200     UNINITIALIZED
                  20000000    00000004     rtsv7M4_T_le_v4SPD16_eabi.lib : boot_cortex_m.c.obj (.stack)
                  20000004    000001fc     --HOLE--

__llvm_prf_cnts 
*          0    20000000    00000000     UNINITIALIZED

MODULE SUMMARY

       Module                         code    ro data   rw data
       ------                         ----    -------   -------
    .\
       main.obj                       752     0         36     
       tm4c123gh6pm_startup_ccs.obj   12      620       0      
    +--+------------------------------+-------+---------+---------+
       Total:                         764     620       36     
                                                               
    C:/ti/TivaWare_C_Series-1.1/driverlib/ccs/Debug/driverlib.lib
       sysctl.obj                     586     108       0      
       gpio.obj                       334     120       0      
       uart.obj                       134     0         0      
       pwm.obj                        110     0         0      
    +--+------------------------------+-------+---------+---------+
       Total:                         1164    228       0      
                                                               
    C:\ti\ccs1250\ccs\tools\compiler\ti-cgt-arm_20.2.7.LTS\lib\rtsv7M4_T_le_v4SPD16_eabi.lib
       _scanfi.c.obj                  2836    16        0      
       strtod.c.obj                   1120    200       0      
       strtoll.c.obj                  476     0         0      
       fd_add_t2.asm.obj              438     0         0      
       strtoull.c.obj                 348     0         0      
       fd_div_t2.asm.obj              310     0         0      
       strtol.c.obj                   304     0         0      
       s_scalbn.c.obj                 272     0         0      
       strtoul.c.obj                  272     0         0      
       ctype.c.obj                    0       257       0      
       fd_mul_t2.asm.obj              252     0         0      
       sscanf.c.obj                   186     0         0      
       memcpy_t2.asm.obj              156     0         0      
       ull_div_t2.asm.obj             150     0         0      
       fd_cmp_t2.asm.obj              134     0         0      
       s_floorf.c.obj                 128     0         0      
       memset_t2.asm.obj              122     0         0      
       fd_tos_t2.asm.obj              110     0         0      
       s_roundf.c.obj                 110     0         0      
       copy_decompress_lzss.c.obj     104     0         0      
       atoi.c.obj                     76      0         0      
       autoinit.c.obj                 68      0         0      
       fs_tod_t2.asm.obj              56      0         0      
       boot_cortex_m.c.obj            52      0         0      
       u_tofd_t2.asm.obj              32      0         0      
       copy_zero_init.c.obj           28      0         0      
       s_copysign.c.obj               26      0         0      
       ll_mul_t2.asm.obj              24      0         0      
       strrchr.c.obj                  24      0         0      
       strchr.c.obj                   22      0         0      
       strcpy.c.obj                   20      0         0      
       strlen.c.obj                   20      0         0      
       copy_decompress_none.c.obj     14      0         0      
       errno.c.obj                    8       0         4      
       exit.c.obj                     4       0         0      
       pre_init.c.obj                 4       0         0      
       div0.asm.obj                   2       0         0      
    +--+------------------------------+-------+---------+---------+
       Total:                         8308    473       4      
                                                               
       Stack:                         0       0         512    
       Linker Generated:              0       58        0      
    +--+------------------------------+-------+---------+---------+
       Grand Total:                   10236   1379      552    


LINKER GENERATED COPY TABLES

__TI_cinit_table @ 00002d68 records: 2, size/record: 8, table size: 16
	.data: load addr=00002d38, load size=00000016 bytes, run addr=20000214, run size=00000014 bytes, compression=lzss
	.bss: load addr=00002d60, load size=00000008 bytes, run addr=20000200, run size=00000014 bytes, compression=zero_init


LINKER GENERATED HANDLER TABLE

__TI_handler_table @ 00002d50 records: 3, size/record: 4, table size: 12
	index: 0, handler: __TI_decompress_lzss
	index: 1, handler: __TI_decompress_none
	index: 2, handler: __TI_zero_init


GLOBAL SYMBOLS: SORTED ALPHABETICALLY BY Name 

address   name                          
-------   ----                          
00002a6b  C$$EXIT                       
000011e1  DegreeToPulseWidth            
00002849  GPIODirModeSet                
0000210d  GPIOPadConfigSet              
00002671  GPIOPinConfigure              
000029bd  GPIOPinTypePWM                
000029cf  GPIOPinTypeUART               
00002873  PWMGenConfigure               
00002a23  PWMGenEnable                  
00002a05  PWMGenPeriodSet               
000029e1  PWMOutputState                
000028b5  PWMPulseWidthSet              
00002a3b  ResetISR                      
00002049  SysCtlClockGet                
00001e49  SysCtlClockSet                
00002a61  SysCtlDelay                   
0000296d  SysCtlPWMClockSet             
000027ad  SysCtlPeripheralEnable        
000027e1  SysCtlPeripheralReady         
00002a47  UARTCharGet                   
00002a2f  UARTCharsAvail                
000026fd  UARTConfigSetExpClk           
000028d5  UARTDisable                   
00002981  UARTEnable                    
20000200  __STACK_END                   
00000200  __STACK_SIZE                  
20000200  __STACK_TOP                   
00002d68  __TI_CINIT_Base               
00002d78  __TI_CINIT_Limit              
00002d50  __TI_Handler_Table_Base       
00002d5c  __TI_Handler_Table_Limit      
000026b9  __TI_auto_init_nobinit_nopinit
000025bd  __TI_decompress_lzss          
00002a15  __TI_decompress_none          
ffffffff  __TI_pprof_out_hndl           
ffffffff  __TI_prof_data_size           
ffffffff  __TI_prof_data_start          
0000026d  __TI_scanfi                   
00000000  __TI_static_base__            
000028f1  __TI_zero_init_nomemset       
000022f7  __aeabi_cdcmpeq               
000022f7  __aeabi_cdcmple               
000024e5  __aeabi_d2f                   
000016b7  __aeabi_dadd                  
000019c1  __aeabi_ddiv                  
00001f4d  __aeabi_dmul                  
000016ad  __aeabi_dsub                  
00002a51  __aeabi_errno_addr            
0000273d  __aeabi_f2d                   
00001863  __aeabi_idiv0                 
00001863  __aeabi_ldiv0                 
00002927  __aeabi_lmul                  
000023fd  __aeabi_memclr                
000023fd  __aeabi_memclr4               
000023fd  __aeabi_memclr8               
000021c5  __aeabi_memcpy                
000021c5  __aeabi_memcpy4               
000021c5  __aeabi_memcpy8               
000023ff  __aeabi_memset                
000023ff  __aeabi_memset4               
000023ff  __aeabi_memset8               
00002895  __aeabi_ui2d                  
00002261  __aeabi_uldivmod              
ffffffff  __binit__                     
ffffffff  __c_args__                    
UNDEFED   __mpu_init                    
20000000  __stack                       
20000000  __start___llvm_prf_cnts       
20000000  __stop___llvm_prf_cnts        
00002815  _c_int00_noargs               
00002a70  _ctypes_                      
UNDEFED   _system_post_cinit            
00002a67  _system_pre_init              
00002a6b  abort                         
20000200  angle2                        
20000204  angle3                        
20000208  angle4                        
00002625  atoi                          
ffffffff  binit                         
0000290d  copysign                      
0000290d  copysignl                     
20000224  errno                         
0000237d  floorf                        
00000000  g_pfnVectors                  
00001c29  ldexp                         
00001c29  ldexpl                        
0000123f  main                          
000021c5  memcpy                        
00002405  memset                        
00002477  roundf                        
00001c29  scalbn                        
00001c29  scalbnl                       
00002775  sscanf                        
00002957  strchr                        
00002995  strcpy                        
000029a9  strlen                        
0000293f  strrchr                       
00000d81  strtod                        
00001af9  strtol                        
00000d81  strtold                       
000014d1  strtoll                       
00001d39  strtoul                       
00001865  strtoull                      
20000214  ui32Adjust1                   
20000218  ui32Adjust2                   
2000021c  ui32Adjust3                   
20000220  ui32Adjust4                   
2000020c  ui32Load                      
20000210  ui32PWMClock                  


GLOBAL SYMBOLS: SORTED BY Symbol Address 

address   name                          
-------   ----                          
00000000  __TI_static_base__            
00000000  g_pfnVectors                  
00000200  __STACK_SIZE                  
0000026d  __TI_scanfi                   
00000d81  strtod                        
00000d81  strtold                       
000011e1  DegreeToPulseWidth            
0000123f  main                          
000014d1  strtoll                       
000016ad  __aeabi_dsub                  
000016b7  __aeabi_dadd                  
00001863  __aeabi_idiv0                 
00001863  __aeabi_ldiv0                 
00001865  strtoull                      
000019c1  __aeabi_ddiv                  
00001af9  strtol                        
00001c29  ldexp                         
00001c29  ldexpl                        
00001c29  scalbn                        
00001c29  scalbnl                       
00001d39  strtoul                       
00001e49  SysCtlClockSet                
00001f4d  __aeabi_dmul                  
00002049  SysCtlClockGet                
0000210d  GPIOPadConfigSet              
000021c5  __aeabi_memcpy                
000021c5  __aeabi_memcpy4               
000021c5  __aeabi_memcpy8               
000021c5  memcpy                        
00002261  __aeabi_uldivmod              
000022f7  __aeabi_cdcmpeq               
000022f7  __aeabi_cdcmple               
0000237d  floorf                        
000023fd  __aeabi_memclr                
000023fd  __aeabi_memclr4               
000023fd  __aeabi_memclr8               
000023ff  __aeabi_memset                
000023ff  __aeabi_memset4               
000023ff  __aeabi_memset8               
00002405  memset                        
00002477  roundf                        
000024e5  __aeabi_d2f                   
000025bd  __TI_decompress_lzss          
00002625  atoi                          
00002671  GPIOPinConfigure              
000026b9  __TI_auto_init_nobinit_nopinit
000026fd  UARTConfigSetExpClk           
0000273d  __aeabi_f2d                   
00002775  sscanf                        
000027ad  SysCtlPeripheralEnable        
000027e1  SysCtlPeripheralReady         
00002815  _c_int00_noargs               
00002849  GPIODirModeSet                
00002873  PWMGenConfigure               
00002895  __aeabi_ui2d                  
000028b5  PWMPulseWidthSet              
000028d5  UARTDisable                   
000028f1  __TI_zero_init_nomemset       
0000290d  copysign                      
0000290d  copysignl                     
00002927  __aeabi_lmul                  
0000293f  strrchr                       
00002957  strchr                        
0000296d  SysCtlPWMClockSet             
00002981  UARTEnable                    
00002995  strcpy                        
000029a9  strlen                        
000029bd  GPIOPinTypePWM                
000029cf  GPIOPinTypeUART               
000029e1  PWMOutputState                
00002a05  PWMGenPeriodSet               
00002a15  __TI_decompress_none          
00002a23  PWMGenEnable                  
00002a2f  UARTCharsAvail                
00002a3b  ResetISR                      
00002a47  UARTCharGet                   
00002a51  __aeabi_errno_addr            
00002a61  SysCtlDelay                   
00002a67  _system_pre_init              
00002a6b  C$$EXIT                       
00002a6b  abort                         
00002a70  _ctypes_                      
00002d50  __TI_Handler_Table_Base       
00002d5c  __TI_Handler_Table_Limit      
00002d68  __TI_CINIT_Base               
00002d78  __TI_CINIT_Limit              
20000000  __stack                       
20000000  __start___llvm_prf_cnts       
20000000  __stop___llvm_prf_cnts        
20000200  __STACK_END                   
20000200  __STACK_TOP                   
20000200  angle2                        
20000204  angle3                        
20000208  angle4                        
2000020c  ui32Load                      
20000210  ui32PWMClock                  
20000214  ui32Adjust1                   
20000218  ui32Adjust2                   
2000021c  ui32Adjust3                   
20000220  ui32Adjust4                   
20000224  errno                         
ffffffff  __TI_pprof_out_hndl           
ffffffff  __TI_prof_data_size           
ffffffff  __TI_prof_data_start          
ffffffff  __binit__                     
ffffffff  __c_args__                    
ffffffff  binit                         
UNDEFED   __mpu_init                    
UNDEFED   _system_post_cinit            

[109 symbols]
