******************************************************************************
                  TI ARM Linker PC v20.2.7                     
******************************************************************************
>> Linked Wed Oct 30 09:30:44 2024

OUTPUT FILE NAME:   <week_6.out>
ENTRY POINT SYMBOL: "_c_int00_noargs"  address: 000006d5


MEMORY CONFIGURATION

         name            origin    length      used     unused   attr    fill
----------------------  --------  ---------  --------  --------  ----  --------
  FLASH                 00000000   00040000  00000948  0003f6b8  R  X
  SRAM                  20000000   00008000  0000046c  00007b94  RW X


SEGMENT ALLOCATION MAP

run origin  load origin   length   init length attrs members
----------  ----------- ---------- ----------- ----- -------
00000000    00000000    0000094c   0000094c    r-x
  00000000    00000000    00000270   00000270    r-- .intvecs
  00000270    00000270    00000594   00000594    r-x .text
  00000804    00000804    00000130   00000130    r-- .const
  00000938    00000938    00000014   00000014    r-- .cinit
20000000    20000000    00000470   00000000    rw-
  20000000    20000000    0000026c   00000000    rw- .vtable
  20000270    20000270    00000200   00000000    rw- .stack


SECTION ALLOCATION MAP

 output                                  attributes/
section   page    origin      length       input sections
--------  ----  ----------  ----------   ----------------
.intvecs   0    00000000    00000270     
                  00000000    00000270     tm4c123gh6pm_startup_ccs.obj (.intvecs)

.text      0    00000270    00000594     
                  00000270    00000110     main.obj (.text)
                  00000380    00000104     driverlib.lib : sysctl.obj (.text:SysCtlClockSet)
                  00000484    000000b8                   : gpio.obj (.text:GPIOPadConfigSet)
                  0000053c    00000060                   : interrupt.obj (.text:IntEnable)
                  0000059c    00000056                   : gpio.obj (.text:GPIOIntTypeSet)
                  000005f2    00000002     --HOLE-- [fill = 0]
                  000005f4    00000044     rtsv7M4_T_le_v4SPD16_eabi.lib : autoinit.c.obj (.text:__TI_auto_init_nobinit_nopinit:__TI_auto_init_nobinit_nopinit)
                  00000638    00000034     driverlib.lib : interrupt.obj (.text:IntRegister)
                  0000066c    00000034                   : sysctl.obj (.text:SysCtlPeripheralEnable)
                  000006a0    00000034                   : sysctl.obj (.text:SysCtlPeripheralReady)
                  000006d4    00000034     rtsv7M4_T_le_v4SPD16_eabi.lib : boot_cortex_m.c.obj (.text:_c_int00_noargs:_c_int00_noargs)
                  00000708    0000002a     driverlib.lib : gpio.obj (.text:GPIODirModeSet)
                  00000732    00000002     --HOLE-- [fill = 0]
                  00000734    0000001c                   : gpio.obj (.text:_GPIOIntNumberGet)
                  00000750    0000001c     rtsv7M4_T_le_v4SPD16_eabi.lib : copy_zero_init.c.obj (.text:decompress:ZI:__TI_zero_init_nomemset:__TI_zero_init_nomemset)
                  0000076c    00000018     driverlib.lib : gpio.obj (.text:GPIOIntRegister)
                  00000784    00000012                   : gpio.obj (.text:GPIOPinTypeGPIOInput)
                  00000796    00000012                   : gpio.obj (.text:GPIOPinTypeGPIOOutput)
                  000007a8    0000000e                   : gpio.obj (.text:GPIOIntStatus)
                  000007b6    0000000c                   : cpu.obj (.text:CPUcpsie)
                  000007c2    0000000c                   : gpio.obj (.text:GPIOIntEnable)
                  000007ce    0000000c     tm4c123gh6pm_startup_ccs.obj (.text)
                  000007da    0000000a     driverlib.lib : interrupt.obj (.text:IntMasterEnable)
                  000007e4    00000006                   : gpio.obj (.text:GPIOIntClear)
                  000007ea    00000006                   : gpio.obj (.text:GPIOPinRead)
                  000007f0    00000006                   : gpio.obj (.text:GPIOPinWrite)
                  000007f6    00000006                   : sysctl.obj (.text:SysCtlDelay)
                  000007fc    00000004     rtsv7M4_T_le_v4SPD16_eabi.lib : pre_init.c.obj (.text:_system_pre_init)
                  00000800    00000004                                   : exit.c.obj (.text:abort:abort)

.const     0    00000804    00000130     
                  00000804    000000c0     driverlib.lib : gpio.obj (.const:g_ppui32GPIOIntMapBlizzard)
                  000008c4    00000070                   : interrupt.obj (.const)

.cinit     0    00000938    00000014     
                  00000938    00000008     (.cinit..vtable.load) [load image, compression = zero_init]
                  00000940    00000004     (__TI_handler_table)
                  00000944    00000008     (__TI_cinit_table)

.init_array 
*          0    00000000    00000000     UNINITIALIZED

.vtable    0    20000000    0000026c     UNINITIALIZED
                  20000000    0000026c     driverlib.lib : interrupt.obj (.vtable)

.stack     0    20000270    00000200     UNINITIALIZED
                  20000270    00000004     rtsv7M4_T_le_v4SPD16_eabi.lib : boot_cortex_m.c.obj (.stack)
                  20000274    000001fc     --HOLE--

__llvm_prf_cnts 
*          0    20000000    00000000     UNINITIALIZED

MODULE SUMMARY

       Module                         code   ro data   rw data
       ------                         ----   -------   -------
    .\
       tm4c123gh6pm_startup_ccs.obj   12     624       0      
       main.obj                       272    0         0      
    +--+------------------------------+------+---------+---------+
       Total:                         284    624       0      
                                                              
    C:/ti/TivaWare_C_Series-1.1/driverlib/ccs/Debug/driverlib.lib
       interrupt.obj                  158    112       620    
       gpio.obj                       444    192       0      
       sysctl.obj                     370    0         0      
       cpu.obj                        12     0         0      
    +--+------------------------------+------+---------+---------+
       Total:                         984    304       620    
                                                              
    C:\ti\ccs1250\ccs\tools\compiler\ti-cgt-arm_20.2.7.LTS\lib\rtsv7M4_T_le_v4SPD16_eabi.lib
       autoinit.c.obj                 68     0         0      
       boot_cortex_m.c.obj            52     0         0      
       copy_zero_init.c.obj           28     0         0      
       exit.c.obj                     4      0         0      
       pre_init.c.obj                 4      0         0      
    +--+------------------------------+------+---------+---------+
       Total:                         156    0         0      
                                                              
       Stack:                         0      0         512    
       Linker Generated:              0      20        0      
    +--+------------------------------+------+---------+---------+
       Grand Total:                   1424   948       1132   


LINKER GENERATED COPY TABLES

__TI_cinit_table @ 00000944 records: 1, size/record: 8, table size: 8
	.vtable: load addr=00000938, load size=00000008 bytes, run addr=20000000, run size=0000026c bytes, compression=zero_init


LINKER GENERATED HANDLER TABLE

__TI_handler_table @ 00000940 records: 1, size/record: 4, table size: 4
	index: 0, handler: __TI_zero_init


GLOBAL SYMBOLS: SORTED ALPHABETICALLY BY Name 

address   name                          
-------   ----                          
00000801  C$$EXIT                       
000007b7  CPUcpsie                      
00000709  GPIODirModeSet                
000007e5  GPIOIntClear                  
000007c3  GPIOIntEnable                 
0000076d  GPIOIntRegister               
000007a9  GPIOIntStatus                 
0000059d  GPIOIntTypeSet                
00000485  GPIOPadConfigSet              
000007eb  GPIOPinRead                   
00000785  GPIOPinTypeGPIOInput          
00000797  GPIOPinTypeGPIOOutput         
000007f1  GPIOPinWrite                  
000002e1  GPIOPortFIntHandler           
0000053d  IntEnable                     
000007db  IntMasterEnable               
00000639  IntRegister                   
000007cf  ResetISR                      
00000381  SysCtlClockSet                
000007f7  SysCtlDelay                   
0000066d  SysCtlPeripheralEnable        
000006a1  SysCtlPeripheralReady         
20000470  __STACK_END                   
00000200  __STACK_SIZE                  
20000470  __STACK_TOP                   
00000944  __TI_CINIT_Base               
0000094c  __TI_CINIT_Limit              
00000940  __TI_Handler_Table_Base       
00000944  __TI_Handler_Table_Limit      
000005f5  __TI_auto_init_nobinit_nopinit
ffffffff  __TI_pprof_out_hndl           
ffffffff  __TI_prof_data_size           
ffffffff  __TI_prof_data_start          
00000000  __TI_static_base__            
00000751  __TI_zero_init_nomemset       
ffffffff  __binit__                     
ffffffff  __c_args__                    
UNDEFED   __mpu_init                    
20000270  __stack                       
20000000  __start___llvm_prf_cnts       
20000000  __stop___llvm_prf_cnts        
000006d5  _c_int00_noargs               
UNDEFED   _system_post_cinit            
000007fd  _system_pre_init              
00000801  abort                         
ffffffff  binit                         
20000000  g_pfnRAMVectors               
00000000  g_pfnVectors                  
00000271  main                          


GLOBAL SYMBOLS: SORTED BY Symbol Address 

address   name                          
-------   ----                          
00000000  __TI_static_base__            
00000000  g_pfnVectors                  
00000200  __STACK_SIZE                  
00000271  main                          
000002e1  GPIOPortFIntHandler           
00000381  SysCtlClockSet                
00000485  GPIOPadConfigSet              
0000053d  IntEnable                     
0000059d  GPIOIntTypeSet                
000005f5  __TI_auto_init_nobinit_nopinit
00000639  IntRegister                   
0000066d  SysCtlPeripheralEnable        
000006a1  SysCtlPeripheralReady         
000006d5  _c_int00_noargs               
00000709  GPIODirModeSet                
00000751  __TI_zero_init_nomemset       
0000076d  GPIOIntRegister               
00000785  GPIOPinTypeGPIOInput          
00000797  GPIOPinTypeGPIOOutput         
000007a9  GPIOIntStatus                 
000007b7  CPUcpsie                      
000007c3  GPIOIntEnable                 
000007cf  ResetISR                      
000007db  IntMasterEnable               
000007e5  GPIOIntClear                  
000007eb  GPIOPinRead                   
000007f1  GPIOPinWrite                  
000007f7  SysCtlDelay                   
000007fd  _system_pre_init              
00000801  C$$EXIT                       
00000801  abort                         
00000940  __TI_Handler_Table_Base       
00000944  __TI_CINIT_Base               
00000944  __TI_Handler_Table_Limit      
0000094c  __TI_CINIT_Limit              
20000000  __start___llvm_prf_cnts       
20000000  __stop___llvm_prf_cnts        
20000000  g_pfnRAMVectors               
20000270  __stack                       
20000470  __STACK_END                   
20000470  __STACK_TOP                   
ffffffff  __TI_pprof_out_hndl           
ffffffff  __TI_prof_data_size           
ffffffff  __TI_prof_data_start          
ffffffff  __binit__                     
ffffffff  __c_args__                    
ffffffff  binit                         
UNDEFED   __mpu_init                    
UNDEFED   _system_post_cinit            

[49 symbols]
