******************************************************************************
                  TI ARM Linker PC v20.2.7                     
******************************************************************************
>> Linked Wed Nov 20 07:14:48 2024

OUTPUT FILE NAME:   <week_7.out>
ENTRY POINT SYMBOL: "_c_int00_noinit_noargs"  address: 0000060d


MEMORY CONFIGURATION

         name            origin    length      used     unused   attr    fill
----------------------  --------  ---------  --------  --------  ----  --------
  FLASH                 00000000   00040000  000007b8  0003f848  R  X
  SRAM                  20000000   00008000  00000200  00007e00  RW X


SEGMENT ALLOCATION MAP

run origin  load origin   length   init length attrs members
----------  ----------- ---------- ----------- ----- -------
00000000    00000000    000007b8   000007b8    r-x
  00000000    00000000    0000026c   0000026c    r-- .intvecs
  0000026c    0000026c    00000470   00000470    r-x .text
  000006dc    000006dc    000000dc   000000dc    r-- .const
20000000    20000000    00000200   00000000    rw-
  20000000    20000000    00000200   00000000    rw- .stack


SECTION ALLOCATION MAP

 output                                  attributes/
section   page    origin      length       input sections
--------  ----  ----------  ----------   ----------------
.intvecs   0    00000000    0000026c     
                  00000000    0000026c     tm4c123gh6pm_startup_ccs.obj (.intvecs)

.text      0    0000026c    00000470     
                  0000026c    00000104     driverlib.lib : sysctl.obj (.text:SysCtlClockSet)
                  00000370    000000c4                   : sysctl.obj (.text:SysCtlClockGet)
                  00000434    000000b8                   : gpio.obj (.text:GPIOPadConfigSet)
                  000004ec    0000008c     main.obj (.text)
                  00000578    00000060     driverlib.lib : interrupt.obj (.text:IntEnable)
                  000005d8    00000034                   : sysctl.obj (.text:SysCtlPeripheralEnable)
                  0000060c    0000002c     rtsv7M4_T_le_v4SPD16_eabi.lib : boot_cortex_m.c.obj (.text:_c_int00_noinit_noargs:_c_int00_noinit_noargs)
                  00000638    0000002a     driverlib.lib : gpio.obj (.text:GPIODirModeSet)
                  00000662    00000012                   : gpio.obj (.text:GPIOPinTypeGPIOOutput)
                  00000674    00000012                   : timer.obj (.text:TimerLoadSet)
                  00000686    0000000e                   : timer.obj (.text:TimerEnable)
                  00000694    0000000c                   : cpu.obj (.text:CPUcpsie)
                  000006a0    0000000c     tm4c123gh6pm_startup_ccs.obj (.text)
                  000006ac    0000000a     driverlib.lib : interrupt.obj (.text:IntMasterEnable)
                  000006b6    00000008                   : timer.obj (.text:TimerIntEnable)
                  000006be    00000006                   : gpio.obj (.text:GPIOPinRead)
                  000006c4    00000006                   : gpio.obj (.text:GPIOPinWrite)
                  000006ca    00000006                   : sysctl.obj (.text:SysCtlDelay)
                  000006d0    00000004                   : timer.obj (.text:TimerIntClear)
                  000006d4    00000004     rtsv7M4_T_le_v4SPD16_eabi.lib : pre_init.c.obj (.text:_system_pre_init)
                  000006d8    00000004                                   : exit.c.obj (.text:abort:abort)

.const     0    000006dc    000000dc     
                  000006dc    00000070     driverlib.lib : interrupt.obj (.const)
                  0000074c    0000006c                   : sysctl.obj (.const:g_pui32Xtals)

.cinit     0    00000000    00000000     UNINITIALIZED

.init_array 
*          0    00000000    00000000     UNINITIALIZED

.stack     0    20000000    00000200     UNINITIALIZED
                  20000000    00000004     rtsv7M4_T_le_v4SPD16_eabi.lib : boot_cortex_m.c.obj (.stack)
                  20000004    000001fc     --HOLE--

__llvm_prf_cnts 
*          0    20000000    00000000     UNINITIALIZED

MODULE SUMMARY

       Module                         code   ro data   rw data
       ------                         ----   -------   -------
    .\
       tm4c123gh6pm_startup_ccs.obj   12     620       0      
       main.obj                       140    0         0      
    +--+------------------------------+------+---------+---------+
       Total:                         152    620       0      
                                                              
    C:/ti/TivaWare_C_Series-1.1/driverlib/ccs/Debug/driverlib.lib
       sysctl.obj                     514    108       0      
       gpio.obj                       256    0         0      
       interrupt.obj                  106    112       0      
       timer.obj                      44     0         0      
       cpu.obj                        12     0         0      
    +--+------------------------------+------+---------+---------+
       Total:                         932    220       0      
                                                              
    C:\ti\ccs1250\ccs\tools\compiler\ti-cgt-arm_20.2.7.LTS\lib\rtsv7M4_T_le_v4SPD16_eabi.lib
       boot_cortex_m.c.obj            44     0         0      
       exit.c.obj                     4      0         0      
       pre_init.c.obj                 4      0         0      
    +--+------------------------------+------+---------+---------+
       Total:                         52     0         0      
                                                              
       Stack:                         0      0         512    
    +--+------------------------------+------+---------+---------+
       Grand Total:                   1136   840       512    


GLOBAL SYMBOLS: SORTED ALPHABETICALLY BY Name 

address   name                   
-------   ----                   
000006d9  C$$EXIT                
00000695  CPUcpsie               
00000639  GPIODirModeSet         
00000435  GPIOPadConfigSet       
000006bf  GPIOPinRead            
00000663  GPIOPinTypeGPIOOutput  
000006c5  GPIOPinWrite           
00000579  IntEnable              
000006ad  IntMasterEnable        
000006a1  ResetISR               
00000371  SysCtlClockGet         
0000026d  SysCtlClockSet         
000006cb  SysCtlDelay            
000005d9  SysCtlPeripheralEnable 
00000539  Timer0IntHandler       
00000687  TimerEnable            
000006d1  TimerIntClear          
000006b7  TimerIntEnable         
00000675  TimerLoadSet           
20000200  __STACK_END            
00000200  __STACK_SIZE           
20000200  __STACK_TOP            
ffffffff  __TI_pprof_out_hndl    
ffffffff  __TI_prof_data_size    
ffffffff  __TI_prof_data_start   
00000000  __TI_static_base__     
ffffffff  __binit__              
ffffffff  __c_args__             
UNDEFED   __mpu_init             
20000000  __stack                
20000000  __start___llvm_prf_cnts
20000000  __stop___llvm_prf_cnts 
0000060d  _c_int00_noinit_noargs 
000006d5  _system_pre_init       
000006d9  abort                  
ffffffff  binit                  
00000000  g_pfnVectors           
000004ed  main                   


GLOBAL SYMBOLS: SORTED BY Symbol Address 

address   name                   
-------   ----                   
00000000  __TI_static_base__     
00000000  g_pfnVectors           
00000200  __STACK_SIZE           
0000026d  SysCtlClockSet         
00000371  SysCtlClockGet         
00000435  GPIOPadConfigSet       
000004ed  main                   
00000539  Timer0IntHandler       
00000579  IntEnable              
000005d9  SysCtlPeripheralEnable 
0000060d  _c_int00_noinit_noargs 
00000639  GPIODirModeSet         
00000663  GPIOPinTypeGPIOOutput  
00000675  TimerLoadSet           
00000687  TimerEnable            
00000695  CPUcpsie               
000006a1  ResetISR               
000006ad  IntMasterEnable        
000006b7  TimerIntEnable         
000006bf  GPIOPinRead            
000006c5  GPIOPinWrite           
000006cb  SysCtlDelay            
000006d1  TimerIntClear          
000006d5  _system_pre_init       
000006d9  C$$EXIT                
000006d9  abort                  
20000000  __stack                
20000000  __start___llvm_prf_cnts
20000000  __stop___llvm_prf_cnts 
20000200  __STACK_END            
20000200  __STACK_TOP            
ffffffff  __TI_pprof_out_hndl    
ffffffff  __TI_prof_data_size    
ffffffff  __TI_prof_data_start   
ffffffff  __binit__              
ffffffff  __c_args__             
ffffffff  binit                  
UNDEFED   __mpu_init             

[38 symbols]
